[    0.000000] Initializing cgroup subsys cpuset
[    0.000000] Initializing cgroup subsys cpu
[    0.000000] Linux version 2.6.32-21-generic (buildd@rothera) (gcc version 4.4.3 (Ubuntu 4.4.3-4ubuntu5) ) #32-Ubuntu SMP Fri Apr 16 08:10:02 UTC 2010 (Ubuntu 2.6.32-21.32-generic 2.6.32.11+drm33.2)
[    0.000000] KERNEL supported cpus:
[    0.000000]   Intel GenuineIntel
[    0.000000]   AMD AuthenticAMD
[    0.000000]   NSC Geode by NSC
[    0.000000]   Cyrix CyrixInstead
[    0.000000]   Centaur CentaurHauls
[    0.000000]   Transmeta GenuineTMx86
[    0.000000]   Transmeta TransmetaCPU
[    0.000000]   UMC UMC UMC UMC
[    0.000000] BIOS-provided physical RAM map:
[    0.000000]  BIOS-e820: 0000000000000000 - 000000000009ec00 (usable)
[    0.000000]  BIOS-e820: 000000000009ec00 - 00000000000a0000 (reserved)
[    0.000000]  BIOS-e820: 00000000000ca000 - 00000000000cc000 (reserved)
[    0.000000]  BIOS-e820: 00000000000dc000 - 0000000000100000 (reserved)
[    0.000000]  BIOS-e820: 0000000000100000 - 000000001fee0000 (usable)
[    0.000000]  BIOS-e820: 000000001fee0000 - 000000001feff000 (ACPI data)
[    0.000000]  BIOS-e820: 000000001feff000 - 000000001ff00000 (ACPI NVS)
[    0.000000]  BIOS-e820: 000000001ff00000 - 0000000020000000 (usable)
[    0.000000]  BIOS-e820: 00000000f0000000 - 00000000f8000000 (reserved)
[    0.000000]  BIOS-e820: 00000000fec00000 - 00000000fec10000 (reserved)
[    0.000000]  BIOS-e820: 00000000fee00000 - 00000000fee01000 (reserved)
[    0.000000]  BIOS-e820: 00000000fffe0000 - 0000000100000000 (reserved)
[    0.000000] DMI present.
[    0.000000] Phoenix BIOS detected: BIOS may corrupt low RAM, working around it.
[    0.000000] e820 update range: 0000000000000000 - 0000000000010000 (usable) ==> (reserved)
[    0.000000] last_pfn = 0x20000 max_arch_pfn = 0x100000
[    0.000000] MTRR default type: uncachable
[    0.000000] MTRR fixed ranges enabled:
[    0.000000]   00000-9FFFF write-back
[    0.000000]   A0000-BFFFF uncachable
[    0.000000]   C0000-CFFFF write-protect
[    0.000000]   D0000-EFFFF uncachable
[    0.000000]   F0000-FFFFF write-protect
[    0.000000] MTRR variable ranges enabled:
[    0.000000]   0 base 0000000000 mask FFE0000000 write-back
[    0.000000]   1 disabled
[    0.000000]   2 disabled
[    0.000000]   3 disabled
[    0.000000]   4 disabled
[    0.000000]   5 disabled
[    0.000000]   6 disabled
[    0.000000]   7 disabled
[    0.000000] x86 PAT enabled: cpu 0, old 0x0, new 0x7010600070106
[    0.000000] Scanning 0 areas for low memory corruption
[    0.000000] modified physical RAM map:
[    0.000000]  modified: 0000000000000000 - 0000000000010000 (reserved)
[    0.000000]  modified: 0000000000010000 - 000000000009ec00 (usable)
[    0.000000]  modified: 000000000009ec00 - 00000000000a0000 (reserved)
[    0.000000]  modified: 00000000000ca000 - 00000000000cc000 (reserved)
[    0.000000]  modified: 00000000000dc000 - 0000000000100000 (reserved)
[    0.000000]  modified: 0000000000100000 - 000000001fee0000 (usable)
[    0.000000]  modified: 000000001fee0000 - 000000001feff000 (ACPI data)
[    0.000000]  modified: 000000001feff000 - 000000001ff00000 (ACPI NVS)
[    0.000000]  modified: 000000001ff00000 - 0000000020000000 (usable)
[    0.000000]  modified: 00000000f0000000 - 00000000f8000000 (reserved)
[    0.000000]  modified: 00000000fec00000 - 00000000fec10000 (reserved)
[    0.000000]  modified: 00000000fee00000 - 00000000fee01000 (reserved)
[    0.000000]  modified: 00000000fffe0000 - 0000000100000000 (reserved)
[    0.000000] initial memory mapped : 0 - 00c00000
[    0.000000] init_memory_mapping: 0000000000000000-0000000020000000
[    0.000000] Using x86 segment limits to approximate NX protection
[    0.000000]  0000000000 - 0000400000 page 4k
[    0.000000]  0000400000 - 0020000000 page 2M
[    0.000000] kernel direct mapping tables up to 20000000 @ 10000-14000
[    0.000000] RAMDISK: 177c7000 - 17f673ba
[    0.000000] ACPI: RSDP 000f6b80 00024 (v02 PTLTD )
[    0.000000] ACPI: XSDT 1feee56b 0005C (v01 INTEL  440BX    06040000 VMW  01324272)
[    0.000000] ACPI: FACP 1fefee73 000F4 (v04 INTEL  440BX    06040000 PTL  000F4240)
[    0.000000] ACPI: DSDT 1feeef85 0FEEE (v01 PTLTD  Custom   06040000 MSFT 03000001)
[    0.000000] ACPI: FACS 1fefffc0 00040
[    0.000000] ACPI: BOOT 1feeef5d 00028 (v01 PTLTD  $SBFTBL$ 06040000  LTP 00000001)
[    0.000000] ACPI: APIC 1feeeb9b 003C2 (v01 PTLTD  ? APIC   06040000  LTP 00000000)
[    0.000000] ACPI: MCFG 1feeeb5f 0003C (v01 PTLTD  $PCITBL$ 06040000  LTP 00000001)
[    0.000000] ACPI: SRAT 1feee667 004F8 (v02 VMWARE MEMPLUG  06040000 VMW  00000001)
[    0.000000] ACPI: HPET 1feee62f 00038 (v01 VMWARE VMW HPET 06040000 VMW  00000001)
[    0.000000] ACPI: WAET 1feee607 00028 (v01 VMWARE VMW WAET 06040000 VMW  00000001)
[    0.000000] ACPI: Local APIC address 0xfee00000
[    0.000000] 0MB HIGHMEM available.
[    0.000000] 512MB LOWMEM available.
[    0.000000]   mapped low ram: 0 - 20000000
[    0.000000]   low ram: 0 - 20000000
[    0.000000]   node 0 low ram: 00000000 - 20000000
[    0.000000]   node 0 bootmap 00010000 - 00014000
[    0.000000] (8 early reservations) ==> bootmem [0000000000 - 0020000000]
[    0.000000]   #0 [0000000000 - 0000001000]   BIOS data page ==> [0000000000 - 0000001000]
[    0.000000]   #1 [0000001000 - 0000002000]    EX TRAMPOLINE ==> [0000001000 - 0000002000]
[    0.000000]   #2 [0000006000 - 0000007000]       TRAMPOLINE ==> [0000006000 - 0000007000]
[    0.000000]   #3 [0000100000 - 00008d9e98]    TEXT DATA BSS ==> [0000100000 - 00008d9e98]
[    0.000000]   #4 [00177c7000 - 0017f673ba]          RAMDISK ==> [00177c7000 - 0017f673ba]
[    0.000000]   #5 [000009ec00 - 0000100000]    BIOS reserved ==> [000009ec00 - 0000100000]
[    0.000000]   #6 [00008da000 - 00008dd1c0]              BRK ==> [00008da000 - 00008dd1c0]
[    0.000000]   #7 [0000010000 - 0000014000]          BOOTMAP ==> [0000010000 - 0000014000]
[    0.000000] found SMP MP-table at [c00f6bf0] f6bf0
[    0.000000] Zone PFN ranges:
[    0.000000]   DMA      0x00000010 -> 0x00001000
[    0.000000]   Normal   0x00001000 -> 0x00020000
[    0.000000]   HighMem  0x00020000 -> 0x00020000
[    0.000000] Movable zone start PFN for each node
[    0.000000] early_node_map[3] active PFN ranges
[    0.000000]     0: 0x00000010 -> 0x0000009e
[    0.000000]     0: 0x00000100 -> 0x0001fee0
[    0.000000]     0: 0x0001ff00 -> 0x00020000
[    0.000000] On node 0 totalpages: 130926
[    0.000000] free_area_init_node: node 0, pgdat c0798720, node_mem_map c1001200
[    0.000000]   DMA zone: 32 pages used for memmap
[    0.000000]   DMA zone: 0 pages reserved
[    0.000000]   DMA zone: 3950 pages, LIFO batch:0
[    0.000000]   Normal zone: 992 pages used for memmap
[    0.000000]   Normal zone: 125952 pages, LIFO batch:31
[    0.000000] Using APIC driver default
[    0.000000] ACPI: PM-Timer IO Port: 0x1008
[    0.000000] ACPI: Local APIC address 0xfee00000
[    0.000000] ACPI: LAPIC (acpi_id[0x00] lapic_id[0x00] enabled)
[    0.000000] ACPI: LAPIC (acpi_id[0x01] lapic_id[0x02] disabled)
[    0.000000] ACPI: LAPIC (acpi_id[0x02] lapic_id[0x04] disabled)
[    0.000000] ACPI: LAPIC (acpi_id[0x03] lapic_id[0x06] disabled)
[    0.000000] ACPI: LAPIC (acpi_id[0x04] lapic_id[0x08] disabled)
[    0.000000] ACPI: LAPIC (acpi_id[0x05] lapic_id[0x0a] disabled)
[    0.000000] ACPI: LAPIC (acpi_id[0x06] lapic_id[0x0c] disabled)
[    0.000000] ACPI: LAPIC (acpi_id[0x07] lapic_id[0x0e] disabled)
[    0.000000] ACPI: LAPIC (acpi_id[0x08] lapic_id[0x10] disabled)
[    0.000000] ACPI: LAPIC (acpi_id[0x09] lapic_id[0x12] disabled)
[    0.000000] ACPI: LAPIC (acpi_id[0x0a] lapic_id[0x14] disabled)
[    0.000000] ACPI: LAPIC (acpi_id[0x0b] lapic_id[0x16] disabled)
[    0.000000] ACPI: LAPIC (acpi_id[0x0c] lapic_id[0x18] disabled)
[    0.000000] ACPI: LAPIC (acpi_id[0x0d] lapic_id[0x1a] disabled)
[    0.000000] ACPI: LAPIC (acpi_id[0x0e] lapic_id[0x1c] disabled)
[    0.000000] ACPI: LAPIC (acpi_id[0x0f] lapic_id[0x1e] disabled)
[    0.000000] ACPI: LAPIC (acpi_id[0x10] lapic_id[0x20] disabled)
[    0.000000] ACPI: LAPIC (acpi_id[0x11] lapic_id[0x22] disabled)
[    0.000000] ACPI: LAPIC (acpi_id[0x12] lapic_id[0x24] disabled)
[    0.000000] ACPI: LAPIC (acpi_id[0x13] lapic_id[0x26] disabled)
[    0.000000] ACPI: LAPIC (acpi_id[0x14] lapic_id[0x28] disabled)
[    0.000000] ACPI: LAPIC (acpi_id[0x15] lapic_id[0x2a] disabled)
[    0.000000] ACPI: LAPIC (acpi_id[0x16] lapic_id[0x2c] disabled)
[    0.000000] ACPI: LAPIC (acpi_id[0x17] lapic_id[0x2e] disabled)
[    0.000000] ACPI: LAPIC (acpi_id[0x18] lapic_id[0x30] disabled)
[    0.000000] ACPI: LAPIC (acpi_id[0x19] lapic_id[0x32] disabled)
[    0.000000] ACPI: LAPIC (acpi_id[0x1a] lapic_id[0x34] disabled)
[    0.000000] ACPI: LAPIC (acpi_id[0x1b] lapic_id[0x36] disabled)
[    0.000000] ACPI: LAPIC (acpi_id[0x1c] lapic_id[0x38] disabled)
[    0.000000] ACPI: LAPIC (acpi_id[0x1d] lapic_id[0x3a] disabled)
[    0.000000] ACPI: LAPIC (acpi_id[0x1e] lapic_id[0x3c] disabled)
[    0.000000] ACPI: LAPIC (acpi_id[0x1f] lapic_id[0x3e] disabled)
[    0.000000] ACPI: LAPIC (acpi_id[0x20] lapic_id[0x40] disabled)
[    0.000000] ACPI: LAPIC (acpi_id[0x21] lapic_id[0x42] disabled)
[    0.000000] ACPI: LAPIC (acpi_id[0x22] lapic_id[0x44] disabled)
[    0.000000] ACPI: LAPIC (acpi_id[0x23] lapic_id[0x46] disabled)
[    0.000000] ACPI: LAPIC (acpi_id[0x24] lapic_id[0x48] disabled)
[    0.000000] ACPI: LAPIC (acpi_id[0x25] lapic_id[0x4a] disabled)
[    0.000000] ACPI: LAPIC (acpi_id[0x26] lapic_id[0x4c] disabled)
[    0.000000] ACPI: LAPIC (acpi_id[0x27] lapic_id[0x4e] disabled)
[    0.000000] ACPI: LAPIC (acpi_id[0x28] lapic_id[0x50] disabled)
[    0.000000] ACPI: LAPIC (acpi_id[0x29] lapic_id[0x52] disabled)
[    0.000000] ACPI: LAPIC (acpi_id[0x2a] lapic_id[0x54] disabled)
[    0.000000] ACPI: LAPIC (acpi_id[0x2b] lapic_id[0x56] disabled)
[    0.000000] ACPI: LAPIC (acpi_id[0x2c] lapic_id[0x58] disabled)
[    0.000000] ACPI: LAPIC (acpi_id[0x2d] lapic_id[0x5a] disabled)
[    0.000000] ACPI: LAPIC (acpi_id[0x2e] lapic_id[0x5c] disabled)
[    0.000000] ACPI: LAPIC (acpi_id[0x2f] lapic_id[0x5e] disabled)
[    0.000000] ACPI: LAPIC (acpi_id[0x30] lapic_id[0x60] disabled)
[    0.000000] ACPI: LAPIC (acpi_id[0x31] lapic_id[0x62] disabled)
[    0.000000] ACPI: LAPIC (acpi_id[0x32] lapic_id[0x64] disabled)
[    0.000000] ACPI: LAPIC (acpi_id[0x33] lapic_id[0x66] disabled)
[    0.000000] ACPI: LAPIC (acpi_id[0x34] lapic_id[0x68] disabled)
[    0.000000] ACPI: LAPIC (acpi_id[0x35] lapic_id[0x6a] disabled)
[    0.000000] ACPI: LAPIC (acpi_id[0x36] lapic_id[0x6c] disabled)
[    0.000000] ACPI: LAPIC (acpi_id[0x37] lapic_id[0x6e] disabled)
[    0.000000] ACPI: LAPIC (acpi_id[0x38] lapic_id[0x70] disabled)
[    0.000000] ACPI: LAPIC (acpi_id[0x39] lapic_id[0x72] disabled)
[    0.000000] ACPI: LAPIC (acpi_id[0x3a] lapic_id[0x74] disabled)
[    0.000000] ACPI: LAPIC (acpi_id[0x3b] lapic_id[0x76] disabled)
[    0.000000] ACPI: LAPIC (acpi_id[0x3c] lapic_id[0x78] disabled)
[    0.000000] ACPI: LAPIC (acpi_id[0x3d] lapic_id[0x7a] disabled)
[    0.000000] ACPI: LAPIC (acpi_id[0x3e] lapic_id[0x7c] disabled)
[    0.000000] ACPI: LAPIC (acpi_id[0x3f] lapic_id[0x7e] disabled)
[    0.000000] ACPI: LAPIC_NMI (acpi_id[0x00] high edge lint[0x1])
[    0.000000] ACPI: LAPIC_NMI (acpi_id[0x01] high edge lint[0x1])
[    0.000000] ACPI: LAPIC_NMI (acpi_id[0x02] high edge lint[0x1])
[    0.000000] ACPI: LAPIC_NMI (acpi_id[0x03] high edge lint[0x1])
[    0.000000] ACPI: LAPIC_NMI (acpi_id[0x04] high edge lint[0x1])
[    0.000000] ACPI: LAPIC_NMI (acpi_id[0x05] high edge lint[0x1])
[    0.000000] ACPI: LAPIC_NMI (acpi_id[0x06] high edge lint[0x1])
[    0.000000] ACPI: LAPIC_NMI (acpi_id[0x07] high edge lint[0x1])
[    0.000000] ACPI: LAPIC_NMI (acpi_id[0x08] high edge lint[0x1])
[    0.000000] ACPI: LAPIC_NMI (acpi_id[0x09] high edge lint[0x1])
[    0.000000] ACPI: LAPIC_NMI (acpi_id[0x0a] high edge lint[0x1])
[    0.000000] ACPI: LAPIC_NMI (acpi_id[0x0b] high edge lint[0x1])
[    0.000000] ACPI: LAPIC_NMI (acpi_id[0x0c] high edge lint[0x1])
[    0.000000] ACPI: LAPIC_NMI (acpi_id[0x0d] high edge lint[0x1])
[    0.000000] ACPI: LAPIC_NMI (acpi_id[0x0e] high edge lint[0x1])
[    0.000000] ACPI: LAPIC_NMI (acpi_id[0x0f] high edge lint[0x1])
[    0.000000] ACPI: LAPIC_NMI (acpi_id[0x10] high edge lint[0x1])
[    0.000000] ACPI: LAPIC_NMI (acpi_id[0x11] high edge lint[0x1])
[    0.000000] ACPI: LAPIC_NMI (acpi_id[0x12] high edge lint[0x1])
[    0.000000] ACPI: LAPIC_NMI (acpi_id[0x13] high edge lint[0x1])
[    0.000000] ACPI: LAPIC_NMI (acpi_id[0x14] high edge lint[0x1])
[    0.000000] ACPI: LAPIC_NMI (acpi_id[0x15] high edge lint[0x1])
[    0.000000] ACPI: LAPIC_NMI (acpi_id[0x16] high edge lint[0x1])
[    0.000000] ACPI: LAPIC_NMI (acpi_id[0x17] high edge lint[0x1])
[    0.000000] ACPI: LAPIC_NMI (acpi_id[0x18] high edge lint[0x1])
[    0.000000] ACPI: LAPIC_NMI (acpi_id[0x19] high edge lint[0x1])
[    0.000000] ACPI: LAPIC_NMI (acpi_id[0x1a] high edge lint[0x1])
[    0.000000] ACPI: LAPIC_NMI (acpi_id[0x1b] high edge lint[0x1])
[    0.000000] ACPI: LAPIC_NMI (acpi_id[0x1c] high edge lint[0x1])
[    0.000000] ACPI: LAPIC_NMI (acpi_id[0x1d] high edge lint[0x1])
[    0.000000] ACPI: LAPIC_NMI (acpi_id[0x1e] high edge lint[0x1])
[    0.000000] ACPI: LAPIC_NMI (acpi_id[0x1f] high edge lint[0x1])
[    0.000000] ACPI: LAPIC_NMI (acpi_id[0x20] high edge lint[0x1])
[    0.000000] ACPI: LAPIC_NMI (acpi_id[0x21] high edge lint[0x1])
[    0.000000] ACPI: LAPIC_NMI (acpi_id[0x22] high edge lint[0x1])
[    0.000000] ACPI: LAPIC_NMI (acpi_id[0x23] high edge lint[0x1])
[    0.000000] ACPI: LAPIC_NMI (acpi_id[0x24] high edge lint[0x1])
[    0.000000] ACPI: LAPIC_NMI (acpi_id[0x25] high edge lint[0x1])
[    0.000000] ACPI: LAPIC_NMI (acpi_id[0x26] high edge lint[0x1])
[    0.000000] ACPI: LAPIC_NMI (acpi_id[0x27] high edge lint[0x1])
[    0.000000] ACPI: LAPIC_NMI (acpi_id[0x28] high edge lint[0x1])
[    0.000000] ACPI: LAPIC_NMI (acpi_id[0x29] high edge lint[0x1])
[    0.000000] ACPI: LAPIC_NMI (acpi_id[0x2a] high edge lint[0x1])
[    0.000000] ACPI: LAPIC_NMI (acpi_id[0x2b] high edge lint[0x1])
[    0.000000] ACPI: LAPIC_NMI (acpi_id[0x2c] high edge lint[0x1])
[    0.000000] ACPI: LAPIC_NMI (acpi_id[0x2d] high edge lint[0x1])
[    0.000000] ACPI: LAPIC_NMI (acpi_id[0x2e] high edge lint[0x1])
[    0.000000] ACPI: LAPIC_NMI (acpi_id[0x2f] high edge lint[0x1])
[    0.000000] ACPI: LAPIC_NMI (acpi_id[0x30] high edge lint[0x1])
[    0.000000] ACPI: LAPIC_NMI (acpi_id[0x31] high edge lint[0x1])
[    0.000000] ACPI: LAPIC_NMI (acpi_id[0x32] high edge lint[0x1])
[    0.000000] ACPI: LAPIC_NMI (acpi_id[0x33] high edge lint[0x1])
[    0.000000] ACPI: LAPIC_NMI (acpi_id[0x34] high edge lint[0x1])
[    0.000000] ACPI: LAPIC_NMI (acpi_id[0x35] high edge lint[0x1])
[    0.000000] ACPI: LAPIC_NMI (acpi_id[0x36] high edge lint[0x1])
[    0.000000] ACPI: LAPIC_NMI (acpi_id[0x37] high edge lint[0x1])
[    0.000000] ACPI: LAPIC_NMI (acpi_id[0x38] high edge lint[0x1])
[    0.000000] ACPI: LAPIC_NMI (acpi_id[0x39] high edge lint[0x1])
[    0.000000] ACPI: LAPIC_NMI (acpi_id[0x3a] high edge lint[0x1])
[    0.000000] ACPI: LAPIC_NMI (acpi_id[0x3b] high edge lint[0x1])
[    0.000000] ACPI: LAPIC_NMI (acpi_id[0x3c] high edge lint[0x1])
[    0.000000] ACPI: LAPIC_NMI (acpi_id[0x3d] high edge lint[0x1])
[    0.000000] ACPI: LAPIC_NMI (acpi_id[0x3e] high edge lint[0x1])
[    0.000000] ACPI: LAPIC_NMI (acpi_id[0x3f] high edge lint[0x1])
[    0.000000] ACPI: IOAPIC (id[0x01] address[0xfec00000] gsi_base[0])
[    0.000000] IOAPIC[0]: apic_id 1, version 17, address 0xfec00000, GSI 0-23
[    0.000000] ACPI: INT_SRC_OVR (bus 0 bus_irq 0 global_irq 2 high edge)
[    0.000000] ACPI: IRQ0 used by override.
[    0.000000] ACPI: IRQ2 used by override.
[    0.000000] ACPI: IRQ9 used by override.
[    0.000000] Using ACPI (MADT) for SMP configuration information
[    0.000000] ACPI: HPET id: 0x8086af01 base: 0xfed00000
[    0.000000] 64 Processors exceeds NR_CPUS limit of 8
[    0.000000] SMP: Allowing 8 CPUs, 7 hotplug CPUs
[    0.000000] nr_irqs_gsi: 24
[    0.000000] PM: Registered nosave memory: 000000000009e000 - 000000000009f000
[    0.000000] PM: Registered nosave memory: 000000000009f000 - 00000000000a0000
[    0.000000] PM: Registered nosave memory: 00000000000a0000 - 00000000000ca000
[    0.000000] PM: Registered nosave memory: 00000000000ca000 - 00000000000cc000
[    0.000000] PM: Registered nosave memory: 00000000000cc000 - 00000000000dc000
[    0.000000] PM: Registered nosave memory: 00000000000dc000 - 0000000000100000
[    0.000000] PM: Registered nosave memory: 000000001fee0000 - 000000001feff000
[    0.000000] PM: Registered nosave memory: 000000001feff000 - 000000001ff00000
[    0.000000] Allocating PCI resources starting at 20000000 (gap: 20000000:d0000000)
[    0.000000] Booting paravirtualized kernel on bare hardware
[    0.000000] NR_CPUS:8 nr_cpumask_bits:8 nr_cpu_ids:8 nr_node_ids:1
[    0.000000] PERCPU: Embedded 14 pages/cpu @c1800000 s36024 r0 d21320 u524288
[    0.000000] pcpu-alloc: s36024 r0 d21320 u524288 alloc=1*4194304
[    0.000000] pcpu-alloc: [0] 0 1 2 3 4 5 6 7 
[    0.000000] Built 1 zonelists in Zone order, mobility grouping on.  Total pages: 129902
[    0.000000] Kernel command line: BOOT_IMAGE=/boot/vmlinuz-2.6.32-21-generic root=UUID=324ae4e0-5d72-4d3a-93c6-ca646039a69c ro quiet splash
[    0.000000] PID hash table entries: 2048 (order: 1, 8192 bytes)
[    0.000000] Dentry cache hash table entries: 65536 (order: 6, 262144 bytes)
[    0.000000] Inode-cache hash table entries: 32768 (order: 5, 131072 bytes)
[    0.000000] Enabling fast FPU save and restore... done.
[    0.000000] Enabling unmasked SIMD FPU exception support... done.
[    0.000000] Initializing CPU#0
[    0.000000] xsave/xrstor: enabled xstate_bv 0x3, cntxt size 0x240
[    0.000000] allocated 2621120 bytes of page_cgroup
[    0.000000] please try 'cgroup_disable=memory' option if you don't want memory cgroups
[    0.000000] Initializing HighMem for node 0 (00000000:00000000)
[    0.000000] Memory: 499624k/524288k available (4673k kernel code, 23408k reserved, 2122k data, 656k init, 0k highmem)
[    0.000000] virtual kernel memory layout:
[    0.000000]     fixmap  : 0xfff1d000 - 0xfffff000   ( 904 kB)
[    0.000000]     pkmap   : 0xff800000 - 0xffc00000   (4096 kB)
[    0.000000]     vmalloc : 0xe0800000 - 0xff7fe000   ( 495 MB)
[    0.000000]     lowmem  : 0xc0000000 - 0xe0000000   ( 512 MB)
[    0.000000]       .init : 0xc07a3000 - 0xc0847000   ( 656 kB)
[    0.000000]       .data : 0xc0590613 - 0xc07a2e48   (2122 kB)
[    0.000000]       .text : 0xc0100000 - 0xc0590613   (4673 kB)
[    0.000000] Checking if this processor honours the WP bit even in supervisor mode...Ok.
[    0.000000] SLUB: Genslabs=13, HWalign=64, Order=0-3, MinObjects=0, CPUs=8, Nodes=1
[    0.000000] Hierarchical RCU implementation.
[    0.000000] NR_IRQS:2304 nr_irqs:472
[    0.000000] Extended CMOS year: 2000
[    0.000000] Console: colour VGA+ 80x25
[    0.000000] console [tty0] enabled
[    0.000000] hpet clockevent registered
[    0.000000] HPET: 16 timers in total, 0 timers will be used for per-cpu timer
[    0.000000] TSC freq read from hypervisor : 2926.059 MHz
[    0.000000] Detected 2926.059 MHz processor.
[    0.000008] Calibrating delay loop (skipped), value calculated using timer frequency.. 5852.11 BogoMIPS (lpj=11704236)
[    0.000034] Security Framework initialized
[    0.000088] AppArmor: AppArmor initialized
[    0.000099] Mount-cache hash table entries: 512
[    0.001032] Initializing cgroup subsys ns
[    0.001056] Initializing cgroup subsys cpuacct
[    0.001062] Initializing cgroup subsys memory
[    0.001071] Initializing cgroup subsys devices
[    0.001075] Initializing cgroup subsys freezer
[    0.001081] Initializing cgroup subsys net_cls
[    0.001137] CPU: Physical Processor ID: 0
[    0.001145] CPU: L1 I cache: 32K, L1 D cache: 32K
[    0.001147] CPU: L2 cache: 3072K
[    0.001158] mce: CPU supports 0 MCE banks
[    0.001213] Performance Events: no PMU driver, software events only.
[    0.001278] Checking 'hlt' instruction... OK.
[    0.022106] SMP alternatives: switching to UP code
[    0.101089] ACPI: Core revision 20090903
[    0.116267] ftrace: converting mcount calls to 0f 1f 44 00 00
[    0.116297] ftrace: allocating 21771 entries in 43 pages
[    0.147158] Not enabling x2apic, Intr-remapping init failed.
[    0.147162] Enabling APIC mode:  Flat.  Using 1 I/O APICs
[    0.148013] ..TIMER: vector=0x30 apic1=0 pin1=2 apic2=-1 pin2=-1
[    0.187600] CPU0: Intel(R) Core(TM)2 Duo CPU     E7500  @ 2.93GHz stepping 0a
[    0.291387] APIC calibration not consistent with PM-Timer: 96ms instead of 100ms
[    0.291391] APIC delta adjusted to PM-Timer: 413219 (400787)
[    0.293575] Brought up 1 CPUs
[    0.293578] Total of 1 processors activated (5852.11 BogoMIPS).
[    0.293811] CPU0 attaching NULL sched-domain.
[    0.294111] devtmpfs: initialized
[    0.294655] regulator: core version 0.5
[    0.294735] Time:  8:32:04  Date: 01/06/15
[    0.294866] NET: Registered protocol family 16
[    0.295040] EISA bus registered
[    0.295050] ACPI: bus type pci registered
[    0.295258] PCI: MCFG configuration 0: base f0000000 segment 0 buses 0 - 127
[    0.295261] PCI: MCFG area at f0000000 reserved in E820
[    0.295262] PCI: Using MMCONFIG for extended config space
[    0.295263] PCI: Using configuration type 1 for base access
[    0.296473] bio: create slab <bio-0> at 0
[    0.299058] ACPI: EC: Look up EC in DSDT
[    0.368245] ACPI: BIOS _OSI(Linux) query ignored
[    0.374280] ACPI: Interpreter enabled
[    0.374288] ACPI: (supports S0 S1 S4 S5)
[    0.374302] ACPI: Using IOAPIC for interrupt routing
[    0.533488] ACPI: No dock devices found.
[    0.534663] ACPI: PCI Root Bridge [PCI0] (0000:00)
[    0.536290] pci 0000:00:07.1: reg 20 io port: [0x1060-0x106f]
[    0.536787] pci 0000:00:07.3: quirk: region 1000-103f claimed by PIIX4 ACPI
[    0.536799] pci 0000:00:07.3: quirk: region 1040-104f claimed by PIIX4 SMB
[    0.537392] pci 0000:00:07.7: reg 10 io port: [0x1080-0x10bf]
[    0.537815] pci 0000:00:07.7: reg 14 64bit mmio: [0xfebfe000-0xfebfffff]
[    0.539014] pci 0000:00:0f.0: reg 10 io port: [0x1070-0x107f]
[    0.539053] pci 0000:00:0f.0: reg 14 32bit mmio pref: [0xe8000000-0xefffffff]
[    0.539090] pci 0000:00:0f.0: reg 18 32bit mmio: [0xfe000000-0xfe7fffff]
[    0.539229] pci 0000:00:0f.0: reg 30 32bit mmio pref: [0x000000-0x007fff]
[    0.541622] pci 0000:00:10.0: reg 10 io port: [0x1400-0x14ff]
[    0.542587] pci 0000:00:10.0: reg 14 64bit mmio: [0xfeba0000-0xfebbffff]
[    0.544308] pci 0000:00:10.0: reg 1c 64bit mmio: [0xfebc0000-0xfebdffff]
[    0.544437] pci 0000:00:10.0: reg 30 32bit mmio pref: [0x000000-0x003fff]
[    0.545970] pci 0000:00:15.0: PME# supported from D0 D3hot D3cold
[    0.546001] pci 0000:00:15.0: PME# disabled
[    0.546672] pci 0000:00:15.1: PME# supported from D0 D3hot D3cold
[    0.546699] pci 0000:00:15.1: PME# disabled
[    0.547743] pci 0000:00:15.2: PME# supported from D0 D3hot D3cold
[    0.547818] pci 0000:00:15.2: PME# disabled
[    0.550491] pci 0000:00:15.3: PME# supported from D0 D3hot D3cold
[    0.550516] pci 0000:00:15.3: PME# disabled
[    0.551500] pci 0000:00:15.4: PME# supported from D0 D3hot D3cold
[    0.551521] pci 0000:00:15.4: PME# disabled
[    0.552328] pci 0000:00:15.5: PME# supported from D0 D3hot D3cold
[    0.552348] pci 0000:00:15.5: PME# disabled
[    0.553198] pci 0000:00:15.6: PME# supported from D0 D3hot D3cold
[    0.553232] pci 0000:00:15.6: PME# disabled
[    0.555009] pci 0000:00:15.7: PME# supported from D0 D3hot D3cold
[    0.555031] pci 0000:00:15.7: PME# disabled
[    0.555693] pci 0000:00:16.0: PME# supported from D0 D3hot D3cold
[    0.555713] pci 0000:00:16.0: PME# disabled
[    0.556353] pci 0000:00:16.1: PME# supported from D0 D3hot D3cold
[    0.556373] pci 0000:00:16.1: PME# disabled
[    0.557030] pci 0000:00:16.2: PME# supported from D0 D3hot D3cold
[    0.557049] pci 0000:00:16.2: PME# disabled
[    0.557693] pci 0000:00:16.3: PME# supported from D0 D3hot D3cold
[    0.557712] pci 0000:00:16.3: PME# disabled
[    0.558423] pci 0000:00:16.4: PME# supported from D0 D3hot D3cold
[    0.558443] pci 0000:00:16.4: PME# disabled
[    0.559081] pci 0000:00:16.5: PME# supported from D0 D3hot D3cold
[    0.559100] pci 0000:00:16.5: PME# disabled
[    0.559741] pci 0000:00:16.6: PME# supported from D0 D3hot D3cold
[    0.559761] pci 0000:00:16.6: PME# disabled
[    0.564838] pci 0000:00:16.7: PME# supported from D0 D3hot D3cold
[    0.564859] pci 0000:00:16.7: PME# disabled
[    0.565952] pci 0000:00:17.0: PME# supported from D0 D3hot D3cold
[    0.565972] pci 0000:00:17.0: PME# disabled
[    0.567125] pci 0000:00:17.1: PME# supported from D0 D3hot D3cold
[    0.567146] pci 0000:00:17.1: PME# disabled
[    0.569817] pci 0000:00:17.2: PME# supported from D0 D3hot D3cold
[    0.569838] pci 0000:00:17.2: PME# disabled
[    0.570962] pci 0000:00:17.3: PME# supported from D0 D3hot D3cold
[    0.570982] pci 0000:00:17.3: PME# disabled
[    0.571764] pci 0000:00:17.4: PME# supported from D0 D3hot D3cold
[    0.571784] pci 0000:00:17.4: PME# disabled
[    0.572437] pci 0000:00:17.5: PME# supported from D0 D3hot D3cold
[    0.572457] pci 0000:00:17.5: PME# disabled
[    0.573117] pci 0000:00:17.6: PME# supported from D0 D3hot D3cold
[    0.573137] pci 0000:00:17.6: PME# disabled
[    0.573781] pci 0000:00:17.7: PME# supported from D0 D3hot D3cold
[    0.573801] pci 0000:00:17.7: PME# disabled
[    0.574444] pci 0000:00:18.0: PME# supported from D0 D3hot D3cold
[    0.574464] pci 0000:00:18.0: PME# disabled
[    0.575100] pci 0000:00:18.1: PME# supported from D0 D3hot D3cold
[    0.575119] pci 0000:00:18.1: PME# disabled
[    0.575762] pci 0000:00:18.2: PME# supported from D0 D3hot D3cold
[    0.575781] pci 0000:00:18.2: PME# disabled
[    0.576730] pci 0000:00:18.3: PME# supported from D0 D3hot D3cold
[    0.576797] pci 0000:00:18.3: PME# disabled
[    0.577633] pci 0000:00:18.4: PME# supported from D0 D3hot D3cold
[    0.577679] pci 0000:00:18.4: PME# disabled
[    0.579105] pci 0000:00:18.5: PME# supported from D0 D3hot D3cold
[    0.579130] pci 0000:00:18.5: PME# disabled
[    0.580315] pci 0000:00:18.6: PME# supported from D0 D3hot D3cold
[    0.580335] pci 0000:00:18.6: PME# disabled
[    0.580995] pci 0000:00:18.7: PME# supported from D0 D3hot D3cold
[    0.581014] pci 0000:00:18.7: PME# disabled
[    0.582267] pci 0000:02:00.0: reg 20 io port: [0x20c0-0x20df]
[    0.582818] pci 0000:02:01.0: reg 10 io port: [0x2000-0x207f]
[    0.583024] pci 0000:02:01.0: reg 30 32bit mmio pref: [0x000000-0x00ffff]
[    0.583750] pci 0000:02:02.0: reg 10 io port: [0x2080-0x20bf]
[    0.584586] pci 0000:02:03.0: reg 10 32bit mmio: [0xfd5ff000-0xfd5fffff]
[    0.585525] pci 0000:02:05.0: reg 24 32bit mmio: [0xfd5fe000-0xfd5fefff]
[    0.585564] pci 0000:02:05.0: reg 30 32bit mmio pref: [0x000000-0x00ffff]
[    0.585757] pci 0000:02:05.0: PME# supported from D3hot
[    0.585778] pci 0000:02:05.0: PME# disabled
[    0.586186] pci 0000:00:11.0: transparent bridge
[    0.586207] pci 0000:00:11.0: bridge io port: [0x2000-0x3fff]
[    0.586227] pci 0000:00:11.0: bridge 32bit mmio: [0xfd500000-0xfdffffff]
[    0.586264] pci 0000:00:11.0: bridge 64bit mmio pref: [0xe7b00000-0xe7ffffff]
[    0.586775] pci 0000:00:15.0: bridge io port: [0x4000-0x4fff]
[    0.586796] pci 0000:00:15.0: bridge 32bit mmio: [0xfd400000-0xfd4fffff]
[    0.586862] pci 0000:00:15.0: bridge 64bit mmio pref: [0xe7a00000-0xe7afffff]
[    0.587244] pci 0000:00:15.1: bridge io port: [0x8000-0x8fff]
[    0.587265] pci 0000:00:15.1: bridge 32bit mmio: [0xfd000000-0xfd0fffff]
[    0.587302] pci 0000:00:15.1: bridge 64bit mmio pref: [0xe7600000-0xe76fffff]
[    0.587673] pci 0000:00:15.2: bridge io port: [0xc000-0xcfff]
[    0.587693] pci 0000:00:15.2: bridge 32bit mmio: [0xfcc00000-0xfccfffff]
[    0.587730] pci 0000:00:15.2: bridge 64bit mmio pref: [0xe7200000-0xe72fffff]
[    0.588116] pci 0000:00:15.3: bridge 32bit mmio: [0xfc800000-0xfc8fffff]
[    0.588160] pci 0000:00:15.3: bridge 64bit mmio pref: [0xe6e00000-0xe6efffff]
[    0.588566] pci 0000:00:15.4: bridge 32bit mmio: [0xfc400000-0xfc4fffff]
[    0.588603] pci 0000:00:15.4: bridge 64bit mmio pref: [0xe6a00000-0xe6afffff]
[    0.588996] pci 0000:00:15.5: bridge 32bit mmio: [0xfc000000-0xfc0fffff]
[    0.589033] pci 0000:00:15.5: bridge 64bit mmio pref: [0xe6600000-0xe66fffff]
[    0.589430] pci 0000:00:15.6: bridge 32bit mmio: [0xfbc00000-0xfbcfffff]
[    0.589467] pci 0000:00:15.6: bridge 64bit mmio pref: [0xe6200000-0xe62fffff]
[    0.589852] pci 0000:00:15.7: bridge 32bit mmio: [0xfb800000-0xfb8fffff]
[    0.589889] pci 0000:00:15.7: bridge 64bit mmio pref: [0xe5e00000-0xe5efffff]
[    0.590258] pci 0000:00:16.0: bridge io port: [0x5000-0x5fff]
[    0.590277] pci 0000:00:16.0: bridge 32bit mmio: [0xfd300000-0xfd3fffff]
[    0.590315] pci 0000:00:16.0: bridge 64bit mmio pref: [0xe7900000-0xe79fffff]
[    0.590682] pci 0000:00:16.1: bridge io port: [0x9000-0x9fff]
[    0.590702] pci 0000:00:16.1: bridge 32bit mmio: [0xfcf00000-0xfcffffff]
[    0.590740] pci 0000:00:16.1: bridge 64bit mmio pref: [0xe7500000-0xe75fffff]
[    0.591645] pci 0000:00:16.2: bridge io port: [0xd000-0xdfff]
[    0.591666] pci 0000:00:16.2: bridge 32bit mmio: [0xfcb00000-0xfcbfffff]
[    0.591704] pci 0000:00:16.2: bridge 64bit mmio pref: [0xe7100000-0xe71fffff]
[    0.592109] pci 0000:00:16.3: bridge 32bit mmio: [0xfc700000-0xfc7fffff]
[    0.592147] pci 0000:00:16.3: bridge 64bit mmio pref: [0xe6d00000-0xe6dfffff]
[    0.592553] pci 0000:00:16.4: bridge 32bit mmio: [0xfc300000-0xfc3fffff]
[    0.592590] pci 0000:00:16.4: bridge 64bit mmio pref: [0xe6900000-0xe69fffff]
[    0.592977] pci 0000:00:16.5: bridge 32bit mmio: [0xfbf00000-0xfbffffff]
[    0.593015] pci 0000:00:16.5: bridge 64bit mmio pref: [0xe6500000-0xe65fffff]
[    0.593569] pci 0000:00:16.6: bridge 32bit mmio: [0xfbb00000-0xfbbfffff]
[    0.594436] pci 0000:00:16.6: bridge 64bit mmio pref: [0xe6100000-0xe61fffff]
[    0.596763] pci 0000:00:16.7: bridge 32bit mmio: [0xfb700000-0xfb7fffff]
[    0.596887] pci 0000:00:16.7: bridge 64bit mmio pref: [0xe5d00000-0xe5dfffff]
[    0.599001] pci 0000:00:17.0: bridge io port: [0x6000-0x6fff]
[    0.599023] pci 0000:00:17.0: bridge 32bit mmio: [0xfd200000-0xfd2fffff]
[    0.599060] pci 0000:00:17.0: bridge 64bit mmio pref: [0xe7800000-0xe78fffff]
[    0.599459] pci 0000:00:17.1: bridge io port: [0xa000-0xafff]
[    0.599479] pci 0000:00:17.1: bridge 32bit mmio: [0xfce00000-0xfcefffff]
[    0.599516] pci 0000:00:17.1: bridge 64bit mmio pref: [0xe7400000-0xe74fffff]
[    0.599887] pci 0000:00:17.2: bridge io port: [0xe000-0xefff]
[    0.599907] pci 0000:00:17.2: bridge 32bit mmio: [0xfca00000-0xfcafffff]
[    0.599944] pci 0000:00:17.2: bridge 64bit mmio pref: [0xe7000000-0xe70fffff]
[    0.600338] pci 0000:00:17.3: bridge 32bit mmio: [0xfc600000-0xfc6fffff]
[    0.600376] pci 0000:00:17.3: bridge 64bit mmio pref: [0xe6c00000-0xe6cfffff]
[    0.600781] pci 0000:00:17.4: bridge 32bit mmio: [0xfc200000-0xfc2fffff]
[    0.600818] pci 0000:00:17.4: bridge 64bit mmio pref: [0xe6800000-0xe68fffff]
[    0.601212] pci 0000:00:17.5: bridge 32bit mmio: [0xfbe00000-0xfbefffff]
[    0.601260] pci 0000:00:17.5: bridge 64bit mmio pref: [0xe6400000-0xe64fffff]
[    0.601650] pci 0000:00:17.6: bridge 32bit mmio: [0xfba00000-0xfbafffff]
[    0.601687] pci 0000:00:17.6: bridge 64bit mmio pref: [0xe6000000-0xe60fffff]
[    0.602074] pci 0000:00:17.7: bridge 32bit mmio: [0xfb600000-0xfb6fffff]
[    0.602114] pci 0000:00:17.7: bridge 64bit mmio pref: [0xe5c00000-0xe5cfffff]
[    0.602485] pci 0000:00:18.0: bridge io port: [0x7000-0x7fff]
[    0.602505] pci 0000:00:18.0: bridge 32bit mmio: [0xfd100000-0xfd1fffff]
[    0.602542] pci 0000:00:18.0: bridge 64bit mmio pref: [0xe7700000-0xe77fffff]
[    0.602913] pci 0000:00:18.1: bridge io port: [0xb000-0xbfff]
[    0.602933] pci 0000:00:18.1: bridge 32bit mmio: [0xfcd00000-0xfcdfffff]
[    0.602970] pci 0000:00:18.1: bridge 64bit mmio pref: [0xe7300000-0xe73fffff]
[    0.603434] pci 0000:00:18.2: bridge 32bit mmio: [0xfc900000-0xfc9fffff]
[    0.603471] pci 0000:00:18.2: bridge 64bit mmio pref: [0xe6f00000-0xe6ffffff]
[    0.604036] pci 0000:00:18.3: bridge 32bit mmio: [0xfc500000-0xfc5fffff]
[    0.604074] pci 0000:00:18.3: bridge 64bit mmio pref: [0xe6b00000-0xe6bfffff]
[    0.604492] pci 0000:00:18.4: bridge 32bit mmio: [0xfc100000-0xfc1fffff]
[    0.604529] pci 0000:00:18.4: bridge 64bit mmio pref: [0xe6700000-0xe67fffff]
[    0.605626] pci 0000:00:18.5: bridge 32bit mmio: [0xfbd00000-0xfbdfffff]
[    0.605707] pci 0000:00:18.5: bridge 64bit mmio pref: [0xe6300000-0xe63fffff]
[    0.607174] pci 0000:00:18.6: bridge 32bit mmio: [0xfb900000-0xfb9fffff]
[    0.607214] pci 0000:00:18.6: bridge 64bit mmio pref: [0xe5f00000-0xe5ffffff]
[    0.607619] pci 0000:00:18.7: bridge 32bit mmio: [0xfb500000-0xfb5fffff]
[    0.607657] pci 0000:00:18.7: bridge 64bit mmio pref: [0xe5b00000-0xe5bfffff]
[    0.609797] pci_bus 0000:00: on NUMA node 0
[    0.609810] ACPI: PCI Interrupt Routing Table [\_SB_.PCI0._PRT]
[    0.978413] ACPI: PCI Interrupt Link [LNKA] (IRQs 3 4 5 6 7 *9 10 11 14 15)
[    0.978580] ACPI: PCI Interrupt Link [LNKB] (IRQs 3 4 5 6 7 9 10 *11 14 15)
[    0.978742] ACPI: PCI Interrupt Link [LNKC] (IRQs 3 4 5 6 7 9 *10 11 14 15)
[    0.978904] ACPI: PCI Interrupt Link [LNKD] (IRQs 3 4 *5 6 7 9 10 11 14 15)
[    0.979062] vgaarb: device added: PCI:0000:00:0f.0,decodes=io+mem,owns=io+mem,locks=none
[    0.979104] vgaarb: loaded
[    0.979262] SCSI subsystem initialized
[    0.979342] libata version 3.00 loaded.
[    0.979411] usbcore: registered new interface driver usbfs
[    0.979426] usbcore: registered new interface driver hub
[    0.979449] usbcore: registered new device driver usb
[    0.979543] ACPI: WMI: Mapper loaded
[    0.979545] PCI: Using ACPI for IRQ routing
[    0.980534] NetLabel: Initializing
[    0.980537] NetLabel:  domain hash size = 128
[    0.980538] NetLabel:  protocols = UNLABELED CIPSOv4
[    0.980549] NetLabel:  unlabeled traffic allowed by default
[    0.980681] hpet0: at MMIO 0xfed00000, IRQs 2, 8, 0, 0, 0, 0, 0, 0, 0, 0, 0, 0, 0, 0, 0, 0
[    0.980687] hpet0: 16 comparators, 64-bit 14.318180 MHz counter
[    0.984095] Switching to clocksource tsc
[    0.989012] AppArmor: AppArmor Filesystem Enabled
[    0.989025] pnp: PnP ACPI init
[    0.989098] ACPI: bus type pnp registered
[    1.027143] pnp: PnP ACPI: found 15 devices
[    1.027146] ACPI: ACPI bus type pnp unregistered
[    1.027149] PnPBIOS: Disabled by ACPI PNP
[    1.027161] system 00:01: ioport range 0x1000-0x103f has been reserved
[    1.027163] system 00:01: ioport range 0x1040-0x104f has been reserved
[    1.027165] system 00:01: ioport range 0xcf0-0xcf1 has been reserved
[    1.027171] system 00:08: iomem range 0xfed00000-0xfed003ff has been reserved
[    1.027177] system 00:0d: ioport range 0xfce0-0xfcff has been reserved
[    1.027179] system 00:0d: iomem range 0xf0000000-0xf7ffffff has been reserved
[    1.027181] system 00:0d: iomem range 0xfe800000-0xfe9fffff has been reserved
[    1.063623] pci 0000:00:15.3: BAR 13: can't allocate I/O resource [0x10000-0xffff]
[    1.063628] pci 0000:00:15.4: BAR 13: can't allocate I/O resource [0x10000-0xffff]
[    1.063632] pci 0000:00:15.5: BAR 13: can't allocate I/O resource [0x10000-0xffff]
[    1.063636] pci 0000:00:15.6: BAR 13: can't allocate I/O resource [0x10000-0xffff]
[    1.063639] pci 0000:00:15.7: BAR 13: can't allocate I/O resource [0x10000-0xffff]
[    1.063665] pci 0000:00:16.3: BAR 13: can't allocate I/O resource [0x10000-0xffff]
[    1.063668] pci 0000:00:16.4: BAR 13: can't allocate I/O resource [0x10000-0xffff]
[    1.063672] pci 0000:00:16.5: BAR 13: can't allocate I/O resource [0x10000-0xffff]
[    1.063675] pci 0000:00:16.6: BAR 13: can't allocate I/O resource [0x10000-0xffff]
[    1.063679] pci 0000:00:16.7: BAR 13: can't allocate I/O resource [0x10000-0xffff]
[    1.063682] pci 0000:00:17.3: BAR 13: can't allocate I/O resource [0x10000-0xffff]
[    1.063686] pci 0000:00:17.4: BAR 13: can't allocate I/O resource [0x10000-0xffff]
[    1.063689] pci 0000:00:17.5: BAR 13: can't allocate I/O resource [0x10000-0xffff]
[    1.063693] pci 0000:00:17.6: BAR 13: can't allocate I/O resource [0x10000-0xffff]
[    1.063696] pci 0000:00:17.7: BAR 13: can't allocate I/O resource [0x10000-0xffff]
[    1.063700] pci 0000:00:18.2: BAR 13: can't allocate I/O resource [0x10000-0xffff]
[    1.063703] pci 0000:00:18.3: BAR 13: can't allocate I/O resource [0x10000-0xffff]
[    1.063707] pci 0000:00:18.4: BAR 13: can't allocate I/O resource [0x10000-0xffff]
[    1.063710] pci 0000:00:18.5: BAR 13: can't allocate I/O resource [0x10000-0xffff]
[    1.063714] pci 0000:00:18.6: BAR 13: can't allocate I/O resource [0x10000-0xffff]
[    1.063717] pci 0000:00:18.7: BAR 13: can't allocate I/O resource [0x10000-0xffff]
[    1.063730] pci 0000:00:01.0: PCI bridge, secondary bus 0000:01
[    1.063733] pci 0000:00:01.0:   IO window: disabled
[    1.063762] pci 0000:00:01.0:   MEM window: disabled
[    1.063782] pci 0000:00:01.0:   PREFETCH window: disabled
[    1.063821] pci 0000:00:11.0: PCI bridge, secondary bus 0000:02
[    1.063833] pci 0000:00:11.0:   IO window: 0x2000-0x3fff
[    1.063862] pci 0000:00:11.0:   MEM window: 0xfd500000-0xfdffffff
[    1.063882] pci 0000:00:11.0:   PREFETCH window: 0x000000e7b00000-0x000000e7ffffff
[    1.063932] pci 0000:00:15.0: PCI bridge, secondary bus 0000:03
[    1.063945] pci 0000:00:15.0:   IO window: 0x4000-0x4fff
[    1.063973] pci 0000:00:15.0:   MEM window: 0xfd400000-0xfd4fffff
[    1.063993] pci 0000:00:15.0:   PREFETCH window: 0x000000e7a00000-0x000000e7afffff
[    1.064085] pci 0000:00:15.1: PCI bridge, secondary bus 0000:04
[    1.064098] pci 0000:00:15.1:   IO window: 0x8000-0x8fff
[    1.064126] pci 0000:00:15.1:   MEM window: 0xfd000000-0xfd0fffff
[    1.064147] pci 0000:00:15.1:   PREFETCH window: 0x000000e7600000-0x000000e76fffff
[    1.064198] pci 0000:00:15.2: PCI bridge, secondary bus 0000:05
[    1.064211] pci 0000:00:15.2:   IO window: 0xc000-0xcfff
[    1.064240] pci 0000:00:15.2:   MEM window: 0xfcc00000-0xfccfffff
[    1.064260] pci 0000:00:15.2:   PREFETCH window: 0x000000e7200000-0x000000e72fffff
[    1.064311] pci 0000:00:15.3: PCI bridge, secondary bus 0000:06
[    1.064313] pci 0000:00:15.3:   IO window: disabled
[    1.064342] pci 0000:00:15.3:   MEM window: 0xfc800000-0xfc8fffff
[    1.064362] pci 0000:00:15.3:   PREFETCH window: 0x000000e6e00000-0x000000e6efffff
[    1.064413] pci 0000:00:15.4: PCI bridge, secondary bus 0000:07
[    1.064415] pci 0000:00:15.4:   IO window: disabled
[    1.064444] pci 0000:00:15.4:   MEM window: 0xfc400000-0xfc4fffff
[    1.064464] pci 0000:00:15.4:   PREFETCH window: 0x000000e6a00000-0x000000e6afffff
[    1.064515] pci 0000:00:15.5: PCI bridge, secondary bus 0000:08
[    1.064517] pci 0000:00:15.5:   IO window: disabled
[    1.064546] pci 0000:00:15.5:   MEM window: 0xfc000000-0xfc0fffff
[    1.064570] pci 0000:00:15.5:   PREFETCH window: 0x000000e6600000-0x000000e66fffff
[    1.064621] pci 0000:00:15.6: PCI bridge, secondary bus 0000:09
[    1.064624] pci 0000:00:15.6:   IO window: disabled
[    1.064652] pci 0000:00:15.6:   MEM window: 0xfbc00000-0xfbcfffff
[    1.064672] pci 0000:00:15.6:   PREFETCH window: 0x000000e6200000-0x000000e62fffff
[    1.064723] pci 0000:00:15.7: PCI bridge, secondary bus 0000:0a
[    1.064725] pci 0000:00:15.7:   IO window: disabled
[    1.064754] pci 0000:00:15.7:   MEM window: 0xfb800000-0xfb8fffff
[    1.064774] pci 0000:00:15.7:   PREFETCH window: 0x000000e5e00000-0x000000e5efffff
[    1.064825] pci 0000:00:16.0: PCI bridge, secondary bus 0000:0b
[    1.064837] pci 0000:00:16.0:   IO window: 0x5000-0x5fff
[    1.064866] pci 0000:00:16.0:   MEM window: 0xfd300000-0xfd3fffff
[    1.064886] pci 0000:00:16.0:   PREFETCH window: 0x000000e7900000-0x000000e79fffff
[    1.064965] pci 0000:00:16.1: PCI bridge, secondary bus 0000:0c
[    1.064978] pci 0000:00:16.1:   IO window: 0x9000-0x9fff
[    1.065007] pci 0000:00:16.1:   MEM window: 0xfcf00000-0xfcffffff
[    1.065027] pci 0000:00:16.1:   PREFETCH window: 0x000000e7500000-0x000000e75fffff
[    1.065083] pci 0000:00:16.2: PCI bridge, secondary bus 0000:0d
[    1.065096] pci 0000:00:16.2:   IO window: 0xd000-0xdfff
[    1.065124] pci 0000:00:16.2:   MEM window: 0xfcb00000-0xfcbfffff
[    1.065144] pci 0000:00:16.2:   PREFETCH window: 0x000000e7100000-0x000000e71fffff
[    1.065199] pci 0000:00:16.3: PCI bridge, secondary bus 0000:0e
[    1.065201] pci 0000:00:16.3:   IO window: disabled
[    1.065230] pci 0000:00:16.3:   MEM window: 0xfc700000-0xfc7fffff
[    1.065250] pci 0000:00:16.3:   PREFETCH window: 0x000000e6d00000-0x000000e6dfffff
[    1.065301] pci 0000:00:16.4: PCI bridge, secondary bus 0000:0f
[    1.065303] pci 0000:00:16.4:   IO window: disabled
[    1.065332] pci 0000:00:16.4:   MEM window: 0xfc300000-0xfc3fffff
[    1.065352] pci 0000:00:16.4:   PREFETCH window: 0x000000e6900000-0x000000e69fffff
[    1.065403] pci 0000:00:16.5: PCI bridge, secondary bus 0000:10
[    1.065405] pci 0000:00:16.5:   IO window: disabled
[    1.065434] pci 0000:00:16.5:   MEM window: 0xfbf00000-0xfbffffff
[    1.065454] pci 0000:00:16.5:   PREFETCH window: 0x000000e6500000-0x000000e65fffff
[    1.065504] pci 0000:00:16.6: PCI bridge, secondary bus 0000:11
[    1.065507] pci 0000:00:16.6:   IO window: disabled
[    1.065536] pci 0000:00:16.6:   MEM window: 0xfbb00000-0xfbbfffff
[    1.065556] pci 0000:00:16.6:   PREFETCH window: 0x000000e6100000-0x000000e61fffff
[    1.065606] pci 0000:00:16.7: PCI bridge, secondary bus 0000:12
[    1.065609] pci 0000:00:16.7:   IO window: disabled
[    1.065637] pci 0000:00:16.7:   MEM window: 0xfb700000-0xfb7fffff
[    1.065657] pci 0000:00:16.7:   PREFETCH window: 0x000000e5d00000-0x000000e5dfffff
[    1.065708] pci 0000:00:17.0: PCI bridge, secondary bus 0000:13
[    1.065721] pci 0000:00:17.0:   IO window: 0x6000-0x6fff
[    1.065749] pci 0000:00:17.0:   MEM window: 0xfd200000-0xfd2fffff
[    1.065769] pci 0000:00:17.0:   PREFETCH window: 0x000000e7800000-0x000000e78fffff
[    1.065820] pci 0000:00:17.1: PCI bridge, secondary bus 0000:14
[    1.065833] pci 0000:00:17.1:   IO window: 0xa000-0xafff
[    1.065861] pci 0000:00:17.1:   MEM window: 0xfce00000-0xfcefffff
[    1.065881] pci 0000:00:17.1:   PREFETCH window: 0x000000e7400000-0x000000e74fffff
[    1.065942] pci 0000:00:17.2: PCI bridge, secondary bus 0000:15
[    1.065955] pci 0000:00:17.2:   IO window: 0xe000-0xefff
[    1.065984] pci 0000:00:17.2:   MEM window: 0xfca00000-0xfcafffff
[    1.066004] pci 0000:00:17.2:   PREFETCH window: 0x000000e7000000-0x000000e70fffff
[    1.066054] pci 0000:00:17.3: PCI bridge, secondary bus 0000:16
[    1.066057] pci 0000:00:17.3:   IO window: disabled
[    1.066086] pci 0000:00:17.3:   MEM window: 0xfc600000-0xfc6fffff
[    1.066106] pci 0000:00:17.3:   PREFETCH window: 0x000000e6c00000-0x000000e6cfffff
[    1.066159] pci 0000:00:17.4: PCI bridge, secondary bus 0000:17
[    1.066162] pci 0000:00:17.4:   IO window: disabled
[    1.066191] pci 0000:00:17.4:   MEM window: 0xfc200000-0xfc2fffff
[    1.066211] pci 0000:00:17.4:   PREFETCH window: 0x000000e6800000-0x000000e68fffff
[    1.066261] pci 0000:00:17.5: PCI bridge, secondary bus 0000:18
[    1.066264] pci 0000:00:17.5:   IO window: disabled
[    1.066293] pci 0000:00:17.5:   MEM window: 0xfbe00000-0xfbefffff
[    1.066313] pci 0000:00:17.5:   PREFETCH window: 0x000000e6400000-0x000000e64fffff
[    1.066363] pci 0000:00:17.6: PCI bridge, secondary bus 0000:19
[    1.066366] pci 0000:00:17.6:   IO window: disabled
[    1.066394] pci 0000:00:17.6:   MEM window: 0xfba00000-0xfbafffff
[    1.066414] pci 0000:00:17.6:   PREFETCH window: 0x000000e6000000-0x000000e60fffff
[    1.066465] pci 0000:00:17.7: PCI bridge, secondary bus 0000:1a
[    1.066468] pci 0000:00:17.7:   IO window: disabled
[    1.066496] pci 0000:00:17.7:   MEM window: 0xfb600000-0xfb6fffff
[    1.066516] pci 0000:00:17.7:   PREFETCH window: 0x000000e5c00000-0x000000e5cfffff
[    1.066567] pci 0000:00:18.0: PCI bridge, secondary bus 0000:1b
[    1.066580] pci 0000:00:18.0:   IO window: 0x7000-0x7fff
[    1.066608] pci 0000:00:18.0:   MEM window: 0xfd100000-0xfd1fffff
[    1.066628] pci 0000:00:18.0:   PREFETCH window: 0x000000e7700000-0x000000e77fffff
[    1.066679] pci 0000:00:18.1: PCI bridge, secondary bus 0000:1c
[    1.066692] pci 0000:00:18.1:   IO window: 0xb000-0xbfff
[    1.066720] pci 0000:00:18.1:   MEM window: 0xfcd00000-0xfcdfffff
[    1.066740] pci 0000:00:18.1:   PREFETCH window: 0x000000e7300000-0x000000e73fffff
[    1.066791] pci 0000:00:18.2: PCI bridge, secondary bus 0000:1d
[    1.066793] pci 0000:00:18.2:   IO window: disabled
[    1.066822] pci 0000:00:18.2:   MEM window: 0xfc900000-0xfc9fffff
[    1.066842] pci 0000:00:18.2:   PREFETCH window: 0x000000e6f00000-0x000000e6ffffff
[    1.066899] pci 0000:00:18.3: PCI bridge, secondary bus 0000:1e
[    1.066901] pci 0000:00:18.3:   IO window: disabled
[    1.066930] pci 0000:00:18.3:   MEM window: 0xfc500000-0xfc5fffff
[    1.066950] pci 0000:00:18.3:   PREFETCH window: 0x000000e6b00000-0x000000e6bfffff
[    1.067001] pci 0000:00:18.4: PCI bridge, secondary bus 0000:1f
[    1.067003] pci 0000:00:18.4:   IO window: disabled
[    1.067032] pci 0000:00:18.4:   MEM window: 0xfc100000-0xfc1fffff
[    1.067052] pci 0000:00:18.4:   PREFETCH window: 0x000000e6700000-0x000000e67fffff
[    1.067103] pci 0000:00:18.5: PCI bridge, secondary bus 0000:20
[    1.067105] pci 0000:00:18.5:   IO window: disabled
[    1.067134] pci 0000:00:18.5:   MEM window: 0xfbd00000-0xfbdfffff
[    1.067154] pci 0000:00:18.5:   PREFETCH window: 0x000000e6300000-0x000000e63fffff
[    1.067204] pci 0000:00:18.6: PCI bridge, secondary bus 0000:21
[    1.067207] pci 0000:00:18.6:   IO window: disabled
[    1.067235] pci 0000:00:18.6:   MEM window: 0xfb900000-0xfb9fffff
[    1.067256] pci 0000:00:18.6:   PREFETCH window: 0x000000e5f00000-0x000000e5ffffff
[    1.067306] pci 0000:00:18.7: PCI bridge, secondary bus 0000:22
[    1.067309] pci 0000:00:18.7:   IO window: disabled
[    1.067337] pci 0000:00:18.7:   MEM window: 0xfb500000-0xfb5fffff
[    1.067357] pci 0000:00:18.7:   PREFETCH window: 0x000000e5b00000-0x000000e5bfffff
[    1.067444] pci 0000:00:01.0: setting latency timer to 64
[    1.067536] pci 0000:00:15.0: setting latency timer to 64
[    1.067599] pci 0000:00:15.1: setting latency timer to 64
[    1.067663] pci 0000:00:15.2: setting latency timer to 64
[    1.067726] pci 0000:00:15.3: setting latency timer to 64
[    1.067789] pci 0000:00:15.4: setting latency timer to 64
[    1.067853] pci 0000:00:15.5: setting latency timer to 64
[    1.067947] pci 0000:00:15.6: setting latency timer to 64
[    1.068011] pci 0000:00:15.7: setting latency timer to 64
[    1.068077] pci 0000:00:16.0: setting latency timer to 64
[    1.068140] pci 0000:00:16.1: setting latency timer to 64
[    1.068203] pci 0000:00:16.2: setting latency timer to 64
[    1.068266] pci 0000:00:16.3: setting latency timer to 64
[    1.068329] pci 0000:00:16.4: setting latency timer to 64
[    1.068392] pci 0000:00:16.5: setting latency timer to 64
[    1.068455] pci 0000:00:16.6: setting latency timer to 64
[    1.068518] pci 0000:00:16.7: setting latency timer to 64
[    1.068581] pci 0000:00:17.0: setting latency timer to 64
[    1.068644] pci 0000:00:17.1: setting latency timer to 64
[    1.068707] pci 0000:00:17.2: setting latency timer to 64
[    1.068770] pci 0000:00:17.3: setting latency timer to 64
[    1.068833] pci 0000:00:17.4: setting latency timer to 64
[    1.068907] pci 0000:00:17.5: setting latency timer to 64
[    1.068971] pci 0000:00:17.6: setting latency timer to 64
[    1.069033] pci 0000:00:17.7: setting latency timer to 64
[    1.069097] pci 0000:00:18.0: setting latency timer to 64
[    1.069160] pci 0000:00:18.1: setting latency timer to 64
[    1.069223] pci 0000:00:18.2: setting latency timer to 64
[    1.069286] pci 0000:00:18.3: setting latency timer to 64
[    1.069349] pci 0000:00:18.4: setting latency timer to 64
[    1.069412] pci 0000:00:18.5: setting latency timer to 64
[    1.069475] pci 0000:00:18.6: setting latency timer to 64
[    1.069538] pci 0000:00:18.7: setting latency timer to 64
[    1.069550] pci_bus 0000:00: resource 0 io:  [0x00-0xffff]
[    1.069553] pci_bus 0000:00: resource 1 mem: [0x000000-0xffffffff]
[    1.069556] pci_bus 0000:02: resource 0 io:  [0x2000-0x3fff]
[    1.069559] pci_bus 0000:02: resource 1 mem: [0xfd500000-0xfdffffff]
[    1.069562] pci_bus 0000:02: resource 2 pref mem [0xe7b00000-0xe7ffffff]
[    1.069565] pci_bus 0000:02: resource 3 io:  [0x00-0xffff]
[    1.069567] pci_bus 0000:02: resource 4 mem: [0x000000-0xffffffff]
[    1.069570] pci_bus 0000:03: resource 0 io:  [0x4000-0x4fff]
[    1.069573] pci_bus 0000:03: resource 1 mem: [0xfd400000-0xfd4fffff]
[    1.069576] pci_bus 0000:03: resource 2 pref mem [0xe7a00000-0xe7afffff]
[    1.069579] pci_bus 0000:04: resource 0 io:  [0x8000-0x8fff]
[    1.069581] pci_bus 0000:04: resource 1 mem: [0xfd000000-0xfd0fffff]
[    1.069584] pci_bus 0000:04: resource 2 pref mem [0xe7600000-0xe76fffff]
[    1.069587] pci_bus 0000:05: resource 0 io:  [0xc000-0xcfff]
[    1.069590] pci_bus 0000:05: resource 1 mem: [0xfcc00000-0xfccfffff]
[    1.069592] pci_bus 0000:05: resource 2 pref mem [0xe7200000-0xe72fffff]
[    1.069595] pci_bus 0000:06: resource 1 mem: [0xfc800000-0xfc8fffff]
[    1.069598] pci_bus 0000:06: resource 2 pref mem [0xe6e00000-0xe6efffff]
[    1.069601] pci_bus 0000:07: resource 1 mem: [0xfc400000-0xfc4fffff]
[    1.069604] pci_bus 0000:07: resource 2 pref mem [0xe6a00000-0xe6afffff]
[    1.069607] pci_bus 0000:08: resource 1 mem: [0xfc000000-0xfc0fffff]
[    1.069609] pci_bus 0000:08: resource 2 pref mem [0xe6600000-0xe66fffff]
[    1.069612] pci_bus 0000:09: resource 1 mem: [0xfbc00000-0xfbcfffff]
[    1.069615] pci_bus 0000:09: resource 2 pref mem [0xe6200000-0xe62fffff]
[    1.069618] pci_bus 0000:0a: resource 1 mem: [0xfb800000-0xfb8fffff]
[    1.069621] pci_bus 0000:0a: resource 2 pref mem [0xe5e00000-0xe5efffff]
[    1.069624] pci_bus 0000:0b: resource 0 io:  [0x5000-0x5fff]
[    1.069626] pci_bus 0000:0b: resource 1 mem: [0xfd300000-0xfd3fffff]
[    1.069629] pci_bus 0000:0b: resource 2 pref mem [0xe7900000-0xe79fffff]
[    1.069632] pci_bus 0000:0c: resource 0 io:  [0x9000-0x9fff]
[    1.069635] pci_bus 0000:0c: resource 1 mem: [0xfcf00000-0xfcffffff]
[    1.069637] pci_bus 0000:0c: resource 2 pref mem [0xe7500000-0xe75fffff]
[    1.069640] pci_bus 0000:0d: resource 0 io:  [0xd000-0xdfff]
[    1.069643] pci_bus 0000:0d: resource 1 mem: [0xfcb00000-0xfcbfffff]
[    1.069646] pci_bus 0000:0d: resource 2 pref mem [0xe7100000-0xe71fffff]
[    1.069651] pci_bus 0000:0e: resource 1 mem: [0xfc700000-0xfc7fffff]
[    1.069654] pci_bus 0000:0e: resource 2 pref mem [0xe6d00000-0xe6dfffff]
[    1.069657] pci_bus 0000:0f: resource 1 mem: [0xfc300000-0xfc3fffff]
[    1.069660] pci_bus 0000:0f: resource 2 pref mem [0xe6900000-0xe69fffff]
[    1.069663] pci_bus 0000:10: resource 1 mem: [0xfbf00000-0xfbffffff]
[    1.069665] pci_bus 0000:10: resource 2 pref mem [0xe6500000-0xe65fffff]
[    1.069668] pci_bus 0000:11: resource 1 mem: [0xfbb00000-0xfbbfffff]
[    1.069671] pci_bus 0000:11: resource 2 pref mem [0xe6100000-0xe61fffff]
[    1.069674] pci_bus 0000:12: resource 1 mem: [0xfb700000-0xfb7fffff]
[    1.069677] pci_bus 0000:12: resource 2 pref mem [0xe5d00000-0xe5dfffff]
[    1.069680] pci_bus 0000:13: resource 0 io:  [0x6000-0x6fff]
[    1.069682] pci_bus 0000:13: resource 1 mem: [0xfd200000-0xfd2fffff]
[    1.069685] pci_bus 0000:13: resource 2 pref mem [0xe7800000-0xe78fffff]
[    1.069688] pci_bus 0000:14: resource 0 io:  [0xa000-0xafff]
[    1.069691] pci_bus 0000:14: resource 1 mem: [0xfce00000-0xfcefffff]
[    1.069694] pci_bus 0000:14: resource 2 pref mem [0xe7400000-0xe74fffff]
[    1.069696] pci_bus 0000:15: resource 0 io:  [0xe000-0xefff]
[    1.069699] pci_bus 0000:15: resource 1 mem: [0xfca00000-0xfcafffff]
[    1.069702] pci_bus 0000:15: resource 2 pref mem [0xe7000000-0xe70fffff]
[    1.069705] pci_bus 0000:16: resource 1 mem: [0xfc600000-0xfc6fffff]
[    1.069707] pci_bus 0000:16: resource 2 pref mem [0xe6c00000-0xe6cfffff]
[    1.069710] pci_bus 0000:17: resource 1 mem: [0xfc200000-0xfc2fffff]
[    1.069713] pci_bus 0000:17: resource 2 pref mem [0xe6800000-0xe68fffff]
[    1.069716] pci_bus 0000:18: resource 1 mem: [0xfbe00000-0xfbefffff]
[    1.069719] pci_bus 0000:18: resource 2 pref mem [0xe6400000-0xe64fffff]
[    1.069722] pci_bus 0000:19: resource 1 mem: [0xfba00000-0xfbafffff]
[    1.069724] pci_bus 0000:19: resource 2 pref mem [0xe6000000-0xe60fffff]
[    1.069727] pci_bus 0000:1a: resource 1 mem: [0xfb600000-0xfb6fffff]
[    1.069730] pci_bus 0000:1a: resource 2 pref mem [0xe5c00000-0xe5cfffff]
[    1.069733] pci_bus 0000:1b: resource 0 io:  [0x7000-0x7fff]
[    1.069736] pci_bus 0000:1b: resource 1 mem: [0xfd100000-0xfd1fffff]
[    1.069739] pci_bus 0000:1b: resource 2 pref mem [0xe7700000-0xe77fffff]
[    1.069741] pci_bus 0000:1c: resource 0 io:  [0xb000-0xbfff]
[    1.069744] pci_bus 0000:1c: resource 1 mem: [0xfcd00000-0xfcdfffff]
[    1.069747] pci_bus 0000:1c: resource 2 pref mem [0xe7300000-0xe73fffff]
[    1.069750] pci_bus 0000:1d: resource 1 mem: [0xfc900000-0xfc9fffff]
[    1.069753] pci_bus 0000:1d: resource 2 pref mem [0xe6f00000-0xe6ffffff]
[    1.069755] pci_bus 0000:1e: resource 1 mem: [0xfc500000-0xfc5fffff]
[    1.069758] pci_bus 0000:1e: resource 2 pref mem [0xe6b00000-0xe6bfffff]
[    1.069761] pci_bus 0000:1f: resource 1 mem: [0xfc100000-0xfc1fffff]
[    1.069764] pci_bus 0000:1f: resource 2 pref mem [0xe6700000-0xe67fffff]
[    1.069767] pci_bus 0000:20: resource 1 mem: [0xfbd00000-0xfbdfffff]
[    1.069769] pci_bus 0000:20: resource 2 pref mem [0xe6300000-0xe63fffff]
[    1.069772] pci_bus 0000:21: resource 1 mem: [0xfb900000-0xfb9fffff]
[    1.069775] pci_bus 0000:21: resource 2 pref mem [0xe5f00000-0xe5ffffff]
[    1.069778] pci_bus 0000:22: resource 1 mem: [0xfb500000-0xfb5fffff]
[    1.069781] pci_bus 0000:22: resource 2 pref mem [0xe5b00000-0xe5bfffff]
[    1.069813] NET: Registered protocol family 2
[    1.069926] IP route cache hash table entries: 4096 (order: 2, 16384 bytes)
[    1.070112] TCP established hash table entries: 16384 (order: 5, 131072 bytes)
[    1.070214] TCP bind hash table entries: 16384 (order: 5, 131072 bytes)
[    1.070306] TCP: Hash tables configured (established 16384 bind 16384)
[    1.070309] TCP reno registered
[    1.070388] NET: Registered protocol family 1
[    1.070398] pci 0000:00:00.0: Limiting direct PCI/PCI transfers
[    1.070425] pci 0000:00:0f.0: Boot video device
[    1.070781] Simple Boot Flag at 0x36 set to 0x1
[    1.070904] cpufreq-nforce2: No nForce2 chipset.
[    1.070924] Scanning for low memory corruption every 60 seconds
[    1.071018] audit: initializing netlink socket (disabled)
[    1.071026] type=2000 audit(1420533123.932:1): initialized
[    1.078031] Trying to unpack rootfs image as initramfs...
[    1.088094] HugeTLB registered 4 MB page size, pre-allocated 0 pages
[    1.089177] VFS: Disk quotas dquot_6.5.2
[    1.089224] Dquot-cache hash table entries: 1024 (order 0, 4096 bytes)
[    1.095907] fuse init (API version 7.13)
[    1.096003] msgmni has been set to 977
[    1.096502] alg: No test for stdrng (krng)
[    1.096543] Block layer SCSI generic (bsg) driver version 0.4 loaded (major 253)
[    1.096546] io scheduler noop registered
[    1.096548] io scheduler anticipatory registered
[    1.096551] io scheduler deadline registered
[    1.096577] io scheduler cfq registered (default)
[    1.097326]   alloc irq_desc for 24 on node -1
[    1.097329]   alloc kstat_irqs on node -1
[    1.097379] pcieport 0000:00:15.0: irq 24 for MSI/MSI-X
[    1.097435] pcieport 0000:00:15.0: setting latency timer to 64
[    1.098444]   alloc irq_desc for 25 on node -1
[    1.098446]   alloc kstat_irqs on node -1
[    1.098494] pcieport 0000:00:15.1: irq 25 for MSI/MSI-X
[    1.098549] pcieport 0000:00:15.1: setting latency timer to 64
[    1.099533]   alloc irq_desc for 26 on node -1
[    1.099536]   alloc kstat_irqs on node -1
[    1.099583] pcieport 0000:00:15.2: irq 26 for MSI/MSI-X
[    1.099638] pcieport 0000:00:15.2: setting latency timer to 64
[    1.100819]   alloc irq_desc for 27 on node -1
[    1.100822]   alloc kstat_irqs on node -1
[    1.100869] pcieport 0000:00:15.3: irq 27 for MSI/MSI-X
[    1.100924] pcieport 0000:00:15.3: setting latency timer to 64
[    1.101913]   alloc irq_desc for 28 on node -1
[    1.101916]   alloc kstat_irqs on node -1
[    1.101979] pcieport 0000:00:15.4: irq 28 for MSI/MSI-X
[    1.102393] pcieport 0000:00:15.4: setting latency timer to 64
[    1.107854]   alloc irq_desc for 29 on node -1
[    1.107858]   alloc kstat_irqs on node -1
[    1.107909] pcieport 0000:00:15.5: irq 29 for MSI/MSI-X
[    1.107967] pcieport 0000:00:15.5: setting latency timer to 64
[    1.108968]   alloc irq_desc for 30 on node -1
[    1.108971]   alloc kstat_irqs on node -1
[    1.109018] pcieport 0000:00:15.6: irq 30 for MSI/MSI-X
[    1.109073] pcieport 0000:00:15.6: setting latency timer to 64
[    1.110065]   alloc irq_desc for 31 on node -1
[    1.110067]   alloc kstat_irqs on node -1
[    1.110114] pcieport 0000:00:15.7: irq 31 for MSI/MSI-X
[    1.110170] pcieport 0000:00:15.7: setting latency timer to 64
[    1.111141]   alloc irq_desc for 32 on node -1
[    1.111144]   alloc kstat_irqs on node -1
[    1.111191] pcieport 0000:00:16.0: irq 32 for MSI/MSI-X
[    1.111246] pcieport 0000:00:16.0: setting latency timer to 64
[    1.119822]   alloc irq_desc for 33 on node -1
[    1.119826]   alloc kstat_irqs on node -1
[    1.119878] pcieport 0000:00:16.1: irq 33 for MSI/MSI-X
[    1.119936] pcieport 0000:00:16.1: setting latency timer to 64
[    1.120990]   alloc irq_desc for 34 on node -1
[    1.120992]   alloc kstat_irqs on node -1
[    1.121040] pcieport 0000:00:16.2: irq 34 for MSI/MSI-X
[    1.121095] pcieport 0000:00:16.2: setting latency timer to 64
[    1.122109]   alloc irq_desc for 35 on node -1
[    1.122112]   alloc kstat_irqs on node -1
[    1.122159] pcieport 0000:00:16.3: irq 35 for MSI/MSI-X
[    1.122226] pcieport 0000:00:16.3: setting latency timer to 64
[    1.123212]   alloc irq_desc for 36 on node -1
[    1.123214]   alloc kstat_irqs on node -1
[    1.123261] pcieport 0000:00:16.4: irq 36 for MSI/MSI-X
[    1.123316] pcieport 0000:00:16.4: setting latency timer to 64
[    1.128314]   alloc irq_desc for 37 on node -1
[    1.128318]   alloc kstat_irqs on node -1
[    1.128366] pcieport 0000:00:16.5: irq 37 for MSI/MSI-X
[    1.128421] pcieport 0000:00:16.5: setting latency timer to 64
[    1.129412]   alloc irq_desc for 38 on node -1
[    1.129415]   alloc kstat_irqs on node -1
[    1.129462] pcieport 0000:00:16.6: irq 38 for MSI/MSI-X
[    1.129517] pcieport 0000:00:16.6: setting latency timer to 64
[    1.135771]   alloc irq_desc for 39 on node -1
[    1.135775]   alloc kstat_irqs on node -1
[    1.135826] pcieport 0000:00:16.7: irq 39 for MSI/MSI-X
[    1.135883] pcieport 0000:00:16.7: setting latency timer to 64
[    1.136901]   alloc irq_desc for 40 on node -1
[    1.136903]   alloc kstat_irqs on node -1
[    1.136950] pcieport 0000:00:17.0: irq 40 for MSI/MSI-X
[    1.137005] pcieport 0000:00:17.0: setting latency timer to 64
[    1.138142]   alloc irq_desc for 41 on node -1
[    1.138144]   alloc kstat_irqs on node -1
[    1.138192] pcieport 0000:00:17.1: irq 41 for MSI/MSI-X
[    1.138248] pcieport 0000:00:17.1: setting latency timer to 64
[    1.139336]   alloc irq_desc for 42 on node -1
[    1.139339]   alloc kstat_irqs on node -1
[    1.139386] pcieport 0000:00:17.2: irq 42 for MSI/MSI-X
[    1.139441] pcieport 0000:00:17.2: setting latency timer to 64
[    1.144350]   alloc irq_desc for 43 on node -1
[    1.144353]   alloc kstat_irqs on node -1
[    1.144401] pcieport 0000:00:17.3: irq 43 for MSI/MSI-X
[    1.144457] pcieport 0000:00:17.3: setting latency timer to 64
[    1.145433]   alloc irq_desc for 44 on node -1
[    1.145436]   alloc kstat_irqs on node -1
[    1.145483] pcieport 0000:00:17.4: irq 44 for MSI/MSI-X
[    1.145538] pcieport 0000:00:17.4: setting latency timer to 64
[    1.146551]   alloc irq_desc for 45 on node -1
[    1.146554]   alloc kstat_irqs on node -1
[    1.146601] pcieport 0000:00:17.5: irq 45 for MSI/MSI-X
[    1.146680] pcieport 0000:00:17.5: setting latency timer to 64
[    1.147647]   alloc irq_desc for 46 on node -1
[    1.147650]   alloc kstat_irqs on node -1
[    1.147714] pcieport 0000:00:17.6: irq 46 for MSI/MSI-X
[    1.147769] pcieport 0000:00:17.6: setting latency timer to 64
[    1.152712]   alloc irq_desc for 47 on node -1
[    1.152716]   alloc kstat_irqs on node -1
[    1.152765] pcieport 0000:00:17.7: irq 47 for MSI/MSI-X
[    1.152821] pcieport 0000:00:17.7: setting latency timer to 64
[    1.153795]   alloc irq_desc for 48 on node -1
[    1.153798]   alloc kstat_irqs on node -1
[    1.153895] pcieport 0000:00:18.0: irq 48 for MSI/MSI-X
[    1.153950] pcieport 0000:00:18.0: setting latency timer to 64
[    1.155058]   alloc irq_desc for 49 on node -1
[    1.155060]   alloc kstat_irqs on node -1
[    1.155108] pcieport 0000:00:18.1: irq 49 for MSI/MSI-X
[    1.155164] pcieport 0000:00:18.1: setting latency timer to 64
[    1.159721]   alloc irq_desc for 50 on node -1
[    1.159724]   alloc kstat_irqs on node -1
[    1.159774] pcieport 0000:00:18.2: irq 50 for MSI/MSI-X
[    1.159831] pcieport 0000:00:18.2: setting latency timer to 64
[    1.160829]   alloc irq_desc for 51 on node -1
[    1.160832]   alloc kstat_irqs on node -1
[    1.160879] pcieport 0000:00:18.3: irq 51 for MSI/MSI-X
[    1.160934] pcieport 0000:00:18.3: setting latency timer to 64
[    1.163146]   alloc irq_desc for 52 on node -1
[    1.163150]   alloc kstat_irqs on node -1
[    1.163198] pcieport 0000:00:18.4: irq 52 for MSI/MSI-X
[    1.163254] pcieport 0000:00:18.4: setting latency timer to 64
[    1.168269]   alloc irq_desc for 53 on node -1
[    1.168272]   alloc kstat_irqs on node -1
[    1.168321] pcieport 0000:00:18.5: irq 53 for MSI/MSI-X
[    1.168377] pcieport 0000:00:18.5: setting latency timer to 64
[    1.169358]   alloc irq_desc for 54 on node -1
[    1.169361]   alloc kstat_irqs on node -1
[    1.169408] pcieport 0000:00:18.6: irq 54 for MSI/MSI-X
[    1.169467] pcieport 0000:00:18.6: setting latency timer to 64
[    1.170581]   alloc irq_desc for 55 on node -1
[    1.170583]   alloc kstat_irqs on node -1
[    1.170631] pcieport 0000:00:18.7: irq 55 for MSI/MSI-X
[    1.170686] pcieport 0000:00:18.7: setting latency timer to 64
[    1.171089] pci_hotplug: PCI Hot Plug PCI Core version: 0.5
[    1.183623] pciehp 0000:00:15.0:pcie04: HPC vendor_id 15ad device_id 7a0 ss_vid 0 ss_did 0
[    1.183854] pciehp 0000:00:15.0:pcie04: service driver pciehp loaded
[    1.183983] pciehp 0000:00:15.1:pcie04: HPC vendor_id 15ad device_id 7a0 ss_vid 0 ss_did 0
[    1.184185] pciehp 0000:00:15.1:pcie04: service driver pciehp loaded
[    1.184370] pciehp 0000:00:15.2:pcie04: HPC vendor_id 15ad device_id 7a0 ss_vid 0 ss_did 0
[    1.184573] pciehp 0000:00:15.2:pcie04: service driver pciehp loaded
[    1.184694] pciehp 0000:00:15.3:pcie04: HPC vendor_id 15ad device_id 7a0 ss_vid 0 ss_did 0
[    1.184896] pciehp 0000:00:15.3:pcie04: service driver pciehp loaded
[    1.185017] pciehp 0000:00:15.4:pcie04: HPC vendor_id 15ad device_id 7a0 ss_vid 0 ss_did 0
[    1.185219] pciehp 0000:00:15.4:pcie04: service driver pciehp loaded
[    1.185370] pciehp 0000:00:15.5:pcie04: HPC vendor_id 15ad device_id 7a0 ss_vid 0 ss_did 0
[    1.185574] pciehp 0000:00:15.5:pcie04: service driver pciehp loaded
[    1.185694] pciehp 0000:00:15.6:pcie04: HPC vendor_id 15ad device_id 7a0 ss_vid 0 ss_did 0
[    1.186019] pciehp 0000:00:15.6:pcie04: service driver pciehp loaded
[    1.186184] pciehp 0000:00:15.7:pcie04: HPC vendor_id 15ad device_id 7a0 ss_vid 0 ss_did 0
[    1.186399] pciehp 0000:00:15.7:pcie04: service driver pciehp loaded
[    1.186521] pciehp 0000:00:16.0:pcie04: HPC vendor_id 15ad device_id 7a0 ss_vid 0 ss_did 0
[    1.186743] pciehp 0000:00:16.0:pcie04: service driver pciehp loaded
[    1.186865] pciehp 0000:00:16.1:pcie04: HPC vendor_id 15ad device_id 7a0 ss_vid 0 ss_did 0
[    1.187067] pciehp 0000:00:16.1:pcie04: service driver pciehp loaded
[    1.187188] pciehp 0000:00:16.2:pcie04: HPC vendor_id 15ad device_id 7a0 ss_vid 0 ss_did 0
[    1.187412] pciehp 0000:00:16.2:pcie04: service driver pciehp loaded
[    1.187533] pciehp 0000:00:16.3:pcie04: HPC vendor_id 15ad device_id 7a0 ss_vid 0 ss_did 0
[    1.193119] pciehp 0000:00:16.3:pcie04: service driver pciehp loaded
[    1.193307] pciehp 0000:00:16.4:pcie04: HPC vendor_id 15ad device_id 7a0 ss_vid 0 ss_did 0
[    1.193556] pciehp 0000:00:16.4:pcie04: service driver pciehp loaded
[    1.193677] pciehp 0000:00:16.5:pcie04: HPC vendor_id 15ad device_id 7a0 ss_vid 0 ss_did 0
[    1.194014] pciehp 0000:00:16.5:pcie04: service driver pciehp loaded
[    1.194182] pciehp 0000:00:16.6:pcie04: HPC vendor_id 15ad device_id 7a0 ss_vid 0 ss_did 0
[    1.194386] pciehp 0000:00:16.6:pcie04: service driver pciehp loaded
[    1.194507] pciehp 0000:00:16.7:pcie04: HPC vendor_id 15ad device_id 7a0 ss_vid 0 ss_did 0
[    1.194728] pciehp 0000:00:16.7:pcie04: service driver pciehp loaded
[    1.194849] pciehp 0000:00:17.0:pcie04: HPC vendor_id 15ad device_id 7a0 ss_vid 0 ss_did 0
[    1.195051] pciehp 0000:00:17.0:pcie04: service driver pciehp loaded
[    1.195189] pciehp 0000:00:17.1:pcie04: HPC vendor_id 15ad device_id 7a0 ss_vid 0 ss_did 0
[    1.195391] pciehp 0000:00:17.1:pcie04: service driver pciehp loaded
[    1.195512] pciehp 0000:00:17.2:pcie04: HPC vendor_id 15ad device_id 7a0 ss_vid 0 ss_did 0
[    1.195749] pciehp 0000:00:17.2:pcie04: service driver pciehp loaded
[    1.195870] pciehp 0000:00:17.3:pcie04: HPC vendor_id 15ad device_id 7a0 ss_vid 0 ss_did 0
[    1.196089] pciehp 0000:00:17.3:pcie04: service driver pciehp loaded
[    1.196226] pciehp 0000:00:17.4:pcie04: HPC vendor_id 15ad device_id 7a0 ss_vid 0 ss_did 0
[    1.196445] pciehp 0000:00:17.4:pcie04: service driver pciehp loaded
[    1.196567] pciehp 0000:00:17.5:pcie04: HPC vendor_id 15ad device_id 7a0 ss_vid 0 ss_did 0
[    1.196772] pciehp 0000:00:17.5:pcie04: service driver pciehp loaded
[    1.196893] pciehp 0000:00:17.6:pcie04: HPC vendor_id 15ad device_id 7a0 ss_vid 0 ss_did 0
[    1.197139] pciehp 0000:00:17.6:pcie04: service driver pciehp loaded
[    1.197261] pciehp 0000:00:17.7:pcie04: HPC vendor_id 15ad device_id 7a0 ss_vid 0 ss_did 0
[    1.197464] pciehp 0000:00:17.7:pcie04: service driver pciehp loaded
[    1.197584] pciehp 0000:00:18.0:pcie04: HPC vendor_id 15ad device_id 7a0 ss_vid 0 ss_did 0
[    1.197787] pciehp 0000:00:18.0:pcie04: service driver pciehp loaded
[    1.197907] pciehp 0000:00:18.1:pcie04: HPC vendor_id 15ad device_id 7a0 ss_vid 0 ss_did 0
[    1.198124] pciehp 0000:00:18.1:pcie04: service driver pciehp loaded
[    1.198245] pciehp 0000:00:18.2:pcie04: HPC vendor_id 15ad device_id 7a0 ss_vid 0 ss_did 0
[    1.198447] pciehp 0000:00:18.2:pcie04: service driver pciehp loaded
[    1.198568] pciehp 0000:00:18.3:pcie04: HPC vendor_id 15ad device_id 7a0 ss_vid 0 ss_did 0
[    1.198771] pciehp 0000:00:18.3:pcie04: service driver pciehp loaded
[    1.198892] pciehp 0000:00:18.4:pcie04: HPC vendor_id 15ad device_id 7a0 ss_vid 0 ss_did 0
[    1.199134] pciehp 0000:00:18.4:pcie04: service driver pciehp loaded
[    1.199256] pciehp 0000:00:18.5:pcie04: HPC vendor_id 15ad device_id 7a0 ss_vid 0 ss_did 0
[    1.199514] pciehp 0000:00:18.5:pcie04: service driver pciehp loaded
[    1.203855] pciehp 0000:00:18.6:pcie04: HPC vendor_id 15ad device_id 7a0 ss_vid 0 ss_did 0
[    1.204152] pciehp 0000:00:18.6:pcie04: service driver pciehp loaded
[    1.204301] pciehp 0000:00:18.7:pcie04: HPC vendor_id 15ad device_id 7a0 ss_vid 0 ss_did 0
[    1.204505] pciehp 0000:00:18.7:pcie04: service driver pciehp loaded
[    1.204517] pciehp: PCI Express Hot Plug Controller Driver version: 0.4
[    1.204818] ACPI: AC Adapter [ACAD] (on-line)
[    1.204902] input: Power Button as /devices/LNXSYSTM:00/LNXPWRBN:00/input/input0
[    1.204906] ACPI: Power Button [PWRF]
[    1.212024] processor LNXCPU:00: registered as cooling_device0
[    1.395507] Serial: 8250/16550 driver, 4 ports, IRQ sharing enabled
[    1.395550] serial8250: ttyS0 at I/O 0x3f8 (irq = 4) is a 16550A
[    1.395592] serial8250: ttyS1 at I/O 0x2f8 (irq = 3) is a 16550A
[    1.395634] 00:0a: ttyS0 at I/O 0x3f8 (irq = 4) is a 16550A
[    1.395677] 00:0b: ttyS1 at I/O 0x2f8 (irq = 3) is a 16550A
[    1.395719] brd: module loaded
[    1.395762] loop: module loaded
[    1.395804] input: Macintosh mouse button emulation as /devices/virtual/input/input1
[    1.395846] ata_piix 0000:00:07.1: version 2.13
[    1.395975] isapnp: Scanning for PnP cards...
[    1.401699] scsi0 : ata_piix
[    1.401831] scsi1 : ata_piix
[    1.401874] ata1: PATA max UDMA/33 cmd 0x1f0 ctl 0x3f6 bmdma 0x1060 irq 14
[    1.401878] ata2: PATA max UDMA/33 cmd 0x170 ctl 0x376 bmdma 0x1068 irq 15
[    1.401930] Fixed MDIO Bus: probed
[    1.401958] PPP generic driver version 2.4.2
[    1.401998] tun: Universal TUN/TAP device driver, 1.6
[    1.402000] tun: (C) 1999-2004 Max Krasnyansky <maxk@qualcomm.com>
[    1.402043] ehci_hcd: USB 2.0 'Enhanced' Host Controller (EHCI) Driver
[    1.402076]   alloc irq_desc for 17 on node -1
[    1.402079]   alloc kstat_irqs on node -1
[    1.402091] ehci_hcd 0000:02:03.0: PCI INT A -> GSI 17 (level, low) -> IRQ 17
[    1.402134] ehci_hcd 0000:02:03.0: EHCI Host Controller
[    1.402174] ehci_hcd 0000:02:03.0: new USB bus registered, assigned bus number 1
[    1.402217] ehci_hcd 0000:02:03.0: cache line size of 32 is not supported
[    1.402242] ehci_hcd 0000:02:03.0: irq 17, io mem 0xfd5ff000
[    1.452380] ehci_hcd 0000:02:03.0: USB 2.0 started, EHCI 1.00
[    1.452422] usb usb1: configuration #1 chosen from 1 choice
[    1.452445] hub 1-0:1.0: USB hub found
[    1.452482] hub 1-0:1.0: 6 ports detected
[    1.452525] ohci_hcd: USB 1.1 'Open' Host Controller (OHCI) Driver
[    1.452546] uhci_hcd: USB Universal Host Controller Interface driver
[    1.452588]   alloc irq_desc for 18 on node -1
[    1.452592]   alloc kstat_irqs on node -1
[    1.452603] uhci_hcd 0000:02:00.0: PCI INT A -> GSI 18 (level, low) -> IRQ 18
[    1.452638] uhci_hcd 0000:02:00.0: UHCI Host Controller
[    1.452680] uhci_hcd 0000:02:00.0: new USB bus registered, assigned bus number 2
[    1.452770] uhci_hcd 0000:02:00.0: irq 18, io base 0x000020c0
[    1.452812] usb usb2: configuration #1 chosen from 1 choice
[    1.452831] hub 2-0:1.0: USB hub found
[    1.452853] hub 2-0:1.0: 2 ports detected
[    1.452896] PNP: PS/2 Controller [PNP0303:KBC,PNP0f13:MOUS] at 0x60,0x64 irq 1,12
[    1.453198] serio: i8042 KBD port at 0x60,0x64 irq 1
[    1.453208] serio: i8042 AUX port at 0x60,0x64 irq 12
[    1.453250] mice: PS/2 mouse device common for all mice
[    1.453293] rtc_cmos 00:04: rtc core: registered rtc_cmos as rtc0
[    1.453408] rtc0: alarms up to one month, y3k, 114 bytes nvram, hpet irqs
[    1.453451] device-mapper: uevent: version 1.0.3
[    1.454139] input: AT Translated Set 2 keyboard as /devices/platform/i8042/serio0/input/input2
[    1.458911] device-mapper: ioctl: 4.15.0-ioctl (2009-04-01) initialised: dm-devel@redhat.com
[    1.459041] device-mapper: multipath: version 1.1.0 loaded
[    1.459047] device-mapper: multipath round-robin: version 1.0.0 loaded
[    1.459159] EISA: Probing bus 0 at eisa.0
[    1.459189] Cannot allocate resource for EISA slot 1
[    1.459193] Cannot allocate resource for EISA slot 2
[    1.459195] Cannot allocate resource for EISA slot 3
[    1.459198] Cannot allocate resource for EISA slot 4
[    1.459200] Cannot allocate resource for EISA slot 5
[    1.459203] Cannot allocate resource for EISA slot 6
[    1.459205] Cannot allocate resource for EISA slot 7
[    1.459208] Cannot allocate resource for EISA slot 8
[    1.459210] EISA: Detected 0 cards.
[    1.462937] cpuidle: using governor ladder
[    1.462940] cpuidle: using governor menu
[    1.462982] TCP cubic registered
[    1.463025] NET: Registered protocol family 10
[    1.463067] lo: Disabled Privacy Extensions
[    1.463110] NET: Registered protocol family 17
[    1.463152] Using IPI No-Shortcut mode
[    1.463194] PM: Resume from disk failed.
[    1.463206] registered taskstats version 1
[    1.469002]   Magic number: 15:741:522
[    1.488923] rtc_cmos 00:04: setting system clock to 2015-01-06 08:32:05 UTC (1420533125)
[    1.488928] BIOS EDD facility v0.16 2004-Jun-25, 0 devices found
[    1.488930] EDD information not available.
[    1.638415] Freeing initrd memory: 7808k freed
[    1.859551] usb 2-1: new full speed USB device using uhci_hcd and address 2
[    1.903661] isapnp: No Plug & Play device found
[    1.903742] Freeing unused kernel memory: 656k freed
[    1.903785] Write protecting the kernel text: 4676k
[    1.903827] Write protecting the kernel read-only data: 1840k
[    1.914922] udev: starting version 151
[    1.953956] VMware vmxnet3 virtual NIC driver - version 1.0.5.0-k-NAPI
[    1.966286] VMware PVSCSI driver - version 1.0.1.0-k
[    1.974319] Fusion MPT base driver 3.04.12
[    1.974323] Copyright (c) 1999-2008 LSI Corporation
[    1.974751] Fusion MPT SPI Host driver 3.04.12
[    1.974793] mptspi 0000:00:10.0: PCI INT A -> GSI 17 (level, low) -> IRQ 17
[    2.033958] mptbase: ioc0: Initiating bringup
[    2.037480] usb 2-1: configuration #1 chosen from 1 choice
[    2.069581] ahci 0000:02:05.0: version 3.0
[    2.069641]   alloc irq_desc for 19 on node -1
[    2.069645]   alloc kstat_irqs on node -1
[    2.069669] ahci 0000:02:05.0: PCI INT A -> GSI 19 (level, low) -> IRQ 19
[    2.069730]   alloc irq_desc for 56 on node -1
[    2.069733]   alloc kstat_irqs on node -1
[    2.069786] ahci 0000:02:05.0: irq 56 for MSI/MSI-X
[    2.069847] ahci 0000:02:05.0: AHCI 0001.0300 32 slots 30 ports 6 Gbps 0x3fffffff impl SATA mode
[    2.069855] ahci 0000:02:05.0: flags: 64bit ncq clo only 
[    2.073386] VMware vmxnet virtual NIC driver
[    2.073593] Floppy drive(s): fd0 is 1.44M
[    2.090130] FDC 0 is a post-1991 82077
[    2.105730] ioc0: LSI53C1030 B0: Capabilities={Initiator}
[    2.149079] usb 2-2: new full speed USB device using uhci_hcd and address 3
[    2.149577] usbcore: registered new interface driver hiddev
[    2.150032] scsi2 : ahci
[    2.150322] scsi3 : ahci
[    2.150509] scsi4 : ahci
[    2.150673] scsi5 : ahci
[    2.150778] scsi6 : ahci
[    2.150888] scsi7 : ahci
[    2.151025] scsi8 : ahci
[    2.151164] scsi9 : ahci
[    2.151424] input: VMware VMware Virtual USB Mouse as /devices/pci0000:00/0000:00:11.0/0000:02:00.0/usb2/2-1/2-1:1.0/input/input3
[    2.151532] generic-usb 0003:0E0F:0003.0001: input,hidraw0: USB HID v1.10 Mouse [VMware VMware Virtual USB Mouse] on usb-0000:02:00.0-1/input0
[    2.151553] usbcore: registered new interface driver usbhid
[    2.151557] usbhid: v2.6:USB HID core driver
[    2.154206] scsi10 : ahci
[    2.155047] scsi11 : ahci
[    2.155183] scsi12 : ahci
[    2.155289] scsi13 : ahci
[    2.155393] scsi14 : ahci
[    2.155494] scsi15 : ahci
[    2.155605] scsi16 : ahci
[    2.155709] scsi17 : ahci
[    2.155820] scsi18 : ahci
[    2.155961] scsi19 : ahci
[    2.156087] scsi20 : ahci
[    2.156196] scsi21 : ahci
[    2.156303] scsi22 : ahci
[    2.156422] scsi23 : ahci
[    2.156534] scsi24 : ahci
[    2.156630] scsi25 : ahci
[    2.156744] scsi26 : ahci
[    2.156843] scsi27 : ahci
[    2.156955] scsi28 : ahci
[    2.157100] scsi29 : ahci
[    2.157209] scsi30 : ahci
[    2.157331] scsi31 : ahci
[    2.157414] ata3: SATA max UDMA/133 abar m4096@0xfd5fe000 port 0xfd5fe100 irq 56
[    2.157419] ata4: SATA max UDMA/133 abar m4096@0xfd5fe000 port 0xfd5fe180 irq 56
[    2.157422] ata5: SATA max UDMA/133 abar m4096@0xfd5fe000 port 0xfd5fe200 irq 56
[    2.157425] ata6: SATA max UDMA/133 abar m4096@0xfd5fe000 port 0xfd5fe280 irq 56
[    2.157428] ata7: SATA max UDMA/133 abar m4096@0xfd5fe000 port 0xfd5fe300 irq 56
[    2.157431] ata8: SATA max UDMA/133 abar m4096@0xfd5fe000 port 0xfd5fe380 irq 56
[    2.157434] ata9: SATA max UDMA/133 abar m4096@0xfd5fe000 port 0xfd5fe400 irq 56
[    2.157437] ata10: SATA max UDMA/133 abar m4096@0xfd5fe000 port 0xfd5fe480 irq 56
[    2.157439] ata11: SATA max UDMA/133 abar m4096@0xfd5fe000 port 0xfd5fe500 irq 56
[    2.157442] ata12: SATA max UDMA/133 abar m4096@0xfd5fe000 port 0xfd5fe580 irq 56
[    2.157445] ata13: SATA max UDMA/133 abar m4096@0xfd5fe000 port 0xfd5fe600 irq 56
[    2.157448] ata14: SATA max UDMA/133 abar m4096@0xfd5fe000 port 0xfd5fe680 irq 56
[    2.157451] ata15: SATA max UDMA/133 abar m4096@0xfd5fe000 port 0xfd5fe700 irq 56
[    2.157454] ata16: SATA max UDMA/133 abar m4096@0xfd5fe000 port 0xfd5fe780 irq 56
[    2.157457] ata17: SATA max UDMA/133 abar m4096@0xfd5fe000 port 0xfd5fe800 irq 56
[    2.157460] ata18: SATA max UDMA/133 abar m4096@0xfd5fe000 port 0xfd5fe880 irq 56
[    2.157463] ata19: SATA max UDMA/133 abar m4096@0xfd5fe000 port 0xfd5fe900 irq 56
[    2.157466] ata20: SATA max UDMA/133 abar m4096@0xfd5fe000 port 0xfd5fe980 irq 56
[    2.157468] ata21: SATA max UDMA/133 abar m4096@0xfd5fe000 port 0xfd5fea00 irq 56
[    2.157471] ata22: SATA max UDMA/133 abar m4096@0xfd5fe000 port 0xfd5fea80 irq 56
[    2.157474] ata23: SATA max UDMA/133 abar m4096@0xfd5fe000 port 0xfd5feb00 irq 56
[    2.157477] ata24: SATA max UDMA/133 abar m4096@0xfd5fe000 port 0xfd5feb80 irq 56
[    2.157480] ata25: SATA max UDMA/133 abar m4096@0xfd5fe000 port 0xfd5fec00 irq 56
[    2.157483] ata26: SATA max UDMA/133 abar m4096@0xfd5fe000 port 0xfd5fec80 irq 56
[    2.157486] ata27: SATA max UDMA/133 abar m4096@0xfd5fe000 port 0xfd5fed00 irq 56
[    2.157489] ata28: SATA max UDMA/133 abar m4096@0xfd5fe000 port 0xfd5fed80 irq 56
[    2.157492] ata29: SATA max UDMA/133 abar m4096@0xfd5fe000 port 0xfd5fee00 irq 56
[    2.157497] ata30: SATA max UDMA/133 abar m4096@0xfd5fe000 port 0xfd5fee80 irq 56
[    2.157500] ata31: SATA max UDMA/133 abar m4096@0xfd5fe000 port 0xfd5fef00 irq 56
[    2.157503] ata32: SATA max UDMA/133 abar m4096@0xfd5fe000 port 0xfd5fef80 irq 56
[    2.157904] vmxnet 0000:02:01.0: PCI INT A -> GSI 19 (level, low) -> IRQ 19
[    2.161374] Found vmxnet/PCI at 0x2024, irq 19.
[    2.162108] features:
[    2.162123] numRxBuffers = 100, numRxBuffers2 = 1
[    2.217080] pcnet32.c:v1.35 21.Apr.2008 tsbogend@alpha.franken.de
[    2.264865] scsi32 : ioc0: LSI53C1030 B0, FwRev=01032920h, Ports=1, MaxQ=128, IRQ=17
[    2.277826] usb 2-2: configuration #1 chosen from 1 choice
[    2.281111] hub 2-2:1.0: USB hub found
[    2.281590] hub 2-2:1.0: 7 ports detected
[    2.376765] scsi 32:0:0:0: Direct-Access     VMware,  VMware Virtual S 1.0  PQ: 0 ANSI: 2
[    2.376782] scsi target32:0:0: Beginning Domain Validation
[    2.376842] scsi target32:0:0: Domain Validation skipping write tests
[    2.376846] scsi target32:0:0: Ending Domain Validation
[    2.376875] scsi target32:0:0: FAST-40 WIDE SCSI 80.0 MB/s ST (25 ns, offset 127)
[    2.377482] sd 32:0:0:0: Attached scsi generic sg0 type 0
[    2.377660] sd 32:0:0:0: [sda] 41943040 512-byte logical blocks: (21.4 GB/20.0 GiB)
[    2.377694] sd 32:0:0:0: [sda] Write Protect is off
[    2.377697] sd 32:0:0:0: [sda] Mode Sense: 61 00 00 00
[    2.377758] sd 32:0:0:0: [sda] Cache data unavailable
[    2.377761] sd 32:0:0:0: [sda] Assuming drive cache: write through
[    2.377822] sd 32:0:0:0: [sda] Cache data unavailable
[    2.377825] sd 32:0:0:0: [sda] Assuming drive cache: write through
[    2.377829]  sda: sda1 sda2 < sda5 >
[    2.393043] sd 32:0:0:0: [sda] Cache data unavailable
[    2.393047] sd 32:0:0:0: [sda] Assuming drive cache: write through
[    2.393050] sd 32:0:0:0: [sda] Attached SCSI disk
[    2.480273] ata8: SATA link down (SStatus 0 SControl 300)
[    2.480384] ata5: SATA link down (SStatus 0 SControl 300)
[    2.480509] ata20: SATA link down (SStatus 0 SControl 300)
[    2.480548] ata16: SATA link down (SStatus 0 SControl 300)
[    2.480583] ata11: SATA link down (SStatus 0 SControl 300)
[    2.480618] ata7: SATA link down (SStatus 0 SControl 300)
[    2.480650] ata10: SATA link down (SStatus 0 SControl 300)
[    2.480682] ata17: SATA link down (SStatus 0 SControl 300)
[    2.480714] ata18: SATA link down (SStatus 0 SControl 300)
[    2.480748] ata4: SATA link up 6.0 Gbps (SStatus 133 SControl 300)
[    2.480864] ata4.00: ATAPI: VMware Virtual SATA CDRW Drive, 00000001, max UDMA/33
[    2.480979] ata4.00: configured for UDMA/33
[    2.481125] ata22: SATA link down (SStatus 0 SControl 300)
[    2.481159] ata6: SATA link down (SStatus 0 SControl 300)
[    2.481192] ata14: SATA link down (SStatus 0 SControl 300)
[    2.481227] ata3: SATA link down (SStatus 0 SControl 300)
[    2.481476] scsi 3:0:0:0: CD-ROM            NECVMWar VMware SATA CD01 1.00 PQ: 0 ANSI: 5
[    2.481993] ata21: SATA link down (SStatus 0 SControl 300)
[    2.482029] ata12: SATA link down (SStatus 0 SControl 300)
[    2.482062] ata13: SATA link down (SStatus 0 SControl 300)
[    2.482095] ata19: SATA link down (SStatus 0 SControl 300)
[    2.482130] ata15: SATA link down (SStatus 0 SControl 300)
[    2.482163] ata9: SATA link down (SStatus 0 SControl 300)
[    2.482913] sr0: scsi3-mmc drive: 1x/1x writer dvd-ram cd/rw xa/form2 cdda tray
[    2.482934] Uniform CD-ROM driver Revision: 3.20
[    2.483282] sr 3:0:0:0: Attached scsi CD-ROM sr0
[    2.483449] sr 3:0:0:0: Attached scsi generic sg1 type 5
[    2.484221] ata25: SATA link down (SStatus 0 SControl 300)
[    2.484256] ata24: SATA link down (SStatus 0 SControl 300)
[    2.484292] ata27: SATA link down (SStatus 0 SControl 300)
[    2.484327] ata31: SATA link down (SStatus 0 SControl 300)
[    2.484360] ata29: SATA link down (SStatus 0 SControl 300)
[    2.484400] ata28: SATA link down (SStatus 0 SControl 300)
[    2.484433] ata23: SATA link down (SStatus 0 SControl 300)
[    2.484465] ata30: SATA link down (SStatus 0 SControl 300)
[    2.484497] ata26: SATA link down (SStatus 0 SControl 300)
[    2.484985] ata32: SATA link down (SStatus 0 SControl 300)
[    2.598790] EXT4-fs (sda1): INFO: recovery required on readonly filesystem
[    2.598799] EXT4-fs (sda1): write access will be enabled during recovery
[    2.668599] EXT4-fs (sda1): orphan cleanup on readonly fs
[    2.668615] EXT4-fs (sda1): ext4_orphan_cleanup: deleting unreferenced inode 141298
[    2.668837] EXT4-fs (sda1): ext4_orphan_cleanup: deleting unreferenced inode 141300
[    2.668849] EXT4-fs (sda1): ext4_orphan_cleanup: deleting unreferenced inode 141299
[    2.668859] EXT4-fs (sda1): 3 orphan inodes deleted
[    2.668862] EXT4-fs (sda1): recovery complete
[    2.671038] EXT4-fs (sda1): mounted filesystem with ordered data mode
[    5.301179] udev: starting version 151
[    5.340444] Adding 916472k swap on /dev/sda5.  Priority:-1 extents:1 across:916472k 
[    5.408762] vga16fb: initializing
[    5.408769] vga16fb: mapped to 0xc00a0000
[    5.408880] fb0: VGA16 VGA frame buffer device
[    5.410468] lp: driver loaded but no devices found
[    5.452712] udev: renamed network interface eth0 to eth4
[    5.468567] shpchp: Standard Hot Plug PCI Controller Driver version: 0.4
[    5.469326] piix4_smbus 0000:00:07.3: Host SMBus controller not enabled!
[    5.488085] Linux agpgart interface v0.103
[    5.495528] [420]: VMCI: shared components initialized.
[    5.495590] Probing for vmci/PCI.
[    5.495641]   alloc irq_desc for 16 on node -1
[    5.495644]   alloc kstat_irqs on node -1
[    5.495661] vmci 0000:00:07.7: PCI INT A -> GSI 16 (level, low) -> IRQ 16
[    5.495708] Found vmci/PCI at 0x1080, irq 16.
[    5.495712] VMCI: using capabilities 0xc.
[    5.495839] [420]: VMCI: Host capability check passed.
[    5.495981]   alloc irq_desc for 57 on node -1
[    5.495985]   alloc kstat_irqs on node -1
[    5.496048] vmci 0000:00:07.7: irq 57 for MSI/MSI-X
[    5.496051]   alloc irq_desc for 58 on node -1
[    5.496054]   alloc kstat_irqs on node -1
[    5.496104] vmci 0000:00:07.7: irq 58 for MSI/MSI-X
[    5.496247] Registered vmci device.
[    5.496303] [420]: VMCI: Using guest personality
[    5.496306] [420]: VMCI: host components initialized.
[    5.496364] [420]: VMCI: Module registered (name=vmci, major=10, minor=55).
[    5.496366] [420]: VMCI: Using host personality
[    5.496369] [420]: VMCI: Module (name=vmci) is initialized
[    5.496905] agpgart-intel 0000:00:00.0: Intel 440BX Chipset
[    5.771569] agpgart-intel 0000:00:00.0: AGP aperture is 256M @ 0x0
[    5.829710] type=1505 audit(1420533129.849:2):  operation="profile_load" pid=483 name="/sbin/dhclient3"
[    5.829852] type=1505 audit(1420533129.849:3):  operation="profile_load" pid=483 name="/usr/lib/NetworkManager/nm-dhcp-client.action"
[    5.829994] type=1505 audit(1420533129.849:4):  operation="profile_load" pid=483 name="/usr/lib/connman/scripts/dhclient-script"
[    5.998989] parport_pc 00:09: reported by Plug and Play ACPI
[    5.999059] parport0: PC-style at 0x378, irq 7 [PCSPP,TRISTATE]
[    6.090243] lp0: using parport0 (interrupt-driven).
[    6.106184] psmouse serio1: ID: 10 00 64
[    6.106260] input: ImPS/2 Generic Wheel Mouse as /devices/platform/i8042/serio1/input/input4
[    6.151646] ppdev: user-space parallel port driver
[    6.323826] ENS1371 0000:02:02.0: PCI INT A -> GSI 16 (level, low) -> IRQ 16
[    7.092272] Console: switching to colour frame buffer device 80x30
[    9.579808] type=1505 audit(1420533133.609:5):  operation="profile_load" pid=823 name="/usr/share/gdm/guest-session/Xsession"
[    9.674863] type=1505 audit(1420533133.706:6):  operation="profile_replace" pid=827 name="/sbin/dhclient3"
[    9.675385] type=1505 audit(1420533133.706:7):  operation="profile_replace" pid=827 name="/usr/lib/NetworkManager/nm-dhcp-client.action"
[    9.675651] type=1505 audit(1420533133.706:8):  operation="profile_replace" pid=827 name="/usr/lib/connman/scripts/dhclient-script"
[    9.732525] type=1505 audit(1420533133.765:9):  operation="profile_load" pid=828 name="/usr/bin/evince"
[    9.979439] type=1505 audit(1420533134.010:10):  operation="profile_load" pid=828 name="/usr/bin/evince-previewer"
[   10.019639] type=1505 audit(1420533134.017:11):  operation="profile_load" pid=828 name="/usr/bin/evince-thumbnailer"
[   10.119315] type=1505 audit(1420533134.153:12):  operation="profile_load" pid=832 name="/usr/lib/cups/backend/cups-pdf"
[   10.122429] type=1505 audit(1420533134.153:13):  operation="profile_load" pid=832 name="/usr/sbin/cupsd"
[   10.175217] type=1505 audit(1420533134.210:14):  operation="profile_load" pid=835 name="/usr/sbin/tcpdump"
[   13.971109] acpiphp: ACPI Hot Plug PCI Controller Driver version: 0.5
[   13.971526] acpiphp: Slot [32] registered
[   13.972074] acpiphp: Slot [33] registered
[   13.972436] acpiphp: Slot [34] registered
[   13.973142] acpiphp: Slot [35] registered
[   13.973506] acpiphp: Slot [36] registered
[   13.973889] acpiphp: Slot [37] registered
[   13.974257] acpiphp: Slot [38] registered
[   14.008065] acpiphp: Slot [39] registered
[   14.009595] acpiphp: Slot [40] registered
[   14.012925] acpiphp: Slot [41] registered
[   14.013357] acpiphp: Slot [42] registered
[   14.013717] acpiphp: Slot [43] registered
[   14.014152] acpiphp: Slot [44] registered
[   14.014514] acpiphp: Slot [45] registered
[   14.014887] acpiphp: Slot [46] registered
[   14.015247] acpiphp: Slot [47] registered
[   14.015605] acpiphp: Slot [48] registered
[   14.017754] acpiphp: Slot [49] registered
[   14.018373] acpiphp: Slot [50] registered
[   14.018895] acpiphp: Slot [51] registered
[   14.019484] acpiphp: Slot [52] registered
[   14.020131] acpiphp: Slot [53] registered
[   14.020966] acpiphp: Slot [54] registered
[   14.021349] acpiphp: Slot [55] registered
[   14.021704] acpiphp: Slot [56] registered
[   14.022119] acpiphp: Slot [57] registered
[   14.022482] acpiphp: Slot [58] registered
[   14.022900] acpiphp: Slot [59] registered
[   14.023276] acpiphp: Slot [60] registered
[   14.023635] acpiphp: Slot [61] registered
[   14.024002] acpiphp: Slot [62] registered
[   14.024220] acpiphp: Slot [63] registered
[   14.109574] acpiphp_glue: Slot 160 already registered by another hotplug driver
[   14.109607] acpiphp_glue: Slot 192 already registered by another hotplug driver
[   14.109637] acpiphp_glue: Slot 224 already registered by another hotplug driver
[   14.109669] acpiphp_glue: Slot 256 already registered by another hotplug driver
[   14.109732] acpiphp_glue: Slot 161 already registered by another hotplug driver
[   14.109755] acpiphp_glue: Slot 162 already registered by another hotplug driver
[   14.109778] acpiphp_glue: Slot 163 already registered by another hotplug driver
[   14.109805] acpiphp_glue: Slot 164 already registered by another hotplug driver
[   14.109828] acpiphp_glue: Slot 165 already registered by another hotplug driver
[   14.109852] acpiphp_glue: Slot 166 already registered by another hotplug driver
[   14.109876] acpiphp_glue: Slot 167 already registered by another hotplug driver
[   14.109901] acpiphp_glue: Slot 193 already registered by another hotplug driver
[   14.109929] acpiphp_glue: Slot 194 already registered by another hotplug driver
[   14.109954] acpiphp_glue: Slot 195 already registered by another hotplug driver
[   14.109980] acpiphp_glue: Slot 196 already registered by another hotplug driver
[   14.110006] acpiphp_glue: Slot 197 already registered by another hotplug driver
[   14.110032] acpiphp_glue: Slot 198 already registered by another hotplug driver
[   14.110060] acpiphp_glue: Slot 199 already registered by another hotplug driver
[   14.110090] acpiphp_glue: Slot 225 already registered by another hotplug driver
[   14.110119] acpiphp_glue: Slot 226 already registered by another hotplug driver
[   14.110149] acpiphp_glue: Slot 227 already registered by another hotplug driver
[   14.110176] acpiphp_glue: Slot 228 already registered by another hotplug driver
[   14.110202] acpiphp_glue: Slot 229 already registered by another hotplug driver
[   14.110250] acpiphp_glue: Slot 230 already registered by another hotplug driver
[   14.110278] acpiphp_glue: Slot 231 already registered by another hotplug driver
[   14.110306] acpiphp_glue: Slot 257 already registered by another hotplug driver
[   14.110334] acpiphp_glue: Slot 258 already registered by another hotplug driver
[   14.110362] acpiphp_glue: Slot 259 already registered by another hotplug driver
[   14.110390] acpiphp_glue: Slot 260 already registered by another hotplug driver
[   14.110419] acpiphp_glue: Slot 261 already registered by another hotplug driver
[   14.110448] acpiphp_glue: Slot 262 already registered by another hotplug driver
[   14.110477] acpiphp_glue: Slot 263 already registered by another hotplug driver
[   16.358997] vmmemctl: started kernel thread pid=1043
[   16.359016] VMware memory control driver initialized
[   19.900239] eth4: no IPv6 routers present
[  591.310710] end_request: I/O error, dev fd0, sector 0
[  591.335247] end_request: I/O error, dev fd0, sector 0
[  689.071688] core is opening.
[  689.071693] core has opened.
[  690.078923] core is opening.
[  690.078928] [UEMAC][print_info]69183581 FSM INIT-init SV
[  690.078932] [UEMAC][init]CCCH_defaultconfig completed
[  690.078933] [UEMAC][ra_rrcconfig]:RACH config have done 
[  690.078934] core has opened.
[  691.086241] core is opening.
[  691.086245] [RLC][rlc_init_enter] PCCH instance has bulided
[  691.086246] [RLC][rlc_init_enter] BCCH instance has bulided
[  691.086247] [RLC][rlc_init_enter] CCCH recv instance has bulided
[  691.086248] [RLC][rlc_init_enter] CCCH tran instance has bulided
[  691.086256] core has opened.
[  692.093223] core is opening.
[  692.093227] [PDCP][init_enter] pdcp has opened
[  692.093228]  core has opened.
[  693.099782] core is opening.
[  693.099785] [rrc] [fsm] st_init_enter().
[  693.099786] Setup message size: 1264
[  693.099787] [rrc] [fsm] st_init_exit().
[  693.099788] [rrc] [fsm] rrc_cell_sel_enter().
[  693.099795] core has opened.
[  693.100410] [rrc] [fsm] st_cell_sel_exit().
[  693.100412] [rrc] [fsm] start_recv_sysInfo().
[  693.100413] [rrc] [fsm] st_wait_sysInfo_enter().
[  693.101365] [rrc] [fsm] st_wait_sysInfo_exit().
[  693.101368] [rrc] [fsm] transit_to_idle().
[  693.101369] [rrc] [fsm] st_idle_normal_enter().
[  693.101380] [UEMAC][print_info]69486657 [UEMAC][idle_default]MAC idle_default_handler
[  693.101382] [UEMAC][print_info]69486657 [UEMAC][idle_default]MAC IDLE default ioctl hander,
[  693.101384] [MAC][DEFAULT_CMD]69
[  693.101385] [MAC][RECVPAG]
[  693.101389] SRIO:IOCCMD_MACtoPHY_recv_paging.
[  693.101390] SRIO: send paging!
[  693.101393] 
[  693.101397] [UEMAC][print_info]69486659 [UEMAC][idle_default]MAC idle_default_handler
[  693.101399] [UEMAC][print_info]69486659 [UEMAC][idle_default][-->]MAC IDLE receive a data packet from PHYadapter
[  693.101401] 
[  693.101402] [UEMAC][idle_default]SV(CRTimer.flag)=false
[  694.132768] core is opening.
[  694.132771] []BEFORE DRIVE!
[  694.132776] []BEFORE FLUSH!
[  694.132777] []AFTER FLUSH!
[  694.132778] core has opened.
[  694.133560] fsm_tm_expire
[  694.133561] []BEFORE DRIVE!
[  694.133563] []BEFORE FLUSH!
[  694.133564] []AFTER FLUSH!
[  694.133564] fsm core completes self drive.
[  694.133565] ready to unlock
[  695.213814] []BEFORE DRIVE!
[  695.213819] 		IP tos: 192;IP version:4;protocol:2
[  695.213821] 		IP source addr:10.10.10.8;IP dest addr:224.0.0.22;
[  695.213854] []BEFORE FLUSH!
[  695.213855] []AFTER FLUSH!
[  695.478729] []BEFORE DRIVE!
[  695.478733] 		IP tos: 0;IP version:4;protocol:17
[  695.478735] 		IP source addr:10.10.10.8;IP dest addr:224.0.0.251;
[  695.478737] 		user id =8,drb id = 3
[  695.478738] 		pbCh = 0, rbId = 3
[  695.478739] [IPADP] the data is 
[  695.478740] =====================================================
[  695.478741] 5d 0c 5f 77 6f 72 6b 73 74 61 74 69 6f 6e 04 5f 
[  695.478751] 74 63 70 05 6c 6f 63 61 6c 00 00 ff 00 01 0b 7a 
[  695.478761] 6c 6a 2d 64 65 73 6b 74 6f 70 c0 2d 00 ff 00 01 
[  695.478771] 01 38 
[  695.478773] =====================================================
[  695.478775] []BEFORE FLUSH!
[  695.478775] []AFTER FLUSH!
[  695.478784] [PDCP][pdcp_pkt_receive_from_upper] -->receive from upper
[  695.478786] [PDCP][pdcp_pkt_receive_from_upper] <--send to RLC
[  695.478787] [PDCP][pdcp_pkt_receive_from_upper] the data is 
[  695.478788] =====================================================
[  695.478789] 00 00 d9 08 00 03 00 00 00 00 00 45 00 00 d9 00 
[  695.478799] 00 40 00 ff 11 86 06 0a 0a 0a 08 e0 00 00 fb 14 
[  695.478809] e9 14 e9 00 c5 2f 78 00 00 00 00 00 03 00 00 00 
[  695.478818] 05 00 
[  695.478820] =====================================================
[  695.478824] [RLC][rlc_pkt_receive_from_upper][-->] receive from upper, pbch=0
[  695.478826] [RLC][rlc_pkt_receive_from_upper] cannot distinfuish this  0[]BEFORE DRIVE!
[  695.576168] 		IP tos: 0;IP version:4;protocol:17
[  695.576171] 		IP source addr:10.10.10.8;IP dest addr:224.0.0.251;
[  695.576173] 		user id =8,drb id = 3
[  695.576174] 		pbCh = 0, rbId = 3
[  695.576175] [IPADP] the data is 
[  695.576175] =====================================================
[  695.576177] 73 2d 73 64 04 5f 75 64 70 05 6c 6f 63 61 6c 00 
[  695.576187] 00 0c 00 01 00 00 11 94 00 14 0c 5f 77 6f 72 6b 
[  695.576197] 73 74 61 74 69 6f 6e 04 5f 74 63 70 c0 23 c0 34 
[  695.576206] 00 0c 
[  695.576208] =====================================================
[  695.576210] []BEFORE FLUSH!
[  695.576211] []AFTER FLUSH!
[  695.576220] [PDCP][pdcp_pkt_receive_from_upper] -->receive from upper
[  695.576222] [PDCP][pdcp_pkt_receive_from_upper] <--send to RLC
[  695.576223] [PDCP][pdcp_pkt_receive_from_upper] the data is 
[  695.576224] =====================================================
[  695.576225] 00 00 81 08 00 03 00 a9 00 00 02 45 00 00 81 00 
[  695.576235] 00 40 00 ff 11 86 5e 0a 0a 0a 08 e0 00 00 fb 14 
[  695.576245] e9 14 e9 00 6d 82 2f 00 00 84 00 00 00 00 02 00 
[  695.576255] 00 00 
[  695.576257] =====================================================
[  695.576260] [RLC][rlc_pkt_receive_from_upper][-->] receive from upper, pbch=0
[  695.576262] [RLC][rlc_pkt_receive_from_upper] cannot distinfuish this  0[]BEFORE DRIVE!
[  695.729379] 		IP tos: 0;IP version:4;protocol:17
[  695.729382] 		IP source addr:10.10.10.8;IP dest addr:224.0.0.251;
[  695.729384] 		user id =8,drb id = 3
[  695.729385] 		pbCh = 0, rbId = 3
[  695.729386] [IPADP] the data is 
[  695.729387] =====================================================
[  695.729388] 5d 0c 5f 77 6f 72 6b 73 74 61 74 69 6f 6e 04 5f 
[  695.729398] 74 63 70 05 6c 6f 63 61 6c 00 00 ff 00 01 0b 7a 
[  695.729408] 6c 6a 2d 64 65 73 6b 74 6f 70 c0 2d 00 ff 00 01 
[  695.729417] 01 38 
[  695.729419] =====================================================
[  695.729421] []BEFORE FLUSH!
[  695.729422] []AFTER FLUSH!
[  695.729431] [PDCP][pdcp_pkt_receive_from_upper] -->receive from upper
[  695.729433] [PDCP][pdcp_pkt_receive_from_upper] <--send to RLC
[  695.729434] [PDCP][pdcp_pkt_receive_from_upper] the data is 
[  695.729435] =====================================================
[  695.729436] 00 00 d9 08 00 03 03 0c 00 13 00 45 00 00 d9 00 
[  695.729446] 00 40 00 ff 11 86 06 0a 0a 0a 08 e0 00 00 fb 14 
[  695.729469] e9 14 e9 00 c5 2f 78 00 00 00 00 00 03 00 00 00 
[  695.729479] 05 00 
[  695.729480] =====================================================
[  695.729484] [RLC][rlc_pkt_receive_from_upper][-->] receive from upper, pbch=0
[  695.729486] [RLC][rlc_pkt_receive_from_upper] cannot distinfuish this  0[]BEFORE DRIVE!
[  695.980286] 		IP tos: 0;IP version:4;protocol:17
[  695.980288] 		IP source addr:10.10.10.8;IP dest addr:224.0.0.251;
[  695.980290] 		user id =8,drb id = 3
[  695.980291] 		pbCh = 0, rbId = 3
[  695.980292] [IPADP] the data is 
[  695.980293] =====================================================
[  695.980294] 5d 0c 5f 77 6f 72 6b 73 74 61 74 69 6f 6e 04 5f 
[  695.980304] 74 63 70 05 6c 6f 63 61 6c 00 00 ff 00 01 0b 7a 
[  695.980314] 6c 6a 2d 64 65 73 6b 74 6f 70 c0 2d 00 ff 00 01 
[  695.980324] 01 38 
[  695.980326] =====================================================
[  695.980328] []BEFORE FLUSH!
[  695.980329] []AFTER FLUSH!
[  695.980338] [PDCP][pdcp_pkt_receive_from_upper] -->receive from upper
[  695.980340] [PDCP][pdcp_pkt_receive_from_upper] <--send to RLC
[  695.980341] [PDCP][pdcp_pkt_receive_from_upper] the data is 
[  695.980342] =====================================================
[  695.980343] 00 00 d9 08 00 03 03 0c 00 13 00 45 00 00 d9 00 
[  695.980353] 00 40 00 ff 11 86 06 0a 0a 0a 08 e0 00 00 fb 14 
[  695.980363] e9 14 e9 00 c5 2f 78 00 00 00 00 00 03 00 00 00 
[  695.980373] 05 00 
[  695.980374] =====================================================
[  695.980378] [RLC][rlc_pkt_receive_from_upper][-->] receive from upper, pbch=0
[  695.980380] [RLC][rlc_pkt_receive_from_upper] cannot distinfuish this  0[]BEFORE DRIVE!
[  696.099434] 		IP tos: 192;IP version:4;protocol:2
[  696.099436] 		IP source addr:10.10.10.8;IP dest addr:224.0.0.22;
[  696.099437] []BEFORE FLUSH!
[  696.099438] []AFTER FLUSH!
[  696.179241] []BEFORE DRIVE!
[  696.179246] 		IP tos: 0;IP version:4;protocol:17
[  696.179248] 		IP source addr:10.10.10.8;IP dest addr:224.0.0.251;
[  696.179250] 		user id =8,drb id = 3
