[    0.000000] Initializing cgroup subsys cpuset
[    0.000000] Initializing cgroup subsys cpu
[    0.000000] Linux version 2.6.32-21-generic (buildd@rothera) (gcc version 4.4.3 (Ubuntu 4.4.3-4ubuntu5) ) #32-Ubuntu SMP Fri Apr 16 08:10:02 UTC 2010 (Ubuntu 2.6.32-21.32-generic 2.6.32.11+drm33.2)
[    0.000000] KERNEL supported cpus:
[    0.000000]   Intel GenuineIntel
[    0.000000]   AMD AuthenticAMD
[    0.000000]   NSC Geode by NSC
[    0.000000]   Cyrix CyrixInstead
[    0.000000]   Centaur CentaurHauls
[    0.000000]   Transmeta GenuineTMx86
[    0.000000]   Transmeta TransmetaCPU
[    0.000000]   UMC UMC UMC UMC
[    0.000000] BIOS-provided physical RAM map:
[    0.000000]  BIOS-e820: 0000000000000000 - 000000000009e800 (usable)
[    0.000000]  BIOS-e820: 000000000009e800 - 00000000000a0000 (reserved)
[    0.000000]  BIOS-e820: 00000000000dc000 - 0000000000100000 (reserved)
[    0.000000]  BIOS-e820: 0000000000100000 - 000000003fee0000 (usable)
[    0.000000]  BIOS-e820: 000000003fee0000 - 000000003feff000 (ACPI data)
[    0.000000]  BIOS-e820: 000000003feff000 - 000000003ff00000 (ACPI NVS)
[    0.000000]  BIOS-e820: 000000003ff00000 - 0000000040000000 (usable)
[    0.000000]  BIOS-e820: 00000000f0000000 - 00000000f8000000 (reserved)
[    0.000000]  BIOS-e820: 00000000fec00000 - 00000000fec10000 (reserved)
[    0.000000]  BIOS-e820: 00000000fee00000 - 00000000fee01000 (reserved)
[    0.000000]  BIOS-e820: 00000000fffe0000 - 0000000100000000 (reserved)
[    0.000000] DMI present.
[    0.000000] Phoenix BIOS detected: BIOS may corrupt low RAM, working around it.
[    0.000000] e820 update range: 0000000000000000 - 0000000000010000 (usable) ==> (reserved)
[    0.000000] last_pfn = 0x40000 max_arch_pfn = 0x100000
[    0.000000] MTRR default type: uncachable
[    0.000000] MTRR fixed ranges enabled:
[    0.000000]   00000-9FFFF write-back
[    0.000000]   A0000-BFFFF uncachable
[    0.000000]   C0000-CFFFF write-protect
[    0.000000]   D0000-EFFFF uncachable
[    0.000000]   F0000-FFFFF write-protect
[    0.000000] MTRR variable ranges enabled:
[    0.000000]   0 base 00000000000 mask 3FFC0000000 write-back
[    0.000000]   1 disabled
[    0.000000]   2 disabled
[    0.000000]   3 disabled
[    0.000000]   4 disabled
[    0.000000]   5 disabled
[    0.000000]   6 disabled
[    0.000000]   7 disabled
[    0.000000] x86 PAT enabled: cpu 0, old 0x7040600070406, new 0x7010600070106
[    0.000000] Scanning 0 areas for low memory corruption
[    0.000000] modified physical RAM map:
[    0.000000]  modified: 0000000000000000 - 0000000000010000 (reserved)
[    0.000000]  modified: 0000000000010000 - 000000000009e800 (usable)
[    0.000000]  modified: 000000000009e800 - 00000000000a0000 (reserved)
[    0.000000]  modified: 00000000000dc000 - 0000000000100000 (reserved)
[    0.000000]  modified: 0000000000100000 - 000000003fee0000 (usable)
[    0.000000]  modified: 000000003fee0000 - 000000003feff000 (ACPI data)
[    0.000000]  modified: 000000003feff000 - 000000003ff00000 (ACPI NVS)
[    0.000000]  modified: 000000003ff00000 - 0000000040000000 (usable)
[    0.000000]  modified: 00000000f0000000 - 00000000f8000000 (reserved)
[    0.000000]  modified: 00000000fec00000 - 00000000fec10000 (reserved)
[    0.000000]  modified: 00000000fee00000 - 00000000fee01000 (reserved)
[    0.000000]  modified: 00000000fffe0000 - 0000000100000000 (reserved)
[    0.000000] initial memory mapped : 0 - 00c00000
[    0.000000] init_memory_mapping: 0000000000000000-00000000377fe000
[    0.000000] Using x86 segment limits to approximate NX protection
[    0.000000]  0000000000 - 0000400000 page 4k
[    0.000000]  0000400000 - 0037400000 page 2M
[    0.000000]  0037400000 - 00377fe000 page 4k
[    0.000000] kernel direct mapping tables up to 377fe000 @ 10000-15000
[    0.000000] RAMDISK: 2f7ca000 - 2ff67879
[    0.000000] ACPI: RSDP 000f6ac0 00024 (v02 PTLTD )
[    0.000000] ACPI: XSDT 3feeb60b 0005C (v01 INTEL  440BX    06040000 VMW  01324272)
[    0.000000] ACPI: FACP 3fefee73 000F4 (v04 INTEL  440BX    06040000 PTL  000F4240)
[    0.000000] ACPI: DSDT 3feed0bc 11DB7 (v01 PTLTD  Custom   06040000 MSFT 03000001)
[    0.000000] ACPI: FACS 3fefffc0 00040
[    0.000000] ACPI: BOOT 3feed094 00028 (v01 PTLTD  $SBFTBL$ 06040000  LTP 00000001)
[    0.000000] ACPI: APIC 3feec8bd 00742 (v01 PTLTD  ? APIC   06040000  LTP 00000000)
[    0.000000] ACPI: MCFG 3feec881 0003C (v01 PTLTD  $PCITBL$ 06040000  LTP 00000001)
[    0.000000] ACPI: SRAT 3feeb707 008F8 (v02 VMWARE MEMPLUG  06040000 VMW  00000001)
[    0.000000] ACPI: HPET 3feeb6cf 00038 (v01 VMWARE VMW HPET 06040000 VMW  00000001)
[    0.000000] ACPI: WAET 3feeb6a7 00028 (v01 VMWARE VMW WAET 06040000 VMW  00000001)
[    0.000000] ACPI: Local APIC address 0xfee00000
[    0.000000] 136MB HIGHMEM available.
[    0.000000] 887MB LOWMEM available.
[    0.000000]   mapped low ram: 0 - 377fe000
[    0.000000]   low ram: 0 - 377fe000
[    0.000000]   node 0 low ram: 00000000 - 377fe000
[    0.000000]   node 0 bootmap 00011000 - 00017f00
[    0.000000] (9 early reservations) ==> bootmem [0000000000 - 00377fe000]
[    0.000000]   #0 [0000000000 - 0000001000]   BIOS data page ==> [0000000000 - 0000001000]
[    0.000000]   #1 [0000001000 - 0000002000]    EX TRAMPOLINE ==> [0000001000 - 0000002000]
[    0.000000]   #2 [0000006000 - 0000007000]       TRAMPOLINE ==> [0000006000 - 0000007000]
[    0.000000]   #3 [0000100000 - 00008d9e98]    TEXT DATA BSS ==> [0000100000 - 00008d9e98]
[    0.000000]   #4 [002f7ca000 - 002ff67879]          RAMDISK ==> [002f7ca000 - 002ff67879]
[    0.000000]   #5 [000009e800 - 0000100000]    BIOS reserved ==> [000009e800 - 0000100000]
[    0.000000]   #6 [00008da000 - 00008dd1c0]              BRK ==> [00008da000 - 00008dd1c0]
[    0.000000]   #7 [0000010000 - 0000011000]          PGTABLE ==> [0000010000 - 0000011000]
[    0.000000]   #8 [0000011000 - 0000018000]          BOOTMAP ==> [0000011000 - 0000018000]
[    0.000000] found SMP MP-table at [c00f6b30] f6b30
[    0.000000] Zone PFN ranges:
[    0.000000]   DMA      0x00000010 -> 0x00001000
[    0.000000]   Normal   0x00001000 -> 0x000377fe
[    0.000000]   HighMem  0x000377fe -> 0x00040000
[    0.000000] Movable zone start PFN for each node
[    0.000000] early_node_map[3] active PFN ranges
[    0.000000]     0: 0x00000010 -> 0x0000009e
[    0.000000]     0: 0x00000100 -> 0x0003fee0
[    0.000000]     0: 0x0003ff00 -> 0x00040000
[    0.000000] On node 0 totalpages: 261998
[    0.000000] free_area_init_node: node 0, pgdat c0798720, node_mem_map c1001200
[    0.000000]   DMA zone: 32 pages used for memmap
[    0.000000]   DMA zone: 0 pages reserved
[    0.000000]   DMA zone: 3950 pages, LIFO batch:0
[    0.000000]   Normal zone: 1744 pages used for memmap
[    0.000000]   Normal zone: 221486 pages, LIFO batch:31
[    0.000000]   HighMem zone: 273 pages used for memmap
[    0.000000]   HighMem zone: 34513 pages, LIFO batch:7
[    0.000000] Using APIC driver default
[    0.000000] ACPI: PM-Timer IO Port: 0x1008
[    0.000000] ACPI: Local APIC address 0xfee00000
[    0.000000] ACPI: LAPIC (acpi_id[0x00] lapic_id[0x00] enabled)
[    0.000000] ACPI: LAPIC (acpi_id[0x01] lapic_id[0x02] disabled)
[    0.000000] ACPI: LAPIC (acpi_id[0x02] lapic_id[0x04] disabled)
[    0.000000] ACPI: LAPIC (acpi_id[0x03] lapic_id[0x06] disabled)
[    0.000000] ACPI: LAPIC (acpi_id[0x04] lapic_id[0x08] disabled)
[    0.000000] ACPI: LAPIC (acpi_id[0x05] lapic_id[0x0a] disabled)
[    0.000000] ACPI: LAPIC (acpi_id[0x06] lapic_id[0x0c] disabled)
[    0.000000] ACPI: LAPIC (acpi_id[0x07] lapic_id[0x0e] disabled)
[    0.000000] ACPI: LAPIC (acpi_id[0x08] lapic_id[0x10] disabled)
[    0.000000] ACPI: LAPIC (acpi_id[0x09] lapic_id[0x12] disabled)
[    0.000000] ACPI: LAPIC (acpi_id[0x0a] lapic_id[0x14] disabled)
[    0.000000] ACPI: LAPIC (acpi_id[0x0b] lapic_id[0x16] disabled)
[    0.000000] ACPI: LAPIC (acpi_id[0x0c] lapic_id[0x18] disabled)
[    0.000000] ACPI: LAPIC (acpi_id[0x0d] lapic_id[0x1a] disabled)
[    0.000000] ACPI: LAPIC (acpi_id[0x0e] lapic_id[0x1c] disabled)
[    0.000000] ACPI: LAPIC (acpi_id[0x0f] lapic_id[0x1e] disabled)
[    0.000000] ACPI: LAPIC (acpi_id[0x10] lapic_id[0x20] disabled)
[    0.000000] ACPI: LAPIC (acpi_id[0x11] lapic_id[0x22] disabled)
[    0.000000] ACPI: LAPIC (acpi_id[0x12] lapic_id[0x24] disabled)
[    0.000000] ACPI: LAPIC (acpi_id[0x13] lapic_id[0x26] disabled)
[    0.000000] ACPI: LAPIC (acpi_id[0x14] lapic_id[0x28] disabled)
[    0.000000] ACPI: LAPIC (acpi_id[0x15] lapic_id[0x2a] disabled)
[    0.000000] ACPI: LAPIC (acpi_id[0x16] lapic_id[0x2c] disabled)
[    0.000000] ACPI: LAPIC (acpi_id[0x17] lapic_id[0x2e] disabled)
[    0.000000] ACPI: LAPIC (acpi_id[0x18] lapic_id[0x30] disabled)
[    0.000000] ACPI: LAPIC (acpi_id[0x19] lapic_id[0x32] disabled)
[    0.000000] ACPI: LAPIC (acpi_id[0x1a] lapic_id[0x34] disabled)
[    0.000000] ACPI: LAPIC (acpi_id[0x1b] lapic_id[0x36] disabled)
[    0.000000] ACPI: LAPIC (acpi_id[0x1c] lapic_id[0x38] disabled)
[    0.000000] ACPI: LAPIC (acpi_id[0x1d] lapic_id[0x3a] disabled)
[    0.000000] ACPI: LAPIC (acpi_id[0x1e] lapic_id[0x3c] disabled)
[    0.000000] ACPI: LAPIC (acpi_id[0x1f] lapic_id[0x3e] disabled)
[    0.000000] ACPI: LAPIC (acpi_id[0x20] lapic_id[0x40] disabled)
[    0.000000] ACPI: LAPIC (acpi_id[0x21] lapic_id[0x42] disabled)
[    0.000000] ACPI: LAPIC (acpi_id[0x22] lapic_id[0x44] disabled)
[    0.000000] ACPI: LAPIC (acpi_id[0x23] lapic_id[0x46] disabled)
[    0.000000] ACPI: LAPIC (acpi_id[0x24] lapic_id[0x48] disabled)
[    0.000000] ACPI: LAPIC (acpi_id[0x25] lapic_id[0x4a] disabled)
[    0.000000] ACPI: LAPIC (acpi_id[0x26] lapic_id[0x4c] disabled)
[    0.000000] ACPI: LAPIC (acpi_id[0x27] lapic_id[0x4e] disabled)
[    0.000000] ACPI: LAPIC (acpi_id[0x28] lapic_id[0x50] disabled)
[    0.000000] ACPI: LAPIC (acpi_id[0x29] lapic_id[0x52] disabled)
[    0.000000] ACPI: LAPIC (acpi_id[0x2a] lapic_id[0x54] disabled)
[    0.000000] ACPI: LAPIC (acpi_id[0x2b] lapic_id[0x56] disabled)
[    0.000000] ACPI: LAPIC (acpi_id[0x2c] lapic_id[0x58] disabled)
[    0.000000] ACPI: LAPIC (acpi_id[0x2d] lapic_id[0x5a] disabled)
[    0.000000] ACPI: LAPIC (acpi_id[0x2e] lapic_id[0x5c] disabled)
[    0.000000] ACPI: LAPIC (acpi_id[0x2f] lapic_id[0x5e] disabled)
[    0.000000] ACPI: LAPIC (acpi_id[0x30] lapic_id[0x60] disabled)
[    0.000000] ACPI: LAPIC (acpi_id[0x31] lapic_id[0x62] disabled)
[    0.000000] ACPI: LAPIC (acpi_id[0x32] lapic_id[0x64] disabled)
[    0.000000] ACPI: LAPIC (acpi_id[0x33] lapic_id[0x66] disabled)
[    0.000000] ACPI: LAPIC (acpi_id[0x34] lapic_id[0x68] disabled)
[    0.000000] ACPI: LAPIC (acpi_id[0x35] lapic_id[0x6a] disabled)
[    0.000000] ACPI: LAPIC (acpi_id[0x36] lapic_id[0x6c] disabled)
[    0.000000] ACPI: LAPIC (acpi_id[0x37] lapic_id[0x6e] disabled)
[    0.000000] ACPI: LAPIC (acpi_id[0x38] lapic_id[0x70] disabled)
[    0.000000] ACPI: LAPIC (acpi_id[0x39] lapic_id[0x72] disabled)
[    0.000000] ACPI: LAPIC (acpi_id[0x3a] lapic_id[0x74] disabled)
[    0.000000] ACPI: LAPIC (acpi_id[0x3b] lapic_id[0x76] disabled)
[    0.000000] ACPI: LAPIC (acpi_id[0x3c] lapic_id[0x78] disabled)
[    0.000000] ACPI: LAPIC (acpi_id[0x3d] lapic_id[0x7a] disabled)
[    0.000000] ACPI: LAPIC (acpi_id[0x3e] lapic_id[0x7c] disabled)
[    0.000000] ACPI: LAPIC (acpi_id[0x3f] lapic_id[0x7e] disabled)
[    0.000000] ACPI: LAPIC (acpi_id[0x40] lapic_id[0x80] disabled)
[    0.000000] ACPI: LAPIC (acpi_id[0x41] lapic_id[0x82] disabled)
[    0.000000] ACPI: LAPIC (acpi_id[0x42] lapic_id[0x84] disabled)
[    0.000000] ACPI: LAPIC (acpi_id[0x43] lapic_id[0x86] disabled)
[    0.000000] ACPI: LAPIC (acpi_id[0x44] lapic_id[0x88] disabled)
[    0.000000] ACPI: LAPIC (acpi_id[0x45] lapic_id[0x8a] disabled)
[    0.000000] ACPI: LAPIC (acpi_id[0x46] lapic_id[0x8c] disabled)
[    0.000000] ACPI: LAPIC (acpi_id[0x47] lapic_id[0x8e] disabled)
[    0.000000] ACPI: LAPIC (acpi_id[0x48] lapic_id[0x90] disabled)
[    0.000000] ACPI: LAPIC (acpi_id[0x49] lapic_id[0x92] disabled)
[    0.000000] ACPI: LAPIC (acpi_id[0x4a] lapic_id[0x94] disabled)
[    0.000000] ACPI: LAPIC (acpi_id[0x4b] lapic_id[0x96] disabled)
[    0.000000] ACPI: LAPIC (acpi_id[0x4c] lapic_id[0x98] disabled)
[    0.000000] ACPI: LAPIC (acpi_id[0x4d] lapic_id[0x9a] disabled)
[    0.000000] ACPI: LAPIC (acpi_id[0x4e] lapic_id[0x9c] disabled)
[    0.000000] ACPI: LAPIC (acpi_id[0x4f] lapic_id[0x9e] disabled)
[    0.000000] ACPI: LAPIC (acpi_id[0x50] lapic_id[0xa0] disabled)
[    0.000000] ACPI: LAPIC (acpi_id[0x51] lapic_id[0xa2] disabled)
[    0.000000] ACPI: LAPIC (acpi_id[0x52] lapic_id[0xa4] disabled)
[    0.000000] ACPI: LAPIC (acpi_id[0x53] lapic_id[0xa6] disabled)
[    0.000000] ACPI: LAPIC (acpi_id[0x54] lapic_id[0xa8] disabled)
[    0.000000] ACPI: LAPIC (acpi_id[0x55] lapic_id[0xaa] disabled)
[    0.000000] ACPI: LAPIC (acpi_id[0x56] lapic_id[0xac] disabled)
[    0.000000] ACPI: LAPIC (acpi_id[0x57] lapic_id[0xae] disabled)
[    0.000000] ACPI: LAPIC (acpi_id[0x58] lapic_id[0xb0] disabled)
[    0.000000] ACPI: LAPIC (acpi_id[0x59] lapic_id[0xb2] disabled)
[    0.000000] ACPI: LAPIC (acpi_id[0x5a] lapic_id[0xb4] disabled)
[    0.000000] ACPI: LAPIC (acpi_id[0x5b] lapic_id[0xb6] disabled)
[    0.000000] ACPI: LAPIC (acpi_id[0x5c] lapic_id[0xb8] disabled)
[    0.000000] ACPI: LAPIC (acpi_id[0x5d] lapic_id[0xba] disabled)
[    0.000000] ACPI: LAPIC (acpi_id[0x5e] lapic_id[0xbc] disabled)
[    0.000000] ACPI: LAPIC (acpi_id[0x5f] lapic_id[0xbe] disabled)
[    0.000000] ACPI: LAPIC (acpi_id[0x60] lapic_id[0xc0] disabled)
[    0.000000] ACPI: LAPIC (acpi_id[0x61] lapic_id[0xc2] disabled)
[    0.000000] ACPI: LAPIC (acpi_id[0x62] lapic_id[0xc4] disabled)
[    0.000000] ACPI: LAPIC (acpi_id[0x63] lapic_id[0xc6] disabled)
[    0.000000] ACPI: LAPIC (acpi_id[0x64] lapic_id[0xc8] disabled)
[    0.000000] ACPI: LAPIC (acpi_id[0x65] lapic_id[0xca] disabled)
[    0.000000] ACPI: LAPIC (acpi_id[0x66] lapic_id[0xcc] disabled)
[    0.000000] ACPI: LAPIC (acpi_id[0x67] lapic_id[0xce] disabled)
[    0.000000] ACPI: LAPIC (acpi_id[0x68] lapic_id[0xd0] disabled)
[    0.000000] ACPI: LAPIC (acpi_id[0x69] lapic_id[0xd2] disabled)
[    0.000000] ACPI: LAPIC (acpi_id[0x6a] lapic_id[0xd4] disabled)
[    0.000000] ACPI: LAPIC (acpi_id[0x6b] lapic_id[0xd6] disabled)
[    0.000000] ACPI: LAPIC (acpi_id[0x6c] lapic_id[0xd8] disabled)
[    0.000000] ACPI: LAPIC (acpi_id[0x6d] lapic_id[0xda] disabled)
[    0.000000] ACPI: LAPIC (acpi_id[0x6e] lapic_id[0xdc] disabled)
[    0.000000] ACPI: LAPIC (acpi_id[0x6f] lapic_id[0xde] disabled)
[    0.000000] ACPI: LAPIC (acpi_id[0x70] lapic_id[0xe0] disabled)
[    0.000000] ACPI: LAPIC (acpi_id[0x71] lapic_id[0xe2] disabled)
[    0.000000] ACPI: LAPIC (acpi_id[0x72] lapic_id[0xe4] disabled)
[    0.000000] ACPI: LAPIC (acpi_id[0x73] lapic_id[0xe6] disabled)
[    0.000000] ACPI: LAPIC (acpi_id[0x74] lapic_id[0xe8] disabled)
[    0.000000] ACPI: LAPIC (acpi_id[0x75] lapic_id[0xea] disabled)
[    0.000000] ACPI: LAPIC (acpi_id[0x76] lapic_id[0xec] disabled)
[    0.000000] ACPI: LAPIC (acpi_id[0x77] lapic_id[0xee] disabled)
[    0.000000] ACPI: LAPIC (acpi_id[0x78] lapic_id[0xf0] disabled)
[    0.000000] ACPI: LAPIC (acpi_id[0x79] lapic_id[0xf2] disabled)
[    0.000000] ACPI: LAPIC (acpi_id[0x7a] lapic_id[0xf4] disabled)
[    0.000000] ACPI: LAPIC (acpi_id[0x7b] lapic_id[0xf6] disabled)
[    0.000000] ACPI: LAPIC (acpi_id[0x7c] lapic_id[0xf8] disabled)
[    0.000000] ACPI: LAPIC (acpi_id[0x7d] lapic_id[0xfa] disabled)
[    0.000000] ACPI: LAPIC (acpi_id[0x7e] lapic_id[0xfc] disabled)
[    0.000000] ACPI: LAPIC (acpi_id[0x7f] lapic_id[0xfe] disabled)
[    0.000000] ACPI: LAPIC_NMI (acpi_id[0x00] high edge lint[0x1])
[    0.000000] ACPI: LAPIC_NMI (acpi_id[0x01] high edge lint[0x1])
[    0.000000] ACPI: LAPIC_NMI (acpi_id[0x02] high edge lint[0x1])
[    0.000000] ACPI: LAPIC_NMI (acpi_id[0x03] high edge lint[0x1])
[    0.000000] ACPI: LAPIC_NMI (acpi_id[0x04] high edge lint[0x1])
[    0.000000] ACPI: LAPIC_NMI (acpi_id[0x05] high edge lint[0x1])
[    0.000000] ACPI: LAPIC_NMI (acpi_id[0x06] high edge lint[0x1])
[    0.000000] ACPI: LAPIC_NMI (acpi_id[0x07] high edge lint[0x1])
[    0.000000] ACPI: LAPIC_NMI (acpi_id[0x08] high edge lint[0x1])
[    0.000000] ACPI: LAPIC_NMI (acpi_id[0x09] high edge lint[0x1])
[    0.000000] ACPI: LAPIC_NMI (acpi_id[0x0a] high edge lint[0x1])
[    0.000000] ACPI: LAPIC_NMI (acpi_id[0x0b] high edge lint[0x1])
[    0.000000] ACPI: LAPIC_NMI (acpi_id[0x0c] high edge lint[0x1])
[    0.000000] ACPI: LAPIC_NMI (acpi_id[0x0d] high edge lint[0x1])
[    0.000000] ACPI: LAPIC_NMI (acpi_id[0x0e] high edge lint[0x1])
[    0.000000] ACPI: LAPIC_NMI (acpi_id[0x0f] high edge lint[0x1])
[    0.000000] ACPI: LAPIC_NMI (acpi_id[0x10] high edge lint[0x1])
[    0.000000] ACPI: LAPIC_NMI (acpi_id[0x11] high edge lint[0x1])
[    0.000000] ACPI: LAPIC_NMI (acpi_id[0x12] high edge lint[0x1])
[    0.000000] ACPI: LAPIC_NMI (acpi_id[0x13] high edge lint[0x1])
[    0.000000] ACPI: LAPIC_NMI (acpi_id[0x14] high edge lint[0x1])
[    0.000000] ACPI: LAPIC_NMI (acpi_id[0x15] high edge lint[0x1])
[    0.000000] ACPI: LAPIC_NMI (acpi_id[0x16] high edge lint[0x1])
[    0.000000] ACPI: LAPIC_NMI (acpi_id[0x17] high edge lint[0x1])
[    0.000000] ACPI: LAPIC_NMI (acpi_id[0x18] high edge lint[0x1])
[    0.000000] ACPI: LAPIC_NMI (acpi_id[0x19] high edge lint[0x1])
[    0.000000] ACPI: LAPIC_NMI (acpi_id[0x1a] high edge lint[0x1])
[    0.000000] ACPI: LAPIC_NMI (acpi_id[0x1b] high edge lint[0x1])
[    0.000000] ACPI: LAPIC_NMI (acpi_id[0x1c] high edge lint[0x1])
[    0.000000] ACPI: LAPIC_NMI (acpi_id[0x1d] high edge lint[0x1])
[    0.000000] ACPI: LAPIC_NMI (acpi_id[0x1e] high edge lint[0x1])
[    0.000000] ACPI: LAPIC_NMI (acpi_id[0x1f] high edge lint[0x1])
[    0.000000] ACPI: LAPIC_NMI (acpi_id[0x20] high edge lint[0x1])
[    0.000000] ACPI: LAPIC_NMI (acpi_id[0x21] high edge lint[0x1])
[    0.000000] ACPI: LAPIC_NMI (acpi_id[0x22] high edge lint[0x1])
[    0.000000] ACPI: LAPIC_NMI (acpi_id[0x23] high edge lint[0x1])
[    0.000000] ACPI: LAPIC_NMI (acpi_id[0x24] high edge lint[0x1])
[    0.000000] ACPI: LAPIC_NMI (acpi_id[0x25] high edge lint[0x1])
[    0.000000] ACPI: LAPIC_NMI (acpi_id[0x26] high edge lint[0x1])
[    0.000000] ACPI: LAPIC_NMI (acpi_id[0x27] high edge lint[0x1])
[    0.000000] ACPI: LAPIC_NMI (acpi_id[0x28] high edge lint[0x1])
[    0.000000] ACPI: LAPIC_NMI (acpi_id[0x29] high edge lint[0x1])
[    0.000000] ACPI: LAPIC_NMI (acpi_id[0x2a] high edge lint[0x1])
[    0.000000] ACPI: LAPIC_NMI (acpi_id[0x2b] high edge lint[0x1])
[    0.000000] ACPI: LAPIC_NMI (acpi_id[0x2c] high edge lint[0x1])
[    0.000000] ACPI: LAPIC_NMI (acpi_id[0x2d] high edge lint[0x1])
[    0.000000] ACPI: LAPIC_NMI (acpi_id[0x2e] high edge lint[0x1])
[    0.000000] ACPI: LAPIC_NMI (acpi_id[0x2f] high edge lint[0x1])
[    0.000000] ACPI: LAPIC_NMI (acpi_id[0x30] high edge lint[0x1])
[    0.000000] ACPI: LAPIC_NMI (acpi_id[0x31] high edge lint[0x1])
[    0.000000] ACPI: LAPIC_NMI (acpi_id[0x32] high edge lint[0x1])
[    0.000000] ACPI: LAPIC_NMI (acpi_id[0x33] high edge lint[0x1])
[    0.000000] ACPI: LAPIC_NMI (acpi_id[0x34] high edge lint[0x1])
[    0.000000] ACPI: LAPIC_NMI (acpi_id[0x35] high edge lint[0x1])
[    0.000000] ACPI: LAPIC_NMI (acpi_id[0x36] high edge lint[0x1])
[    0.000000] ACPI: LAPIC_NMI (acpi_id[0x37] high edge lint[0x1])
[    0.000000] ACPI: LAPIC_NMI (acpi_id[0x38] high edge lint[0x1])
[    0.000000] ACPI: LAPIC_NMI (acpi_id[0x39] high edge lint[0x1])
[    0.000000] ACPI: LAPIC_NMI (acpi_id[0x3a] high edge lint[0x1])
[    0.000000] ACPI: LAPIC_NMI (acpi_id[0x3b] high edge lint[0x1])
[    0.000000] ACPI: LAPIC_NMI (acpi_id[0x3c] high edge lint[0x1])
[    0.000000] ACPI: LAPIC_NMI (acpi_id[0x3d] high edge lint[0x1])
[    0.000000] ACPI: LAPIC_NMI (acpi_id[0x3e] high edge lint[0x1])
[    0.000000] ACPI: LAPIC_NMI (acpi_id[0x3f] high edge lint[0x1])
[    0.000000] ACPI: LAPIC_NMI (acpi_id[0x40] high edge lint[0x1])
[    0.000000] ACPI: LAPIC_NMI (acpi_id[0x41] high edge lint[0x1])
[    0.000000] ACPI: LAPIC_NMI (acpi_id[0x42] high edge lint[0x1])
[    0.000000] ACPI: LAPIC_NMI (acpi_id[0x43] high edge lint[0x1])
[    0.000000] ACPI: LAPIC_NMI (acpi_id[0x44] high edge lint[0x1])
[    0.000000] ACPI: LAPIC_NMI (acpi_id[0x45] high edge lint[0x1])
[    0.000000] ACPI: LAPIC_NMI (acpi_id[0x46] high edge lint[0x1])
[    0.000000] ACPI: LAPIC_NMI (acpi_id[0x47] high edge lint[0x1])
[    0.000000] ACPI: LAPIC_NMI (acpi_id[0x48] high edge lint[0x1])
[    0.000000] ACPI: LAPIC_NMI (acpi_id[0x49] high edge lint[0x1])
[    0.000000] ACPI: LAPIC_NMI (acpi_id[0x4a] high edge lint[0x1])
[    0.000000] ACPI: LAPIC_NMI (acpi_id[0x4b] high edge lint[0x1])
[    0.000000] ACPI: LAPIC_NMI (acpi_id[0x4c] high edge lint[0x1])
[    0.000000] ACPI: LAPIC_NMI (acpi_id[0x4d] high edge lint[0x1])
[    0.000000] ACPI: LAPIC_NMI (acpi_id[0x4e] high edge lint[0x1])
[    0.000000] ACPI: LAPIC_NMI (acpi_id[0x4f] high edge lint[0x1])
[    0.000000] ACPI: LAPIC_NMI (acpi_id[0x50] high edge lint[0x1])
[    0.000000] ACPI: LAPIC_NMI (acpi_id[0x51] high edge lint[0x1])
[    0.000000] ACPI: LAPIC_NMI (acpi_id[0x52] high edge lint[0x1])
[    0.000000] ACPI: LAPIC_NMI (acpi_id[0x53] high edge lint[0x1])
[    0.000000] ACPI: LAPIC_NMI (acpi_id[0x54] high edge lint[0x1])
[    0.000000] ACPI: LAPIC_NMI (acpi_id[0x55] high edge lint[0x1])
[    0.000000] ACPI: LAPIC_NMI (acpi_id[0x56] high edge lint[0x1])
[    0.000000] ACPI: LAPIC_NMI (acpi_id[0x57] high edge lint[0x1])
[    0.000000] ACPI: LAPIC_NMI (acpi_id[0x58] high edge lint[0x1])
[    0.000000] ACPI: LAPIC_NMI (acpi_id[0x59] high edge lint[0x1])
[    0.000000] ACPI: LAPIC_NMI (acpi_id[0x5a] high edge lint[0x1])
[    0.000000] ACPI: LAPIC_NMI (acpi_id[0x5b] high edge lint[0x1])
[    0.000000] ACPI: LAPIC_NMI (acpi_id[0x5c] high edge lint[0x1])
[    0.000000] ACPI: LAPIC_NMI (acpi_id[0x5d] high edge lint[0x1])
[    0.000000] ACPI: LAPIC_NMI (acpi_id[0x5e] high edge lint[0x1])
[    0.000000] ACPI: LAPIC_NMI (acpi_id[0x5f] high edge lint[0x1])
[    0.000000] ACPI: LAPIC_NMI (acpi_id[0x60] high edge lint[0x1])
[    0.000000] ACPI: LAPIC_NMI (acpi_id[0x61] high edge lint[0x1])
[    0.000000] ACPI: LAPIC_NMI (acpi_id[0x62] high edge lint[0x1])
[    0.000000] ACPI: LAPIC_NMI (acpi_id[0x63] high edge lint[0x1])
[    0.000000] ACPI: LAPIC_NMI (acpi_id[0x64] high edge lint[0x1])
[    0.000000] ACPI: LAPIC_NMI (acpi_id[0x65] high edge lint[0x1])
[    0.000000] ACPI: LAPIC_NMI (acpi_id[0x66] high edge lint[0x1])
[    0.000000] ACPI: LAPIC_NMI (acpi_id[0x67] high edge lint[0x1])
[    0.000000] ACPI: LAPIC_NMI (acpi_id[0x68] high edge lint[0x1])
[    0.000000] ACPI: LAPIC_NMI (acpi_id[0x69] high edge lint[0x1])
[    0.000000] ACPI: LAPIC_NMI (acpi_id[0x6a] high edge lint[0x1])
[    0.000000] ACPI: LAPIC_NMI (acpi_id[0x6b] high edge lint[0x1])
[    0.000000] ACPI: LAPIC_NMI (acpi_id[0x6c] high edge lint[0x1])
[    0.000000] ACPI: LAPIC_NMI (acpi_id[0x6d] high edge lint[0x1])
[    0.000000] ACPI: LAPIC_NMI (acpi_id[0x6e] high edge lint[0x1])
[    0.000000] ACPI: LAPIC_NMI (acpi_id[0x6f] high edge lint[0x1])
[    0.000000] ACPI: LAPIC_NMI (acpi_id[0x70] high edge lint[0x1])
[    0.000000] ACPI: LAPIC_NMI (acpi_id[0x71] high edge lint[0x1])
[    0.000000] ACPI: LAPIC_NMI (acpi_id[0x72] high edge lint[0x1])
[    0.000000] ACPI: LAPIC_NMI (acpi_id[0x73] high edge lint[0x1])
[    0.000000] ACPI: LAPIC_NMI (acpi_id[0x74] high edge lint[0x1])
[    0.000000] ACPI: LAPIC_NMI (acpi_id[0x75] high edge lint[0x1])
[    0.000000] ACPI: LAPIC_NMI (acpi_id[0x76] high edge lint[0x1])
[    0.000000] ACPI: LAPIC_NMI (acpi_id[0x77] high edge lint[0x1])
[    0.000000] ACPI: LAPIC_NMI (acpi_id[0x78] high edge lint[0x1])
[    0.000000] ACPI: LAPIC_NMI (acpi_id[0x79] high edge lint[0x1])
[    0.000000] ACPI: LAPIC_NMI (acpi_id[0x7a] high edge lint[0x1])
[    0.000000] ACPI: LAPIC_NMI (acpi_id[0x7b] high edge lint[0x1])
[    0.000000] ACPI: LAPIC_NMI (acpi_id[0x7c] high edge lint[0x1])
[    0.000000] ACPI: LAPIC_NMI (acpi_id[0x7d] high edge lint[0x1])
[    0.000000] ACPI: LAPIC_NMI (acpi_id[0x7e] high edge lint[0x1])
[    0.000000] ACPI: LAPIC_NMI (acpi_id[0x7f] high edge lint[0x1])
[    0.000000] ACPI: IOAPIC (id[0x01] address[0xfec00000] gsi_base[0])
[    0.000000] IOAPIC[0]: apic_id 1, version 17, address 0xfec00000, GSI 0-23
[    0.000000] ACPI: INT_SRC_OVR (bus 0 bus_irq 0 global_irq 2 high edge)
[    0.000000] ACPI: IRQ0 used by override.
[    0.000000] ACPI: IRQ2 used by override.
[    0.000000] ACPI: IRQ9 used by override.
[    0.000000] Using ACPI (MADT) for SMP configuration information
[    0.000000] ACPI: HPET id: 0x8086af01 base: 0xfed00000
[    0.000000] 128 Processors exceeds NR_CPUS limit of 8
[    0.000000] SMP: Allowing 8 CPUs, 7 hotplug CPUs
[    0.000000] nr_irqs_gsi: 24
[    0.000000] PM: Registered nosave memory: 000000000009e000 - 000000000009f000
[    0.000000] PM: Registered nosave memory: 000000000009f000 - 00000000000a0000
[    0.000000] PM: Registered nosave memory: 00000000000a0000 - 00000000000dc000
[    0.000000] PM: Registered nosave memory: 00000000000dc000 - 0000000000100000
[    0.000000] Allocating PCI resources starting at 40000000 (gap: 40000000:b0000000)
[    0.000000] Booting paravirtualized kernel on bare hardware
[    0.000000] NR_CPUS:8 nr_cpumask_bits:8 nr_cpu_ids:8 nr_node_ids:1
[    0.000000] PERCPU: Embedded 14 pages/cpu @c1c00000 s36024 r0 d21320 u524288
[    0.000000] pcpu-alloc: s36024 r0 d21320 u524288 alloc=1*4194304
[    0.000000] pcpu-alloc: [0] 0 1 2 3 4 5 6 7 
[    0.000000] Built 1 zonelists in Zone order, mobility grouping on.  Total pages: 259949
[    0.000000] Kernel command line: BOOT_IMAGE=/boot/vmlinuz-2.6.32-21-generic root=UUID=0a6f9a02-6bb4-4d2f-af5c-d764dfc4876a ro quiet splash console=ttyS0,115200 console=tty0
[    0.000000] PID hash table entries: 4096 (order: 2, 16384 bytes)
[    0.000000] Dentry cache hash table entries: 131072 (order: 7, 524288 bytes)
[    0.000000] Inode-cache hash table entries: 65536 (order: 6, 262144 bytes)
[    0.000000] Enabling fast FPU save and restore... done.
[    0.000000] Enabling unmasked SIMD FPU exception support... done.
[    0.000000] Initializing CPU#0
[    0.000000] xsave/xrstor: enabled xstate_bv 0x7, cntxt size 0x340
[    0.000000] allocated 5242560 bytes of page_cgroup
[    0.000000] please try 'cgroup_disable=memory' option if you don't want memory cgroups
[    0.000000] Initializing HighMem for node 0 (000377fe:00040000)
[    0.000000] Memory: 1016724k/1048576k available (4673k kernel code, 30460k reserved, 2122k data, 656k init, 139144k highmem)
[    0.000000] virtual kernel memory layout:
[    0.000000]     fixmap  : 0xfff1d000 - 0xfffff000   ( 904 kB)
[    0.000000]     pkmap   : 0xff800000 - 0xffc00000   (4096 kB)
[    0.000000]     vmalloc : 0xf7ffe000 - 0xff7fe000   ( 120 MB)
[    0.000000]     lowmem  : 0xc0000000 - 0xf77fe000   ( 887 MB)
[    0.000000]       .init : 0xc07a3000 - 0xc0847000   ( 656 kB)
[    0.000000]       .data : 0xc0590613 - 0xc07a2e48   (2122 kB)
[    0.000000]       .text : 0xc0100000 - 0xc0590613   (4673 kB)
[    0.000000] Checking if this processor honours the WP bit even in supervisor mode...Ok.
[    0.000000] SLUB: Genslabs=13, HWalign=64, Order=0-3, MinObjects=0, CPUs=8, Nodes=1
[    0.000000] Hierarchical RCU implementation.
[    0.000000] NR_IRQS:2304 nr_irqs:472
[    0.000000] Extended CMOS year: 2000
[    0.000000] Console: colour VGA+ 80x25
[    0.000000] console [tty0] enabled
[    0.000000] console [ttyS0] enabled
[    0.000000] hpet clockevent registered
[    0.000000] HPET: 16 timers in total, 0 timers will be used for per-cpu timer
[    0.000000] TSC freq read from hypervisor : 2793.546 MHz
[    0.000000] Detected 2793.546 MHz processor.
[    0.000004] Calibrating delay loop (skipped), value calculated using timer frequency.. 5587.09 BogoMIPS (lpj=11174184)
[    0.000016] Security Framework initialized
[    0.000041] AppArmor: AppArmor initialized
[    0.000046] Mount-cache hash table entries: 512
[    0.000756] Initializing cgroup subsys ns
[    0.000760] Initializing cgroup subsys cpuacct
[    0.000764] Initializing cgroup subsys memory
[    0.000768] Initializing cgroup subsys devices
[    0.000770] Initializing cgroup subsys freezer
[    0.000772] Initializing cgroup subsys net_cls
[    0.000815] CPU: Physical Processor ID: 0
[    0.000822] CPU: L1 I cache: 32K, L1 D cache: 32K
[    0.000824] CPU: L2 cache: 256K
[    0.000825] CPU: L3 cache: 3072K
[    0.000830] mce: CPU supports 0 MCE banks
[    0.000881] Performance Events: no PMU driver, software events only.
[    0.001041] Checking 'hlt' instruction... OK.
[    0.021740] SMP alternatives: switching to UP code
[    0.036155] ACPI: Core revision 20090903
[    0.045730] ftrace: converting mcount calls to 0f 1f 44 00 00
[    0.045755] ftrace: allocating 21771 entries in 43 pages
[    0.058975] Not enabling x2apic, Intr-remapping init failed.
[    0.058978] Enabling APIC mode:  Flat.  Using 1 I/O APICs
[    0.059535] ..TIMER: vector=0x30 apic1=0 pin1=2 apic2=-1 pin2=-1
[    0.099248] CPU0: Intel(R) Core(TM) i5-4200H CPU @ 2.80GHz stepping 03
[    0.203871] Brought up 1 CPUs
[    0.203874] Total of 1 processors activated (5587.09 BogoMIPS).
[    0.203985] CPU0 attaching NULL sched-domain.
[    0.204228] devtmpfs: initialized
[    0.204572] regulator: core version 0.5
[    0.204622] Time: 14:07:32  Date: 03/30/16
[    0.204703] NET: Registered protocol family 16
[    0.204791] EISA bus registered
[    0.204797] ACPI: bus type pci registered
[    0.204923] PCI: MCFG configuration 0: base f0000000 segment 0 buses 0 - 127
[    0.204925] PCI: MCFG area at f0000000 reserved in E820
[    0.204925] PCI: Using MMCONFIG for extended config space
[    0.204926] PCI: Using configuration type 1 for base access
[    0.205476] bio: create slab <bio-0> at 0
[    0.207005] ACPI: EC: Look up EC in DSDT
[    0.246515] ACPI: BIOS _OSI(Linux) query ignored
[    0.251511] ACPI: Interpreter enabled
[    0.251517] ACPI: (supports S0 S1 S4 S5)
[    0.251526] ACPI: Using IOAPIC for interrupt routing
[    0.354239] ACPI: No dock devices found.
[    0.355057] ACPI: PCI Root Bridge [PCI0] (0000:00)
[    0.356574] pci 0000:00:07.1: reg 20 io port: [0x1060-0x106f]
[    0.356951] pci 0000:00:07.3: quirk: region 1000-103f claimed by PIIX4 ACPI
[    0.356960] pci 0000:00:07.3: quirk: region 1040-104f claimed by PIIX4 SMB
[    0.357398] pci 0000:00:07.7: reg 10 io port: [0x1080-0x10bf]
[    0.357882] pci 0000:00:07.7: reg 14 64bit mmio: [0xfebfe000-0xfebfffff]
[    0.358765] pci 0000:00:0f.0: reg 10 io port: [0x1070-0x107f]
[    0.358796] pci 0000:00:0f.0: reg 14 32bit mmio pref: [0xe8000000-0xefffffff]
[    0.358825] pci 0000:00:0f.0: reg 18 32bit mmio: [0xfe000000-0xfe7fffff]
[    0.358937] pci 0000:00:0f.0: reg 30 32bit mmio pref: [0x000000-0x007fff]
[    0.359433] pci 0000:00:10.0: reg 10 io port: [0x1400-0x14ff]
[    0.359848] pci 0000:00:10.0: reg 14 64bit mmio: [0xfeba0000-0xfebbffff]
[    0.360283] pci 0000:00:10.0: reg 1c 64bit mmio: [0xfebc0000-0xfebdffff]
[    0.360340] pci 0000:00:10.0: reg 30 32bit mmio pref: [0x000000-0x003fff]
[    0.361444] pci 0000:00:15.0: PME# supported from D0 D3hot D3cold
[    0.361467] pci 0000:00:15.0: PME# disabled
[    0.362047] pci 0000:00:15.1: PME# supported from D0 D3hot D3cold
[    0.362068] pci 0000:00:15.1: PME# disabled
[    0.362580] pci 0000:00:15.2: PME# supported from D0 D3hot D3cold
[    0.362607] pci 0000:00:15.2: PME# disabled
[    0.363281] pci 0000:00:15.3: PME# supported from D0 D3hot D3cold
[    0.363297] pci 0000:00:15.3: PME# disabled
[    0.363809] pci 0000:00:15.4: PME# supported from D0 D3hot D3cold
[    0.363824] pci 0000:00:15.4: PME# disabled
[    0.364497] pci 0000:00:15.5: PME# supported from D0 D3hot D3cold
[    0.364513] pci 0000:00:15.5: PME# disabled
[    0.365057] pci 0000:00:15.6: PME# supported from D0 D3hot D3cold
[    0.365072] pci 0000:00:15.6: PME# disabled
[    0.365594] pci 0000:00:15.7: PME# supported from D0 D3hot D3cold
[    0.365610] pci 0000:00:15.7: PME# disabled
[    0.366152] pci 0000:00:16.0: PME# supported from D0 D3hot D3cold
[    0.366168] pci 0000:00:16.0: PME# disabled
[    0.366681] pci 0000:00:16.1: PME# supported from D0 D3hot D3cold
[    0.366696] pci 0000:00:16.1: PME# disabled
[    0.367283] pci 0000:00:16.2: PME# supported from D0 D3hot D3cold
[    0.367298] pci 0000:00:16.2: PME# disabled
[    0.367810] pci 0000:00:16.3: PME# supported from D0 D3hot D3cold
[    0.367825] pci 0000:00:16.3: PME# disabled
[    0.368368] pci 0000:00:16.4: PME# supported from D0 D3hot D3cold
[    0.368383] pci 0000:00:16.4: PME# disabled
[    0.368895] pci 0000:00:16.5: PME# supported from D0 D3hot D3cold
[    0.368910] pci 0000:00:16.5: PME# disabled
[    0.369450] pci 0000:00:16.6: PME# supported from D0 D3hot D3cold
[    0.369465] pci 0000:00:16.6: PME# disabled
[    0.369996] pci 0000:00:16.7: PME# supported from D0 D3hot D3cold
[    0.370020] pci 0000:00:16.7: PME# disabled
[    0.370533] pci 0000:00:17.0: PME# supported from D0 D3hot D3cold
[    0.370548] pci 0000:00:17.0: PME# disabled
[    0.371119] pci 0000:00:17.1: PME# supported from D0 D3hot D3cold
[    0.371139] pci 0000:00:17.1: PME# disabled
[    0.371743] pci 0000:00:17.2: PME# supported from D0 D3hot D3cold
[    0.371759] pci 0000:00:17.2: PME# disabled
[    0.372443] pci 0000:00:17.3: PME# supported from D0 D3hot D3cold
[    0.372458] pci 0000:00:17.3: PME# disabled
[    0.372993] pci 0000:00:17.4: PME# supported from D0 D3hot D3cold
[    0.373017] pci 0000:00:17.4: PME# disabled
[    0.373529] pci 0000:00:17.5: PME# supported from D0 D3hot D3cold
[    0.373544] pci 0000:00:17.5: PME# disabled
[    0.374087] pci 0000:00:17.6: PME# supported from D0 D3hot D3cold
[    0.374102] pci 0000:00:17.6: PME# disabled
[    0.374614] pci 0000:00:17.7: PME# supported from D0 D3hot D3cold
[    0.374629] pci 0000:00:17.7: PME# disabled
[    0.375175] pci 0000:00:18.0: PME# supported from D0 D3hot D3cold
[    0.375190] pci 0000:00:18.0: PME# disabled
[    0.375726] pci 0000:00:18.1: PME# supported from D0 D3hot D3cold
[    0.375741] pci 0000:00:18.1: PME# disabled
[    0.376317] pci 0000:00:18.2: PME# supported from D0 D3hot D3cold
[    0.376333] pci 0000:00:18.2: PME# disabled
[    0.376846] pci 0000:00:18.3: PME# supported from D0 D3hot D3cold
[    0.376861] pci 0000:00:18.3: PME# disabled
[    0.377400] pci 0000:00:18.4: PME# supported from D0 D3hot D3cold
[    0.377415] pci 0000:00:18.4: PME# disabled
[    0.377991] pci 0000:00:18.5: PME# supported from D0 D3hot D3cold
[    0.378008] pci 0000:00:18.5: PME# disabled
[    0.378558] pci 0000:00:18.6: PME# supported from D0 D3hot D3cold
[    0.378573] pci 0000:00:18.6: PME# disabled
[    0.379112] pci 0000:00:18.7: PME# supported from D0 D3hot D3cold
[    0.379127] pci 0000:00:18.7: PME# disabled
[    0.380039] pci 0000:02:00.0: reg 20 io port: [0x20c0-0x20df]
[    0.380470] pci 0000:02:01.0: reg 10 io port: [0x2000-0x207f]
[    0.380636] pci 0000:02:01.0: reg 30 32bit mmio pref: [0x000000-0x00ffff]
[    0.381099] pci 0000:02:02.0: reg 10 io port: [0x2080-0x20bf]
[    0.381894] pci 0000:02:03.0: reg 10 32bit mmio: [0xfd5ff000-0xfd5fffff]
[    0.382802] pci 0000:02:05.0: reg 24 32bit mmio: [0xfd5fe000-0xfd5fefff]
[    0.382833] pci 0000:02:05.0: reg 30 32bit mmio pref: [0x000000-0x00ffff]
[    0.383043] pci 0000:02:05.0: PME# supported from D3hot
[    0.383058] pci 0000:02:05.0: PME# disabled
[    0.383315] pci 0000:00:11.0: transparent bridge
[    0.383330] pci 0000:00:11.0: bridge io port: [0x2000-0x3fff]
[    0.383345] pci 0000:00:11.0: bridge 32bit mmio: [0xfd500000-0xfdffffff]
[    0.383374] pci 0000:00:11.0: bridge 64bit mmio pref: [0xe7b00000-0xe7ffffff]
[    0.383714] pci 0000:00:15.0: bridge io port: [0x4000-0x4fff]
[    0.383729] pci 0000:00:15.0: bridge 32bit mmio: [0xfd400000-0xfd4fffff]
[    0.383758] pci 0000:00:15.0: bridge 64bit mmio pref: [0xe7a00000-0xe7afffff]
[    0.384246] pci 0000:00:15.1: bridge io port: [0x8000-0x8fff]
[    0.384271] pci 0000:00:15.1: bridge 32bit mmio: [0xfd000000-0xfd0fffff]
[    0.384311] pci 0000:00:15.1: bridge 64bit mmio pref: [0xe7600000-0xe76fffff]
[    0.384711] pci 0000:00:15.2: bridge io port: [0xc000-0xcfff]
[    0.384728] pci 0000:00:15.2: bridge 32bit mmio: [0xfcc00000-0xfccfffff]
[    0.384758] pci 0000:00:15.2: bridge 64bit mmio pref: [0xe7200000-0xe72fffff]
[    0.385275] pci 0000:00:15.3: bridge 32bit mmio: [0xfc800000-0xfc8fffff]
[    0.385306] pci 0000:00:15.3: bridge 64bit mmio pref: [0xe6e00000-0xe6efffff]
[    0.385620] pci 0000:00:15.4: bridge 32bit mmio: [0xfc400000-0xfc4fffff]
[    0.385651] pci 0000:00:15.4: bridge 64bit mmio pref: [0xe6a00000-0xe6afffff]
[    0.385968] pci 0000:00:15.5: bridge 32bit mmio: [0xfc000000-0xfc0fffff]
[    0.386000] pci 0000:00:15.5: bridge 64bit mmio pref: [0xe6600000-0xe66fffff]
[    0.386313] pci 0000:00:15.6: bridge 32bit mmio: [0xfbc00000-0xfbcfffff]
[    0.386344] pci 0000:00:15.6: bridge 64bit mmio pref: [0xe6200000-0xe62fffff]
[    0.386646] pci 0000:00:15.7: bridge 32bit mmio: [0xfb800000-0xfb8fffff]
[    0.386676] pci 0000:00:15.7: bridge 64bit mmio pref: [0xe5e00000-0xe5efffff]
[    0.386969] pci 0000:00:16.0: bridge io port: [0x5000-0x5fff]
[    0.386985] pci 0000:00:16.0: bridge 32bit mmio: [0xfd300000-0xfd3fffff]
[    0.387014] pci 0000:00:16.0: bridge 64bit mmio pref: [0xe7900000-0xe79fffff]
[    0.387315] pci 0000:00:16.1: bridge io port: [0x9000-0x9fff]
[    0.387330] pci 0000:00:16.1: bridge 32bit mmio: [0xfcf00000-0xfcffffff]
[    0.387360] pci 0000:00:16.1: bridge 64bit mmio pref: [0xe7500000-0xe75fffff]
[    0.387652] pci 0000:00:16.2: bridge io port: [0xd000-0xdfff]
[    0.387668] pci 0000:00:16.2: bridge 32bit mmio: [0xfcb00000-0xfcbfffff]
[    0.387698] pci 0000:00:16.2: bridge 64bit mmio pref: [0xe7100000-0xe71fffff]
[    0.388032] pci 0000:00:16.3: bridge 32bit mmio: [0xfc700000-0xfc7fffff]
[    0.388062] pci 0000:00:16.3: bridge 64bit mmio pref: [0xe6d00000-0xe6dfffff]
[    0.388372] pci 0000:00:16.4: bridge 32bit mmio: [0xfc300000-0xfc3fffff]
[    0.388401] pci 0000:00:16.4: bridge 64bit mmio pref: [0xe6900000-0xe69fffff]
[    0.388692] pci 0000:00:16.5: bridge 32bit mmio: [0xfbf00000-0xfbffffff]
[    0.388721] pci 0000:00:16.5: bridge 64bit mmio pref: [0xe6500000-0xe65fffff]
[    0.389040] pci 0000:00:16.6: bridge 32bit mmio: [0xfbb00000-0xfbbfffff]
[    0.389069] pci 0000:00:16.6: bridge 64bit mmio pref: [0xe6100000-0xe61fffff]
[    0.389359] pci 0000:00:16.7: bridge 32bit mmio: [0xfb700000-0xfb7fffff]
[    0.389388] pci 0000:00:16.7: bridge 64bit mmio pref: [0xe5d00000-0xe5dfffff]
[    0.389665] pci 0000:00:17.0: bridge io port: [0x6000-0x6fff]
[    0.389680] pci 0000:00:17.0: bridge 32bit mmio: [0xfd200000-0xfd2fffff]
[    0.389709] pci 0000:00:17.0: bridge 64bit mmio pref: [0xe7800000-0xe78fffff]
[    0.390030] pci 0000:00:17.1: bridge io port: [0xa000-0xafff]
[    0.390046] pci 0000:00:17.1: bridge 32bit mmio: [0xfce00000-0xfcefffff]
[    0.390075] pci 0000:00:17.1: bridge 64bit mmio pref: [0xe7400000-0xe74fffff]
[    0.390372] pci 0000:00:17.2: bridge io port: [0xe000-0xefff]
[    0.390387] pci 0000:00:17.2: bridge 32bit mmio: [0xfca00000-0xfcafffff]
[    0.390417] pci 0000:00:17.2: bridge 64bit mmio pref: [0xe7000000-0xe70fffff]
[    0.390718] pci 0000:00:17.3: bridge 32bit mmio: [0xfc600000-0xfc6fffff]
[    0.390748] pci 0000:00:17.3: bridge 64bit mmio pref: [0xe6c00000-0xe6cfffff]
[    0.391083] pci 0000:00:17.4: bridge 32bit mmio: [0xfc200000-0xfc2fffff]
[    0.391111] pci 0000:00:17.4: bridge 64bit mmio pref: [0xe6800000-0xe68fffff]
[    0.391414] pci 0000:00:17.5: bridge 32bit mmio: [0xfbe00000-0xfbefffff]
[    0.391443] pci 0000:00:17.5: bridge 64bit mmio pref: [0xe6400000-0xe64fffff]
[    0.391733] pci 0000:00:17.6: bridge 32bit mmio: [0xfba00000-0xfbafffff]
[    0.391762] pci 0000:00:17.6: bridge 64bit mmio pref: [0xe6000000-0xe60fffff]
[    0.392083] pci 0000:00:17.7: bridge 32bit mmio: [0xfb600000-0xfb6fffff]
[    0.392113] pci 0000:00:17.7: bridge 64bit mmio pref: [0xe5c00000-0xe5cfffff]
[    0.392390] pci 0000:00:18.0: bridge io port: [0x7000-0x7fff]
[    0.392405] pci 0000:00:18.0: bridge 32bit mmio: [0xfd100000-0xfd1fffff]
[    0.392434] pci 0000:00:18.0: bridge 64bit mmio pref: [0xe7700000-0xe77fffff]
[    0.392710] pci 0000:00:18.1: bridge io port: [0xb000-0xbfff]
[    0.392725] pci 0000:00:18.1: bridge 32bit mmio: [0xfcd00000-0xfcdfffff]
[    0.392754] pci 0000:00:18.1: bridge 64bit mmio pref: [0xe7300000-0xe73fffff]
[    0.393067] pci 0000:00:18.2: bridge 32bit mmio: [0xfc900000-0xfc9fffff]
[    0.393096] pci 0000:00:18.2: bridge 64bit mmio pref: [0xe6f00000-0xe6ffffff]
[    0.393391] pci 0000:00:18.3: bridge 32bit mmio: [0xfc500000-0xfc5fffff]
[    0.393420] pci 0000:00:18.3: bridge 64bit mmio pref: [0xe6b00000-0xe6bfffff]
[    0.393712] pci 0000:00:18.4: bridge 32bit mmio: [0xfc100000-0xfc1fffff]
[    0.393741] pci 0000:00:18.4: bridge 64bit mmio pref: [0xe6700000-0xe67fffff]
[    0.394064] pci 0000:00:18.5: bridge 32bit mmio: [0xfbd00000-0xfbdfffff]
[    0.394093] pci 0000:00:18.5: bridge 64bit mmio pref: [0xe6300000-0xe63fffff]
[    0.394403] pci 0000:00:18.6: bridge 32bit mmio: [0xfb900000-0xfb9fffff]
[    0.394433] pci 0000:00:18.6: bridge 64bit mmio pref: [0xe5f00000-0xe5ffffff]
[    0.394762] pci 0000:00:18.7: bridge 32bit mmio: [0xfb500000-0xfb5fffff]
[    0.394791] pci 0000:00:18.7: bridge 64bit mmio pref: [0xe5b00000-0xe5bfffff]
[    0.396303] pci_bus 0000:00: on NUMA node 0
[    0.396317] ACPI: PCI Interrupt Routing Table [\_SB_.PCI0._PRT]
[    0.651888] ACPI: PCI Interrupt Link [LNKA] (IRQs 3 4 5 6 7 *9 10 11 14 15)
[    0.652037] ACPI: PCI Interrupt Link [LNKB] (IRQs 3 4 5 6 7 9 10 *11 14 15)
[    0.652179] ACPI: PCI Interrupt Link [LNKC] (IRQs 3 4 5 6 7 9 *10 11 14 15)
[    0.652320] ACPI: PCI Interrupt Link [LNKD] (IRQs 3 4 5 6 *7 9 10 11 14 15)
[    0.652445] vgaarb: device added: PCI:0000:00:0f.0,decodes=io+mem,owns=io+mem,locks=none
[    0.652456] vgaarb: loaded
[    0.652840] SCSI subsystem initialized
[    0.653025] libata version 3.00 loaded.
[    0.653095] usbcore: registered new interface driver usbfs
[    0.653116] usbcore: registered new interface driver hub
[    0.653175] usbcore: registered new device driver usb
[    0.653288] ACPI: WMI: Mapper loaded
[    0.653289] PCI: Using ACPI for IRQ routing
[    0.654107] NetLabel: Initializing
[    0.654108] NetLabel:  domain hash size = 128
[    0.654108] NetLabel:  protocols = UNLABELED CIPSOv4
[    0.654115] NetLabel:  unlabeled traffic allowed by default
[    0.654225] hpet0: at MMIO 0xfed00000, IRQs 2, 8, 0, 0, 0, 0, 0, 0, 0, 0, 0, 0, 0, 0, 0, 0
[    0.654230] hpet0: 16 comparators, 64-bit 14.318180 MHz counter
[    0.658781] Switching to clocksource tsc
[    0.661569] AppArmor: AppArmor Filesystem Enabled
[    0.661580] pnp: PnP ACPI init
[    0.661588] ACPI: bus type pnp registered
[    0.694552] pnp: PnP ACPI: found 13 devices
[    0.694554] ACPI: ACPI bus type pnp unregistered
[    0.694557] PnPBIOS: Disabled by ACPI PNP
[    0.694570] system 00:01: ioport range 0x1000-0x103f has been reserved
[    0.694572] system 00:01: ioport range 0x1040-0x104f has been reserved
[    0.694573] system 00:01: ioport range 0xcf0-0xcf1 has been reserved
[    0.694580] system 00:08: iomem range 0xfed00000-0xfed003ff has been reserved
[    0.694584] system 00:0b: ioport range 0xfce0-0xfcff has been reserved
[    0.694586] system 00:0b: iomem range 0xf0000000-0xf7ffffff has been reserved
[    0.694588] system 00:0b: iomem range 0xfe800000-0xfe9fffff has been reserved
[    0.730792] pci 0000:00:15.3: BAR 13: can't allocate I/O resource [0x10000-0xffff]
[    0.730794] pci 0000:00:15.4: BAR 13: can't allocate I/O resource [0x10000-0xffff]
[    0.730796] pci 0000:00:15.5: BAR 13: can't allocate I/O resource [0x10000-0xffff]
[    0.730798] pci 0000:00:15.6: BAR 13: can't allocate I/O resource [0x10000-0xffff]
[    0.730799] pci 0000:00:15.7: BAR 13: can't allocate I/O resource [0x10000-0xffff]
[    0.730801] pci 0000:00:16.3: BAR 13: can't allocate I/O resource [0x10000-0xffff]
[    0.730803] pci 0000:00:16.4: BAR 13: can't allocate I/O resource [0x10000-0xffff]
[    0.730804] pci 0000:00:16.5: BAR 13: can't allocate I/O resource [0x10000-0xffff]
[    0.730806] pci 0000:00:16.6: BAR 13: can't allocate I/O resource [0x10000-0xffff]
[    0.730808] pci 0000:00:16.7: BAR 13: can't allocate I/O resource [0x10000-0xffff]
[    0.730809] pci 0000:00:17.3: BAR 13: can't allocate I/O resource [0x10000-0xffff]
[    0.730811] pci 0000:00:17.4: BAR 13: can't allocate I/O resource [0x10000-0xffff]
[    0.730812] pci 0000:00:17.5: BAR 13: can't allocate I/O resource [0x10000-0xffff]
[    0.730814] pci 0000:00:17.6: BAR 13: can't allocate I/O resource [0x10000-0xffff]
[    0.730815] pci 0000:00:17.7: BAR 13: can't allocate I/O resource [0x10000-0xffff]
[    0.730817] pci 0000:00:18.2: BAR 13: can't allocate I/O resource [0x10000-0xffff]
[    0.730819] pci 0000:00:18.3: BAR 13: can't allocate I/O resource [0x10000-0xffff]
[    0.730820] pci 0000:00:18.4: BAR 13: can't allocate I/O resource [0x10000-0xffff]
[    0.730822] pci 0000:00:18.5: BAR 13: can't allocate I/O resource [0x10000-0xffff]
[    0.730823] pci 0000:00:18.6: BAR 13: can't allocate I/O resource [0x10000-0xffff]
[    0.730825] pci 0000:00:18.7: BAR 13: can't allocate I/O resource [0x10000-0xffff]
[    0.730827] pci 0000:00:01.0: PCI bridge, secondary bus 0000:01
[    0.730828] pci 0000:00:01.0:   IO window: disabled
[    0.730850] pci 0000:00:01.0:   MEM window: disabled
[    0.730866] pci 0000:00:01.0:   PREFETCH window: disabled
[    0.730897] pci 0000:00:11.0: PCI bridge, secondary bus 0000:02
[    0.730905] pci 0000:00:11.0:   IO window: 0x2000-0x3fff
[    0.730927] pci 0000:00:11.0:   MEM window: 0xfd500000-0xfdffffff
[    0.730943] pci 0000:00:11.0:   PREFETCH window: 0x000000e7b00000-0x000000e7ffffff
[    0.730972] pci 0000:00:15.0: PCI bridge, secondary bus 0000:03
[    0.730981] pci 0000:00:15.0:   IO window: 0x4000-0x4fff
[    0.731002] pci 0000:00:15.0:   MEM window: 0xfd400000-0xfd4fffff
[    0.731018] pci 0000:00:15.0:   PREFETCH window: 0x000000e7a00000-0x000000e7afffff
[    0.731078] pci 0000:00:15.1: PCI bridge, secondary bus 0000:04
[    0.731088] pci 0000:00:15.1:   IO window: 0x8000-0x8fff
[    0.731110] pci 0000:00:15.1:   MEM window: 0xfd000000-0xfd0fffff
[    0.731125] pci 0000:00:15.1:   PREFETCH window: 0x000000e7600000-0x000000e76fffff
[    0.731163] pci 0000:00:15.2: PCI bridge, secondary bus 0000:05
[    0.731172] pci 0000:00:15.2:   IO window: 0xc000-0xcfff
[    0.731194] pci 0000:00:15.2:   MEM window: 0xfcc00000-0xfccfffff
[    0.731209] pci 0000:00:15.2:   PREFETCH window: 0x000000e7200000-0x000000e72fffff
[    0.731245] pci 0000:00:15.3: PCI bridge, secondary bus 0000:06
[    0.731246] pci 0000:00:15.3:   IO window: disabled
[    0.731268] pci 0000:00:15.3:   MEM window: 0xfc800000-0xfc8fffff
[    0.731283] pci 0000:00:15.3:   PREFETCH window: 0x000000e6e00000-0x000000e6efffff
[    0.731318] pci 0000:00:15.4: PCI bridge, secondary bus 0000:07
[    0.731319] pci 0000:00:15.4:   IO window: disabled
[    0.731341] pci 0000:00:15.4:   MEM window: 0xfc400000-0xfc4fffff
[    0.731357] pci 0000:00:15.4:   PREFETCH window: 0x000000e6a00000-0x000000e6afffff
[    0.731391] pci 0000:00:15.5: PCI bridge, secondary bus 0000:08
[    0.731392] pci 0000:00:15.5:   IO window: disabled
[    0.731414] pci 0000:00:15.5:   MEM window: 0xfc000000-0xfc0fffff
[    0.731430] pci 0000:00:15.5:   PREFETCH window: 0x000000e6600000-0x000000e66fffff
[    0.731463] pci 0000:00:15.6: PCI bridge, secondary bus 0000:09
[    0.731464] pci 0000:00:15.6:   IO window: disabled
[    0.731487] pci 0000:00:15.6:   MEM window: 0xfbc00000-0xfbcfffff
[    0.731502] pci 0000:00:15.6:   PREFETCH window: 0x000000e6200000-0x000000e62fffff
[    0.731536] pci 0000:00:15.7: PCI bridge, secondary bus 0000:0a
[    0.731537] pci 0000:00:15.7:   IO window: disabled
[    0.731560] pci 0000:00:15.7:   MEM window: 0xfb800000-0xfb8fffff
[    0.731575] pci 0000:00:15.7:   PREFETCH window: 0x000000e5e00000-0x000000e5efffff
[    0.731609] pci 0000:00:16.0: PCI bridge, secondary bus 0000:0b
[    0.731618] pci 0000:00:16.0:   IO window: 0x5000-0x5fff
[    0.731640] pci 0000:00:16.0:   MEM window: 0xfd300000-0xfd3fffff
[    0.731655] pci 0000:00:16.0:   PREFETCH window: 0x000000e7900000-0x000000e79fffff
[    0.731690] pci 0000:00:16.1: PCI bridge, secondary bus 0000:0c
[    0.731712] pci 0000:00:16.1:   IO window: 0x9000-0x9fff
[    0.731737] pci 0000:00:16.1:   MEM window: 0xfcf00000-0xfcffffff
[    0.731752] pci 0000:00:16.1:   PREFETCH window: 0x000000e7500000-0x000000e75fffff
[    0.731796] pci 0000:00:16.2: PCI bridge, secondary bus 0000:0d
[    0.731805] pci 0000:00:16.2:   IO window: 0xd000-0xdfff
[    0.731827] pci 0000:00:16.2:   MEM window: 0xfcb00000-0xfcbfffff
[    0.731843] pci 0000:00:16.2:   PREFETCH window: 0x000000e7100000-0x000000e71fffff
[    0.731883] pci 0000:00:16.3: PCI bridge, secondary bus 0000:0e
[    0.731884] pci 0000:00:16.3:   IO window: disabled
[    0.731907] pci 0000:00:16.3:   MEM window: 0xfc700000-0xfc7fffff
[    0.731922] pci 0000:00:16.3:   PREFETCH window: 0x000000e6d00000-0x000000e6dfffff
[    0.731959] pci 0000:00:16.4: PCI bridge, secondary bus 0000:0f
[    0.731960] pci 0000:00:16.4:   IO window: disabled
[    0.731982] pci 0000:00:16.4:   MEM window: 0xfc300000-0xfc3fffff
[    0.731997] pci 0000:00:16.4:   PREFETCH window: 0x000000e6900000-0x000000e69fffff
[    0.732032] pci 0000:00:16.5: PCI bridge, secondary bus 0000:10
[    0.732033] pci 0000:00:16.5:   IO window: disabled
[    0.732055] pci 0000:00:16.5:   MEM window: 0xfbf00000-0xfbffffff
[    0.732070] pci 0000:00:16.5:   PREFETCH window: 0x000000e6500000-0x000000e65fffff
[    0.732104] pci 0000:00:16.6: PCI bridge, secondary bus 0000:11
[    0.732105] pci 0000:00:16.6:   IO window: disabled
[    0.732127] pci 0000:00:16.6:   MEM window: 0xfbb00000-0xfbbfffff
[    0.732143] pci 0000:00:16.6:   PREFETCH window: 0x000000e6100000-0x000000e61fffff
[    0.732176] pci 0000:00:16.7: PCI bridge, secondary bus 0000:12
[    0.732178] pci 0000:00:16.7:   IO window: disabled
[    0.732200] pci 0000:00:16.7:   MEM window: 0xfb700000-0xfb7fffff
[    0.732215] pci 0000:00:16.7:   PREFETCH window: 0x000000e5d00000-0x000000e5dfffff
[    0.732249] pci 0000:00:17.0: PCI bridge, secondary bus 0000:13
[    0.732258] pci 0000:00:17.0:   IO window: 0x6000-0x6fff
[    0.732280] pci 0000:00:17.0:   MEM window: 0xfd200000-0xfd2fffff
[    0.732295] pci 0000:00:17.0:   PREFETCH window: 0x000000e7800000-0x000000e78fffff
[    0.732330] pci 0000:00:17.1: PCI bridge, secondary bus 0000:14
[    0.732339] pci 0000:00:17.1:   IO window: 0xa000-0xafff
[    0.732361] pci 0000:00:17.1:   MEM window: 0xfce00000-0xfcefffff
[    0.732376] pci 0000:00:17.1:   PREFETCH window: 0x000000e7400000-0x000000e74fffff
[    0.732410] pci 0000:00:17.2: PCI bridge, secondary bus 0000:15
[    0.732419] pci 0000:00:17.2:   IO window: 0xe000-0xefff
[    0.732441] pci 0000:00:17.2:   MEM window: 0xfca00000-0xfcafffff
[    0.732456] pci 0000:00:17.2:   PREFETCH window: 0x000000e7000000-0x000000e70fffff
[    0.732490] pci 0000:00:17.3: PCI bridge, secondary bus 0000:16
[    0.732491] pci 0000:00:17.3:   IO window: disabled
[    0.732513] pci 0000:00:17.3:   MEM window: 0xfc600000-0xfc6fffff
[    0.732529] pci 0000:00:17.3:   PREFETCH window: 0x000000e6c00000-0x000000e6cfffff
[    0.732562] pci 0000:00:17.4: PCI bridge, secondary bus 0000:17
[    0.732563] pci 0000:00:17.4:   IO window: disabled
[    0.732586] pci 0000:00:17.4:   MEM window: 0xfc200000-0xfc2fffff
[    0.732601] pci 0000:00:17.4:   PREFETCH window: 0x000000e6800000-0x000000e68fffff
[    0.732635] pci 0000:00:17.5: PCI bridge, secondary bus 0000:18
[    0.732636] pci 0000:00:17.5:   IO window: disabled
[    0.732658] pci 0000:00:17.5:   MEM window: 0xfbe00000-0xfbefffff
[    0.732673] pci 0000:00:17.5:   PREFETCH window: 0x000000e6400000-0x000000e64fffff
[    0.732729] pci 0000:00:17.6: PCI bridge, secondary bus 0000:19
[    0.732730] pci 0000:00:17.6:   IO window: disabled
[    0.732762] pci 0000:00:17.6:   MEM window: 0xfba00000-0xfbafffff
[    0.732777] pci 0000:00:17.6:   PREFETCH window: 0x000000e6000000-0x000000e60fffff
[    0.732811] pci 0000:00:17.7: PCI bridge, secondary bus 0000:1a
[    0.732812] pci 0000:00:17.7:   IO window: disabled
[    0.732835] pci 0000:00:17.7:   MEM window: 0xfb600000-0xfb6fffff
[    0.732850] pci 0000:00:17.7:   PREFETCH window: 0x000000e5c00000-0x000000e5cfffff
[    0.732884] pci 0000:00:18.0: PCI bridge, secondary bus 0000:1b
[    0.732893] pci 0000:00:18.0:   IO window: 0x7000-0x7fff
[    0.732915] pci 0000:00:18.0:   MEM window: 0xfd100000-0xfd1fffff
[    0.732930] pci 0000:00:18.0:   PREFETCH window: 0x000000e7700000-0x000000e77fffff
[    0.732964] pci 0000:00:18.1: PCI bridge, secondary bus 0000:1c
[    0.732973] pci 0000:00:18.1:   IO window: 0xb000-0xbfff
[    0.732995] pci 0000:00:18.1:   MEM window: 0xfcd00000-0xfcdfffff
[    0.733010] pci 0000:00:18.1:   PREFETCH window: 0x000000e7300000-0x000000e73fffff
[    0.733044] pci 0000:00:18.2: PCI bridge, secondary bus 0000:1d
[    0.733045] pci 0000:00:18.2:   IO window: disabled
[    0.733067] pci 0000:00:18.2:   MEM window: 0xfc900000-0xfc9fffff
[    0.733083] pci 0000:00:18.2:   PREFETCH window: 0x000000e6f00000-0x000000e6ffffff
[    0.733116] pci 0000:00:18.3: PCI bridge, secondary bus 0000:1e
[    0.733117] pci 0000:00:18.3:   IO window: disabled
[    0.733140] pci 0000:00:18.3:   MEM window: 0xfc500000-0xfc5fffff
[    0.733155] pci 0000:00:18.3:   PREFETCH window: 0x000000e6b00000-0x000000e6bfffff
[    0.733189] pci 0000:00:18.4: PCI bridge, secondary bus 0000:1f
[    0.733190] pci 0000:00:18.4:   IO window: disabled
[    0.733212] pci 0000:00:18.4:   MEM window: 0xfc100000-0xfc1fffff
[    0.733227] pci 0000:00:18.4:   PREFETCH window: 0x000000e6700000-0x000000e67fffff
[    0.733261] pci 0000:00:18.5: PCI bridge, secondary bus 0000:20
[    0.733262] pci 0000:00:18.5:   IO window: disabled
[    0.733284] pci 0000:00:18.5:   MEM window: 0xfbd00000-0xfbdfffff
[    0.733300] pci 0000:00:18.5:   PREFETCH window: 0x000000e6300000-0x000000e63fffff
[    0.733333] pci 0000:00:18.6: PCI bridge, secondary bus 0000:21
[    0.733335] pci 0000:00:18.6:   IO window: disabled
[    0.733357] pci 0000:00:18.6:   MEM window: 0xfb900000-0xfb9fffff
[    0.733372] pci 0000:00:18.6:   PREFETCH window: 0x000000e5f00000-0x000000e5ffffff
[    0.733406] pci 0000:00:18.7: PCI bridge, secondary bus 0000:22
[    0.733407] pci 0000:00:18.7:   IO window: disabled
[    0.733429] pci 0000:00:18.7:   MEM window: 0xfb500000-0xfb5fffff
[    0.733444] pci 0000:00:18.7:   PREFETCH window: 0x000000e5b00000-0x000000e5bfffff
[    0.733504] pci 0000:00:01.0: setting latency timer to 64
[    0.733577] pci 0000:00:15.0: setting latency timer to 64
[    0.733628] pci 0000:00:15.1: setting latency timer to 64
[    0.733678] pci 0000:00:15.2: setting latency timer to 64
[    0.733758] pci 0000:00:15.3: setting latency timer to 64
[    0.733808] pci 0000:00:15.4: setting latency timer to 64
[    0.733858] pci 0000:00:15.5: setting latency timer to 64
[    0.733907] pci 0000:00:15.6: setting latency timer to 64
[    0.733958] pci 0000:00:15.7: setting latency timer to 64
[    0.734007] pci 0000:00:16.0: setting latency timer to 64
[    0.734057] pci 0000:00:16.1: setting latency timer to 64
[    0.734107] pci 0000:00:16.2: setting latency timer to 64
[    0.734157] pci 0000:00:16.3: setting latency timer to 64
[    0.734207] pci 0000:00:16.4: setting latency timer to 64
[    0.734257] pci 0000:00:16.5: setting latency timer to 64
[    0.734307] pci 0000:00:16.6: setting latency timer to 64
[    0.734357] pci 0000:00:16.7: setting latency timer to 64
[    0.734407] pci 0000:00:17.0: setting latency timer to 64
[    0.734457] pci 0000:00:17.1: setting latency timer to 64
[    0.734508] pci 0000:00:17.2: setting latency timer to 64
[    0.734558] pci 0000:00:17.3: setting latency timer to 64
[    0.734608] pci 0000:00:17.4: setting latency timer to 64
[    0.734657] pci 0000:00:17.5: setting latency timer to 64
[    0.734733] pci 0000:00:17.6: setting latency timer to 64
[    0.734792] pci 0000:00:17.7: setting latency timer to 64
[    0.734842] pci 0000:00:18.0: setting latency timer to 64
[    0.734902] pci 0000:00:18.1: setting latency timer to 64
[    0.734958] pci 0000:00:18.2: setting latency timer to 64
[    0.735035] pci 0000:00:18.3: setting latency timer to 64
[    0.735087] pci 0000:00:18.4: setting latency timer to 64
[    0.735138] pci 0000:00:18.5: setting latency timer to 64
[    0.735189] pci 0000:00:18.6: setting latency timer to 64
[    0.735241] pci 0000:00:18.7: setting latency timer to 64
[    0.735250] pci_bus 0000:00: resource 0 io:  [0x00-0xffff]
[    0.735252] pci_bus 0000:00: resource 1 mem: [0x000000-0xffffffff]
[    0.735253] pci_bus 0000:02: resource 0 io:  [0x2000-0x3fff]
[    0.735255] pci_bus 0000:02: resource 1 mem: [0xfd500000-0xfdffffff]
[    0.735256] pci_bus 0000:02: resource 2 pref mem [0xe7b00000-0xe7ffffff]
[    0.735258] pci_bus 0000:02: resource 3 io:  [0x00-0xffff]
[    0.735259] pci_bus 0000:02: resource 4 mem: [0x000000-0xffffffff]
[    0.735261] pci_bus 0000:03: resource 0 io:  [0x4000-0x4fff]
[    0.735262] pci_bus 0000:03: resource 1 mem: [0xfd400000-0xfd4fffff]
[    0.735263] pci_bus 0000:03: resource 2 pref mem [0xe7a00000-0xe7afffff]
[    0.735265] pci_bus 0000:04: resource 0 io:  [0x8000-0x8fff]
[    0.735266] pci_bus 0000:04: resource 1 mem: [0xfd000000-0xfd0fffff]
[    0.735267] pci_bus 0000:04: resource 2 pref mem [0xe7600000-0xe76fffff]
[    0.735269] pci_bus 0000:05: resource 0 io:  [0xc000-0xcfff]
[    0.735270] pci_bus 0000:05: resource 1 mem: [0xfcc00000-0xfccfffff]
[    0.735271] pci_bus 0000:05: resource 2 pref mem [0xe7200000-0xe72fffff]
[    0.735273] pci_bus 0000:06: resource 1 mem: [0xfc800000-0xfc8fffff]
[    0.735274] pci_bus 0000:06: resource 2 pref mem [0xe6e00000-0xe6efffff]
[    0.735275] pci_bus 0000:07: resource 1 mem: [0xfc400000-0xfc4fffff]
[    0.735277] pci_bus 0000:07: resource 2 pref mem [0xe6a00000-0xe6afffff]
[    0.735278] pci_bus 0000:08: resource 1 mem: [0xfc000000-0xfc0fffff]
[    0.735279] pci_bus 0000:08: resource 2 pref mem [0xe6600000-0xe66fffff]
[    0.735281] pci_bus 0000:09: resource 1 mem: [0xfbc00000-0xfbcfffff]
[    0.735282] pci_bus 0000:09: resource 2 pref mem [0xe6200000-0xe62fffff]
[    0.735283] pci_bus 0000:0a: resource 1 mem: [0xfb800000-0xfb8fffff]
[    0.735285] pci_bus 0000:0a: resource 2 pref mem [0xe5e00000-0xe5efffff]
[    0.735286] pci_bus 0000:0b: resource 0 io:  [0x5000-0x5fff]
[    0.735287] pci_bus 0000:0b: resource 1 mem: [0xfd300000-0xfd3fffff]
[    0.735289] pci_bus 0000:0b: resource 2 pref mem [0xe7900000-0xe79fffff]
[    0.735290] pci_bus 0000:0c: resource 0 io:  [0x9000-0x9fff]
[    0.735291] pci_bus 0000:0c: resource 1 mem: [0xfcf00000-0xfcffffff]
[    0.735293] pci_bus 0000:0c: resource 2 pref mem [0xe7500000-0xe75fffff]
[    0.735294] pci_bus 0000:0d: resource 0 io:  [0xd000-0xdfff]
[    0.735295] pci_bus 0000:0d: resource 1 mem: [0xfcb00000-0xfcbfffff]
[    0.735297] pci_bus 0000:0d: resource 2 pref mem [0xe7100000-0xe71fffff]
[    0.735298] pci_bus 0000:0e: resource 1 mem: [0xfc700000-0xfc7fffff]
[    0.735299] pci_bus 0000:0e: resource 2 pref mem [0xe6d00000-0xe6dfffff]
[    0.735301] pci_bus 0000:0f: resource 1 mem: [0xfc300000-0xfc3fffff]
[    0.735302] pci_bus 0000:0f: resource 2 pref mem [0xe6900000-0xe69fffff]
[    0.735303] pci_bus 0000:10: resource 1 mem: [0xfbf00000-0xfbffffff]
[    0.735305] pci_bus 0000:10: resource 2 pref mem [0xe6500000-0xe65fffff]
[    0.735306] pci_bus 0000:11: resource 1 mem: [0xfbb00000-0xfbbfffff]
[    0.735307] pci_bus 0000:11: resource 2 pref mem [0xe6100000-0xe61fffff]
[    0.735309] pci_bus 0000:12: resource 1 mem: [0xfb700000-0xfb7fffff]
[    0.735310] pci_bus 0000:12: resource 2 pref mem [0xe5d00000-0xe5dfffff]
[    0.735311] pci_bus 0000:13: resource 0 io:  [0x6000-0x6fff]
[    0.735313] pci_bus 0000:13: resource 1 mem: [0xfd200000-0xfd2fffff]
[    0.735314] pci_bus 0000:13: resource 2 pref mem [0xe7800000-0xe78fffff]
[    0.735315] pci_bus 0000:14: resource 0 io:  [0xa000-0xafff]
[    0.735317] pci_bus 0000:14: resource 1 mem: [0xfce00000-0xfcefffff]
[    0.735318] pci_bus 0000:14: resource 2 pref mem [0xe7400000-0xe74fffff]
[    0.735319] pci_bus 0000:15: resource 0 io:  [0xe000-0xefff]
[    0.735321] pci_bus 0000:15: resource 1 mem: [0xfca00000-0xfcafffff]
[    0.735322] pci_bus 0000:15: resource 2 pref mem [0xe7000000-0xe70fffff]
[    0.735323] pci_bus 0000:16: resource 1 mem: [0xfc600000-0xfc6fffff]
[    0.735325] pci_bus 0000:16: resource 2 pref mem [0xe6c00000-0xe6cfffff]
[    0.735326] pci_bus 0000:17: resource 1 mem: [0xfc200000-0xfc2fffff]
[    0.735327] pci_bus 0000:17: resource 2 pref mem [0xe6800000-0xe68fffff]
[    0.735329] pci_bus 0000:18: resource 1 mem: [0xfbe00000-0xfbefffff]
[    0.735330] pci_bus 0000:18: resource 2 pref mem [0xe6400000-0xe64fffff]
[    0.735331] pci_bus 0000:19: resource 1 mem: [0xfba00000-0xfbafffff]
[    0.735333] pci_bus 0000:19: resource 2 pref mem [0xe6000000-0xe60fffff]
[    0.735334] pci_bus 0000:1a: resource 1 mem: [0xfb600000-0xfb6fffff]
[    0.735335] pci_bus 0000:1a: resource 2 pref mem [0xe5c00000-0xe5cfffff]
[    0.735337] pci_bus 0000:1b: resource 0 io:  [0x7000-0x7fff]
[    0.735338] pci_bus 0000:1b: resource 1 mem: [0xfd100000-0xfd1fffff]
[    0.735339] pci_bus 0000:1b: resource 2 pref mem [0xe7700000-0xe77fffff]
[    0.735341] pci_bus 0000:1c: resource 0 io:  [0xb000-0xbfff]
[    0.735342] pci_bus 0000:1c: resource 1 mem: [0xfcd00000-0xfcdfffff]
[    0.735343] pci_bus 0000:1c: resource 2 pref mem [0xe7300000-0xe73fffff]
[    0.735345] pci_bus 0000:1d: resource 1 mem: [0xfc900000-0xfc9fffff]
[    0.735346] pci_bus 0000:1d: resource 2 pref mem [0xe6f00000-0xe6ffffff]
[    0.735347] pci_bus 0000:1e: resource 1 mem: [0xfc500000-0xfc5fffff]
[    0.735349] pci_bus 0000:1e: resource 2 pref mem [0xe6b00000-0xe6bfffff]
[    0.735350] pci_bus 0000:1f: resource 1 mem: [0xfc100000-0xfc1fffff]
[    0.735351] pci_bus 0000:1f: resource 2 pref mem [0xe6700000-0xe67fffff]
[    0.735353] pci_bus 0000:20: resource 1 mem: [0xfbd00000-0xfbdfffff]
[    0.735354] pci_bus 0000:20: resource 2 pref mem [0xe6300000-0xe63fffff]
[    0.735356] pci_bus 0000:21: resource 1 mem: [0xfb900000-0xfb9fffff]
[    0.735357] pci_bus 0000:21: resource 2 pref mem [0xe5f00000-0xe5ffffff]
[    0.735358] pci_bus 0000:22: resource 1 mem: [0xfb500000-0xfb5fffff]
[    0.735360] pci_bus 0000:22: resource 2 pref mem [0xe5b00000-0xe5bfffff]
[    0.735380] NET: Registered protocol family 2
[    0.735436] IP route cache hash table entries: 32768 (order: 5, 131072 bytes)
[    0.735987] TCP established hash table entries: 131072 (order: 8, 1048576 bytes)
[    0.738881] TCP bind hash table entries: 65536 (order: 7, 524288 bytes)
[    0.740563] TCP: Hash tables configured (established 131072 bind 65536)
[    0.740567] TCP reno registered
[    0.740671] NET: Registered protocol family 1
[    0.740702] pci 0000:00:00.0: Limiting direct PCI/PCI transfers
[    0.740722] pci 0000:00:0f.0: Boot video device
[    0.741086] Simple Boot Flag at 0x36 set to 0x1
[    0.741178] cpufreq-nforce2: No nForce2 chipset.
[    0.741191] Scanning for low memory corruption every 60 seconds
[    0.741257] audit: initializing netlink socket (disabled)
[    0.741263] type=2000 audit(1459346852.624:1): initialized
[    0.745437] Trying to unpack rootfs image as initramfs...
[    0.750883] highmem bounce pool size: 64 pages
[    0.750903] HugeTLB registered 4 MB page size, pre-allocated 0 pages
[    0.754714] VFS: Disk quotas dquot_6.5.2
[    0.754777] Dquot-cache hash table entries: 1024 (order 0, 4096 bytes)
[    0.755444] fuse init (API version 7.13)
[    0.755503] msgmni has been set to 1715
[    0.758839] alg: No test for stdrng (krng)
[    0.758875] Block layer SCSI generic (bsg) driver version 0.4 loaded (major 253)
[    0.758877] io scheduler noop registered
[    0.758878] io scheduler anticipatory registered
[    0.758879] io scheduler deadline registered
[    0.758897] io scheduler cfq registered (default)
[    0.759528]   alloc irq_desc for 24 on node -1
[    0.759529]   alloc kstat_irqs on node -1
[    0.759569] pcieport 0000:00:15.0: irq 24 for MSI/MSI-X
[    0.759615] pcieport 0000:00:15.0: setting latency timer to 64
[    0.760427]   alloc irq_desc for 25 on node -1
[    0.760429]   alloc kstat_irqs on node -1
[    0.760467] pcieport 0000:00:15.1: irq 25 for MSI/MSI-X
[    0.760512] pcieport 0000:00:15.1: setting latency timer to 64
[    0.761341]   alloc irq_desc for 26 on node -1
[    0.761342]   alloc kstat_irqs on node -1
[    0.761380] pcieport 0000:00:15.2: irq 26 for MSI/MSI-X
[    0.761425] pcieport 0000:00:15.2: setting latency timer to 64
[    0.762251]   alloc irq_desc for 27 on node -1
[    0.762253]   alloc kstat_irqs on node -1
[    0.762292] pcieport 0000:00:15.3: irq 27 for MSI/MSI-X
[    0.762335] pcieport 0000:00:15.3: setting latency timer to 64
[    0.767195]   alloc irq_desc for 28 on node -1
[    0.767197]   alloc kstat_irqs on node -1
[    0.767237] pcieport 0000:00:15.4: irq 28 for MSI/MSI-X
[    0.767291] pcieport 0000:00:15.4: setting latency timer to 64
[    0.768117]   alloc irq_desc for 29 on node -1
[    0.768118]   alloc kstat_irqs on node -1
[    0.768155] pcieport 0000:00:15.5: irq 29 for MSI/MSI-X
[    0.768199] pcieport 0000:00:15.5: setting latency timer to 64
[    0.769092]   alloc irq_desc for 30 on node -1
[    0.769094]   alloc kstat_irqs on node -1
[    0.769133] pcieport 0000:00:15.6: irq 30 for MSI/MSI-X
[    0.769178] pcieport 0000:00:15.6: setting latency timer to 64
[    0.770013]   alloc irq_desc for 31 on node -1
[    0.770015]   alloc kstat_irqs on node -1
[    0.770053] pcieport 0000:00:15.7: irq 31 for MSI/MSI-X
[    0.770098] pcieport 0000:00:15.7: setting latency timer to 64
[    0.774714]   alloc irq_desc for 32 on node -1
[    0.774716]   alloc kstat_irqs on node -1
[    0.774755] pcieport 0000:00:16.0: irq 32 for MSI/MSI-X
[    0.774801] pcieport 0000:00:16.0: setting latency timer to 64
[    0.775599]   alloc irq_desc for 33 on node -1
[    0.775600]   alloc kstat_irqs on node -1
[    0.775659] pcieport 0000:00:16.1: irq 33 for MSI/MSI-X
[    0.775712] pcieport 0000:00:16.1: setting latency timer to 64
[    0.776495]   alloc irq_desc for 34 on node -1
[    0.776496]   alloc kstat_irqs on node -1
[    0.776534] pcieport 0000:00:16.2: irq 34 for MSI/MSI-X
[    0.776577] pcieport 0000:00:16.2: setting latency timer to 64
[    0.777392]   alloc irq_desc for 35 on node -1
[    0.777393]   alloc kstat_irqs on node -1
[    0.777430] pcieport 0000:00:16.3: irq 35 for MSI/MSI-X
[    0.777473] pcieport 0000:00:16.3: setting latency timer to 64
[    0.778285]   alloc irq_desc for 36 on node -1
[    0.778286]   alloc kstat_irqs on node -1
[    0.778323] pcieport 0000:00:16.4: irq 36 for MSI/MSI-X
[    0.778366] pcieport 0000:00:16.4: setting latency timer to 64
[    0.783166]   alloc irq_desc for 37 on node -1
[    0.783168]   alloc kstat_irqs on node -1
[    0.783207] pcieport 0000:00:16.5: irq 37 for MSI/MSI-X
[    0.783252] pcieport 0000:00:16.5: setting latency timer to 64
[    0.784096]   alloc irq_desc for 38 on node -1
[    0.784097]   alloc kstat_irqs on node -1
[    0.784136] pcieport 0000:00:16.6: irq 38 for MSI/MSI-X
[    0.784181] pcieport 0000:00:16.6: setting latency timer to 64
[    0.784997]   alloc irq_desc for 39 on node -1
[    0.784998]   alloc kstat_irqs on node -1
[    0.785036] pcieport 0000:00:16.7: irq 39 for MSI/MSI-X
[    0.785081] pcieport 0000:00:16.7: setting latency timer to 64
[    0.785901]   alloc irq_desc for 40 on node -1
[    0.785902]   alloc kstat_irqs on node -1
[    0.785940] pcieport 0000:00:17.0: irq 40 for MSI/MSI-X
[    0.785985] pcieport 0000:00:17.0: setting latency timer to 64
[    0.790671]   alloc irq_desc for 41 on node -1
[    0.790673]   alloc kstat_irqs on node -1
[    0.790713] pcieport 0000:00:17.1: irq 41 for MSI/MSI-X
[    0.790759] pcieport 0000:00:17.1: setting latency timer to 64
[    0.791591]   alloc irq_desc for 42 on node -1
[    0.791592]   alloc kstat_irqs on node -1
[    0.791630] pcieport 0000:00:17.2: irq 42 for MSI/MSI-X
[    0.791675] pcieport 0000:00:17.2: setting latency timer to 64
[    0.792516]   alloc irq_desc for 43 on node -1
[    0.792518]   alloc kstat_irqs on node -1
[    0.792557] pcieport 0000:00:17.3: irq 43 for MSI/MSI-X
[    0.792602] pcieport 0000:00:17.3: setting latency timer to 64
[    0.793626]   alloc irq_desc for 44 on node -1
[    0.793628]   alloc kstat_irqs on node -1
[    0.793666] pcieport 0000:00:17.4: irq 44 for MSI/MSI-X
[    0.793712] pcieport 0000:00:17.4: setting latency timer to 64
[    0.794599]   alloc irq_desc for 45 on node -1
[    0.794600]   alloc kstat_irqs on node -1
[    0.794651] pcieport 0000:00:17.5: irq 45 for MSI/MSI-X
[    0.794695] pcieport 0000:00:17.5: setting latency timer to 64
[    0.799598]   alloc irq_desc for 46 on node -1
[    0.799601]   alloc kstat_irqs on node -1
[    0.799650] pcieport 0000:00:17.6: irq 46 for MSI/MSI-X
[    0.799695] pcieport 0000:00:17.6: setting latency timer to 64
[    0.800537]   alloc irq_desc for 47 on node -1
[    0.800539]   alloc kstat_irqs on node -1
[    0.800578] pcieport 0000:00:17.7: irq 47 for MSI/MSI-X
[    0.800621] pcieport 0000:00:17.7: setting latency timer to 64
[    0.801436]   alloc irq_desc for 48 on node -1
[    0.801437]   alloc kstat_irqs on node -1
[    0.801475] pcieport 0000:00:18.0: irq 48 for MSI/MSI-X
[    0.801518] pcieport 0000:00:18.0: setting latency timer to 64
[    0.802376]   alloc irq_desc for 49 on node -1
[    0.802378]   alloc kstat_irqs on node -1
[    0.802415] pcieport 0000:00:18.1: irq 49 for MSI/MSI-X
[    0.802458] pcieport 0000:00:18.1: setting latency timer to 64
[    0.807152]   alloc irq_desc for 50 on node -1
[    0.807154]   alloc kstat_irqs on node -1
[    0.807193] pcieport 0000:00:18.2: irq 50 for MSI/MSI-X
[    0.807237] pcieport 0000:00:18.2: setting latency timer to 64
[    0.808033]   alloc irq_desc for 51 on node -1
[    0.808054]   alloc kstat_irqs on node -1
[    0.808105] pcieport 0000:00:18.3: irq 51 for MSI/MSI-X
[    0.808149] pcieport 0000:00:18.3: setting latency timer to 64
[    0.808932]   alloc irq_desc for 52 on node -1
[    0.808933]   alloc kstat_irqs on node -1
[    0.808971] pcieport 0000:00:18.4: irq 52 for MSI/MSI-X
[    0.809014] pcieport 0000:00:18.4: setting latency timer to 64
[    0.809826]   alloc irq_desc for 53 on node -1
[    0.809828]   alloc kstat_irqs on node -1
[    0.809865] pcieport 0000:00:18.5: irq 53 for MSI/MSI-X
[    0.809908] pcieport 0000:00:18.5: setting latency timer to 64
[    0.814632]   alloc irq_desc for 54 on node -1
[    0.814634]   alloc kstat_irqs on node -1
[    0.814674] pcieport 0000:00:18.6: irq 54 for MSI/MSI-X
[    0.814719] pcieport 0000:00:18.6: setting latency timer to 64
[    0.815547]   alloc irq_desc for 55 on node -1
[    0.815548]   alloc kstat_irqs on node -1
[    0.815586] pcieport 0000:00:18.7: irq 55 for MSI/MSI-X
[    0.815629] pcieport 0000:00:18.7: setting latency timer to 64
[    0.815966] pci_hotplug: PCI Hot Plug PCI Core version: 0.5
[    0.822607] pciehp 0000:00:15.0:pcie04: HPC vendor_id 15ad device_id 7a0 ss_vid 0 ss_did 0
[    0.822791] pciehp 0000:00:15.0:pcie04: service driver pciehp loaded
[    0.822915] pciehp 0000:00:15.1:pcie04: HPC vendor_id 15ad device_id 7a0 ss_vid 0 ss_did 0
[    0.823089] pciehp 0000:00:15.1:pcie04: service driver pciehp loaded
[    0.823187] pciehp 0000:00:15.2:pcie04: HPC vendor_id 15ad device_id 7a0 ss_vid 0 ss_did 0
[    0.823364] pciehp 0000:00:15.2:pcie04: service driver pciehp loaded
[    0.823465] pciehp 0000:00:15.3:pcie04: HPC vendor_id 15ad device_id 7a0 ss_vid 0 ss_did 0
[    0.823629] pciehp 0000:00:15.3:pcie04: service driver pciehp loaded
[    0.823731] pciehp 0000:00:15.4:pcie04: HPC vendor_id 15ad device_id 7a0 ss_vid 0 ss_did 0
[    0.823928] pciehp 0000:00:15.4:pcie04: service driver pciehp loaded
[    0.824033] pciehp 0000:00:15.5:pcie04: HPC vendor_id 15ad device_id 7a0 ss_vid 0 ss_did 0
[    0.824199] pciehp 0000:00:15.5:pcie04: service driver pciehp loaded
[    0.824302] pciehp 0000:00:15.6:pcie04: HPC vendor_id 15ad device_id 7a0 ss_vid 0 ss_did 0
[    0.824488] pciehp 0000:00:15.6:pcie04: service driver pciehp loaded
[    0.824587] pciehp 0000:00:15.7:pcie04: HPC vendor_id 15ad device_id 7a0 ss_vid 0 ss_did 0
[    0.824749] pciehp 0000:00:15.7:pcie04: service driver pciehp loaded
[    0.824855] pciehp 0000:00:16.0:pcie04: HPC vendor_id 15ad device_id 7a0 ss_vid 0 ss_did 0
[    0.825048] pciehp 0000:00:16.0:pcie04: service driver pciehp loaded
[    0.825146] pciehp 0000:00:16.1:pcie04: HPC vendor_id 15ad device_id 7a0 ss_vid 0 ss_did 0
[    0.825317] pciehp 0000:00:16.1:pcie04: service driver pciehp loaded
[    0.825414] pciehp 0000:00:16.2:pcie04: HPC vendor_id 15ad device_id 7a0 ss_vid 0 ss_did 0
[    0.825571] pciehp 0000:00:16.2:pcie04: service driver pciehp loaded
[    0.825669] pciehp 0000:00:16.3:pcie04: HPC vendor_id 15ad device_id 7a0 ss_vid 0 ss_did 0
[    0.825825] pciehp 0000:00:16.3:pcie04: service driver pciehp loaded
[    0.825948] pciehp 0000:00:16.4:pcie04: HPC vendor_id 15ad device_id 7a0 ss_vid 0 ss_did 0
[    0.826105] pciehp 0000:00:16.4:pcie04: service driver pciehp loaded
[    0.826200] pciehp 0000:00:16.5:pcie04: HPC vendor_id 15ad device_id 7a0 ss_vid 0 ss_did 0
[    0.826357] pciehp 0000:00:16.5:pcie04: service driver pciehp loaded
[    0.826453] pciehp 0000:00:16.6:pcie04: HPC vendor_id 15ad device_id 7a0 ss_vid 0 ss_did 0
[    0.830620] pciehp 0000:00:16.6:pcie04: service driver pciehp loaded
[    0.830729] pciehp 0000:00:16.7:pcie04: HPC vendor_id 15ad device_id 7a0 ss_vid 0 ss_did 0
[    0.830982] pciehp 0000:00:16.7:pcie04: service driver pciehp loaded
[    0.831105] pciehp 0000:00:17.0:pcie04: HPC vendor_id 15ad device_id 7a0 ss_vid 0 ss_did 0
[    0.831330] pciehp 0000:00:17.0:pcie04: service driver pciehp loaded
[    0.831441] pciehp 0000:00:17.1:pcie04: HPC vendor_id 15ad device_id 7a0 ss_vid 0 ss_did 0
[    0.831615] pciehp 0000:00:17.1:pcie04: service driver pciehp loaded
[    0.831715] pciehp 0000:00:17.2:pcie04: HPC vendor_id 15ad device_id 7a0 ss_vid 0 ss_did 0
[    0.831901] pciehp 0000:00:17.2:pcie04: service driver pciehp loaded
[    0.831999] pciehp 0000:00:17.3:pcie04: HPC vendor_id 15ad device_id 7a0 ss_vid 0 ss_did 0
[    0.832157] pciehp 0000:00:17.3:pcie04: service driver pciehp loaded
[    0.832254] pciehp 0000:00:17.4:pcie04: HPC vendor_id 15ad device_id 7a0 ss_vid 0 ss_did 0
[    0.832413] pciehp 0000:00:17.4:pcie04: service driver pciehp loaded
[    0.832510] pciehp 0000:00:17.5:pcie04: HPC vendor_id 15ad device_id 7a0 ss_vid 0 ss_did 0
[    0.832686] pciehp 0000:00:17.5:pcie04: service driver pciehp loaded
[    0.832783] pciehp 0000:00:17.6:pcie04: HPC vendor_id 15ad device_id 7a0 ss_vid 0 ss_did 0
[    0.833017] pciehp 0000:00:17.6:pcie04: service driver pciehp loaded
[    0.833117] pciehp 0000:00:17.7:pcie04: HPC vendor_id 15ad device_id 7a0 ss_vid 0 ss_did 0
[    0.833333] pciehp 0000:00:17.7:pcie04: service driver pciehp loaded
[    0.833436] pciehp 0000:00:18.0:pcie04: HPC vendor_id 15ad device_id 7a0 ss_vid 0 ss_did 0
[    0.833599] pciehp 0000:00:18.0:pcie04: service driver pciehp loaded
[    0.833699] pciehp 0000:00:18.1:pcie04: HPC vendor_id 15ad device_id 7a0 ss_vid 0 ss_did 0
[    0.833894] pciehp 0000:00:18.1:pcie04: service driver pciehp loaded
[    0.833991] pciehp 0000:00:18.2:pcie04: HPC vendor_id 15ad device_id 7a0 ss_vid 0 ss_did 0
[    0.834150] pciehp 0000:00:18.2:pcie04: service driver pciehp loaded
[    0.834246] pciehp 0000:00:18.3:pcie04: HPC vendor_id 15ad device_id 7a0 ss_vid 0 ss_did 0
[    0.834421] pciehp 0000:00:18.3:pcie04: service driver pciehp loaded
[    0.834518] pciehp 0000:00:18.4:pcie04: HPC vendor_id 15ad device_id 7a0 ss_vid 0 ss_did 0
[    0.838648] pciehp 0000:00:18.4:pcie04: service driver pciehp loaded
[    0.838759] pciehp 0000:00:18.5:pcie04: HPC vendor_id 15ad device_id 7a0 ss_vid 0 ss_did 0
[    0.838981] pciehp 0000:00:18.5:pcie04: service driver pciehp loaded
[    0.839082] pciehp 0000:00:18.6:pcie04: HPC vendor_id 15ad device_id 7a0 ss_vid 0 ss_did 0
[    0.839244] pciehp 0000:00:18.6:pcie04: service driver pciehp loaded
[    0.839342] pciehp 0000:00:18.7:pcie04: HPC vendor_id 15ad device_id 7a0 ss_vid 0 ss_did 0
[    0.839500] pciehp 0000:00:18.7:pcie04: service driver pciehp loaded
[    0.839506] pciehp: PCI Express Hot Plug Controller Driver version: 0.4
[    0.839806] ACPI: AC Adapter [ACAD] (on-line)
[    0.839874] input: Power Button as /devices/LNXSYSTM:00/LNXPWRBN:00/input/input0
[    0.839876] ACPI: Power Button [PWRF]
[    0.841172] processor LNXCPU:00: registered as cooling_device0
[    0.968100] Serial: 8250/16550 driver, 4 ports, IRQ sharing enabled
[    0.968498] serial8250: ttyS0 at I/O 0x3f8 (irq = 4) is a 16550A
[    0.969032] 00:09: ttyS0 at I/O 0x3f8 (irq = 4) is a 16550A
[    0.970028] brd: module loaded
[    0.970069] loop: module loaded
[    0.974388] isapnp: Scanning for PnP cards...
[    0.980011] input: Macintosh mouse button emulation as /devices/virtual/input/input1
[    0.980069] ata_piix 0000:00:07.1: version 2.13
[    0.980479] scsi0 : ata_piix
[    0.982359] scsi1 : ata_piix
[    0.982403] ata1: PATA max UDMA/33 cmd 0x1f0 ctl 0x3f6 bmdma 0x1060 irq 14
[    0.982405] ata2: PATA max UDMA/33 cmd 0x170 ctl 0x376 bmdma 0x1068 irq 15
[    0.982633] Fixed MDIO Bus: probed
[    0.982661] PPP generic driver version 2.4.2
[    0.982699] tun: Universal TUN/TAP device driver, 1.6
[    0.982700] tun: (C) 1999-2004 Max Krasnyansky <maxk@qualcomm.com>
[    0.982769] ehci_hcd: USB 2.0 'Enhanced' Host Controller (EHCI) Driver
[    0.982794]   alloc irq_desc for 17 on node -1
[    0.982795]   alloc kstat_irqs on node -1
[    0.982800] ehci_hcd 0000:02:03.0: PCI INT A -> GSI 17 (level, low) -> IRQ 17
[    0.982848] ehci_hcd 0000:02:03.0: EHCI Host Controller
[    0.982882] ehci_hcd 0000:02:03.0: new USB bus registered, assigned bus number 1
[    0.983061] ehci_hcd 0000:02:03.0: cache line size of 32 is not supported
[    0.983077] ehci_hcd 0000:02:03.0: irq 17, io mem 0xfd5ff000
[    1.026918] ehci_hcd 0000:02:03.0: USB 2.0 started, EHCI 1.00
[    1.027033] usb usb1: configuration #1 chosen from 1 choice
[    1.027048] hub 1-0:1.0: USB hub found
[    1.027065] hub 1-0:1.0: 6 ports detected
[    1.027145] ohci_hcd: USB 1.1 'Open' Host Controller (OHCI) Driver
[    1.027166] uhci_hcd: USB Universal Host Controller Interface driver
[    1.027221]   alloc irq_desc for 18 on node -1
[    1.027223]   alloc kstat_irqs on node -1
[    1.027229] uhci_hcd 0000:02:00.0: PCI INT A -> GSI 18 (level, low) -> IRQ 18
[    1.027277] uhci_hcd 0000:02:00.0: UHCI Host Controller
[    1.027323] uhci_hcd 0000:02:00.0: new USB bus registered, assigned bus number 2
[    1.027520] uhci_hcd 0000:02:00.0: irq 18, io base 0x000020c0
[    1.027666] usb usb2: configuration #1 chosen from 1 choice
[    1.027677] hub 2-0:1.0: USB hub found
[    1.027694] hub 2-0:1.0: 2 ports detected
[    1.027816] PNP: PS/2 Controller [PNP0303:KBC,PNP0f13:MOUS] at 0x60,0x64 irq 1,12
[    1.028458] serio: i8042 KBD port at 0x60,0x64 irq 1
[    1.028464] serio: i8042 AUX port at 0x60,0x64 irq 12
[    1.028556] mice: PS/2 mouse device common for all mice
[    1.028757] rtc_cmos 00:04: rtc core: registered rtc_cmos as rtc0
[    1.028808] rtc0: alarms up to one month, y3k, 114 bytes nvram, hpet irqs
[    1.028932] device-mapper: uevent: version 1.0.3
[    1.031037] input: AT Translated Set 2 keyboard as /devices/platform/i8042/serio0/input/input2
[    1.034459] device-mapper: ioctl: 4.15.0-ioctl (2009-04-01) initialised: dm-devel@redhat.com
[    1.034891] device-mapper: multipath: version 1.1.0 loaded
[    1.034893] device-mapper: multipath round-robin: version 1.0.0 loaded
[    1.034994] EISA: Probing bus 0 at eisa.0
[    1.035016] Cannot allocate resource for EISA slot 1
[    1.035018] Cannot allocate resource for EISA slot 2
[    1.035019] Cannot allocate resource for EISA slot 3
[    1.035020] Cannot allocate resource for EISA slot 4
[    1.035022] Cannot allocate resource for EISA slot 5
[    1.035023] Cannot allocate resource for EISA slot 6
[    1.035024] Cannot allocate resource for EISA slot 7
[    1.035025] Cannot allocate resource for EISA slot 8
[    1.035026] EISA: Detected 0 cards.
[    1.038356] cpuidle: using governor ladder
[    1.038358] cpuidle: using governor menu
[    1.038641] TCP cubic registered
[    1.038720] NET: Registered protocol family 10
[    1.039077] lo: Disabled Privacy Extensions
[    1.039226] NET: Registered protocol family 17
[    1.039257] Using IPI No-Shortcut mode
[    1.039321] PM: Resume from disk failed.
[    1.039369] registered taskstats version 1
[    1.044668]   Magic number: 8:784:132
[    1.044708] acpi device:07: hash matches
[    1.064589] rtc_cmos 00:04: setting system clock to 2016-03-30 14:07:33 UTC (1459346853)
[    1.064592] BIOS EDD facility v0.16 2004-Jun-25, 0 devices found
[    1.064593] EDD information not available.
[    1.145990] Freeing initrd memory: 7798k freed
[    1.429192] isapnp: No Plug & Play device found
[    1.429213] usb 2-1: new full speed USB device using uhci_hcd and address 2
[    1.429231] Freeing unused kernel memory: 656k freed
[    1.429274] Write protecting the kernel text: 4676k
[    1.429305] Write protecting the kernel read-only data: 1840k
[    1.436058] udev: starting version 151
[    1.456191] VMware vmxnet3 virtual NIC driver - version 1.0.5.0-k-NAPI
[    1.483337] VMware PVSCSI driver - version 1.0.1.0-k
[    1.502718] ahci 0000:02:05.0: version 3.0
[    1.502761]   alloc irq_desc for 19 on node -1
[    1.502764]   alloc kstat_irqs on node -1
[    1.502774] ahci 0000:02:05.0: PCI INT A -> GSI 19 (level, low) -> IRQ 19
[    1.502817]   alloc irq_desc for 56 on node -1
[    1.502818]   alloc kstat_irqs on node -1
[    1.502858] ahci 0000:02:05.0: irq 56 for MSI/MSI-X
[    1.502901] ahci 0000:02:05.0: AHCI 0001.0300 32 slots 30 ports 6 Gbps 0x3fffffff impl SATA mode
[    1.502904] ahci 0000:02:05.0: flags: 64bit ncq clo only 
[    1.503261] Floppy drive(s): fd0 is 1.44M
[    1.503518] Fusion MPT base driver 3.04.12
[    1.503519] Copyright (c) 1999-2008 LSI Corporation
[    1.511043] scsi2 : ahci
[    1.517748] FDC 0 is a post-1991 82077
[    1.518255] scsi3 : ahci
[    1.518798] VMware vmxnet virtual NIC driver
[    1.518837] Fusion MPT SPI Host driver 3.04.12
[    1.518874] mptspi 0000:00:10.0: PCI INT A -> GSI 17 (level, low) -> IRQ 17
[    1.519140] scsi4 : ahci
[    1.519668] scsi5 : ahci
[    1.519800] mptbase: ioc0: Initiating bringup
[    1.520015] scsi6 : ahci
[    1.520355] scsi7 : ahci
[    1.521604] scsi8 : ahci
[    1.521720] scsi9 : ahci
[    1.521776] scsi10 : ahci
[    1.521827] scsi11 : ahci
[    1.521902] scsi12 : ahci
[    1.521960] scsi13 : ahci
[    1.522006] scsi14 : ahci
[    1.522051] scsi15 : ahci
[    1.522097] scsi16 : ahci
[    1.522142] scsi17 : ahci
[    1.522188] scsi18 : ahci
[    1.522233] scsi19 : ahci
[    1.522278] scsi20 : ahci
[    1.522321] scsi21 : ahci
[    1.522367] scsi22 : ahci
[    1.522411] scsi23 : ahci
[    1.522457] scsi24 : ahci
[    1.522503] scsi25 : ahci
[    1.522548] scsi26 : ahci
[    1.522596] scsi27 : ahci
[    1.522641] scsi28 : ahci
[    1.522688] scsi29 : ahci
[    1.522737] scsi30 : ahci
[    1.522782] scsi31 : ahci
[    1.522817] ata3: SATA max UDMA/133 abar m4096@0xfd5fe000 port 0xfd5fe100 irq 56
[    1.522819] ata4: SATA max UDMA/133 abar m4096@0xfd5fe000 port 0xfd5fe180 irq 56
[    1.522820] ata5: SATA max UDMA/133 abar m4096@0xfd5fe000 port 0xfd5fe200 irq 56
[    1.522821] ata6: SATA max UDMA/133 abar m4096@0xfd5fe000 port 0xfd5fe280 irq 56
[    1.522823] ata7: SATA max UDMA/133 abar m4096@0xfd5fe000 port 0xfd5fe300 irq 56
[    1.522824] ata8: SATA max UDMA/133 abar m4096@0xfd5fe000 port 0xfd5fe380 irq 56
[    1.522826] ata9: SATA max UDMA/133 abar m4096@0xfd5fe000 port 0xfd5fe400 irq 56
[    1.522827] ata10: SATA max UDMA/133 abar m4096@0xfd5fe000 port 0xfd5fe480 irq 56
[    1.522829] ata11: SATA max UDMA/133 abar m4096@0xfd5fe000 port 0xfd5fe500 irq 56
[    1.522830] ata12: SATA max UDMA/133 abar m4096@0xfd5fe000 port 0xfd5fe580 irq 56
[    1.522832] ata13: SATA max UDMA/133 abar m4096@0xfd5fe000 port 0xfd5fe600 irq 56
[    1.522833] ata14: SATA max UDMA/133 abar m4096@0xfd5fe000 port 0xfd5fe680 irq 56
[    1.522835] ata15: SATA max UDMA/133 abar m4096@0xfd5fe000 port 0xfd5fe700 irq 56
[    1.522836] ata16: SATA max UDMA/133 abar m4096@0xfd5fe000 port 0xfd5fe780 irq 56
[    1.522837] ata17: SATA max UDMA/133 abar m4096@0xfd5fe000 port 0xfd5fe800 irq 56
[    1.522839] ata18: SATA max UDMA/133 abar m4096@0xfd5fe000 port 0xfd5fe880 irq 56
[    1.522840] ata19: SATA max UDMA/133 abar m4096@0xfd5fe000 port 0xfd5fe900 irq 56
[    1.522841] ata20: SATA max UDMA/133 abar m4096@0xfd5fe000 port 0xfd5fe980 irq 56
[    1.522843] ata21: SATA max UDMA/133 abar m4096@0xfd5fe000 port 0xfd5fea00 irq 56
[    1.522845] ata22: SATA max UDMA/133 abar m4096@0xfd5fe000 port 0xfd5fea80 irq 56
[    1.522846] ata23: SATA max UDMA/133 abar m4096@0xfd5fe000 port 0xfd5feb00 irq 56
[    1.522847] ata24: SATA max UDMA/133 abar m4096@0xfd5fe000 port 0xfd5feb80 irq 56
[    1.522848] ata25: SATA max UDMA/133 abar m4096@0xfd5fe000 port 0xfd5fec00 irq 56
[    1.522850] ata26: SATA max UDMA/133 abar m4096@0xfd5fe000 port 0xfd5fec80 irq 56
[    1.522851] ata27: SATA max UDMA/133 abar m4096@0xfd5fe000 port 0xfd5fed00 irq 56
[    1.522852] ata28: SATA max UDMA/133 abar m4096@0xfd5fe000 port 0xfd5fed80 irq 56
[    1.522854] ata29: SATA max UDMA/133 abar m4096@0xfd5fe000 port 0xfd5fee00 irq 56
[    1.522855] ata30: SATA max UDMA/133 abar m4096@0xfd5fe000 port 0xfd5fee80 irq 56
[    1.522857] ata31: SATA max UDMA/133 abar m4096@0xfd5fe000 port 0xfd5fef00 irq 56
[    1.522858] ata32: SATA max UDMA/133 abar m4096@0xfd5fe000 port 0xfd5fef80 irq 56
[    1.523045] vmxnet 0000:02:01.0: PCI INT A -> GSI 19 (level, low) -> IRQ 19
[    1.523088] Found vmxnet/PCI at 0x2024, irq 19.
[    1.523130] features:
[    1.523137] numRxBuffers = 100, numRxBuffers2 = 1
[    1.558447] usb 2-1: configuration #1 chosen from 1 choice
[    1.589475] ioc0: LSI53C1030 B0: Capabilities={Initiator}
[    1.669337] usb 2-2: new full speed USB device using uhci_hcd and address 3
[    1.749272] scsi32 : ioc0: LSI53C1030 B0, FwRev=01032920h, Ports=1, MaxQ=128, IRQ=17
[    1.797984] usb 2-2: configuration #1 chosen from 1 choice
[    1.798908] hub 2-2:1.0: USB hub found
[    1.801148] hub 2-2:1.0: 7 ports detected
[    1.841144] ata15: SATA link down (SStatus 0 SControl 300)
[    1.841204] ata23: SATA link down (SStatus 0 SControl 300)
[    1.841283] ata13: SATA link down (SStatus 0 SControl 300)
[    1.841297] ata21: SATA link down (SStatus 0 SControl 300)
[    1.841307] ata12: SATA link down (SStatus 0 SControl 300)
[    1.841315] ata11: SATA link down (SStatus 0 SControl 300)
[    1.841324] ata28: SATA link down (SStatus 0 SControl 300)
[    1.841333] ata5: SATA link down (SStatus 0 SControl 300)
[    1.841343] ata10: SATA link down (SStatus 0 SControl 300)
[    1.841352] ata32: SATA link down (SStatus 0 SControl 300)
[    1.841361] ata17: SATA link down (SStatus 0 SControl 300)
[    1.841370] ata19: SATA link down (SStatus 0 SControl 300)
[    1.841379] ata29: SATA link down (SStatus 0 SControl 300)
[    1.841388] ata26: SATA link down (SStatus 0 SControl 300)
[    1.841397] ata9: SATA link down (SStatus 0 SControl 300)
[    1.841406] ata31: SATA link down (SStatus 0 SControl 300)
[    1.841415] ata20: SATA link down (SStatus 0 SControl 300)
[    1.841423] ata24: SATA link down (SStatus 0 SControl 300)
[    1.841432] ata30: SATA link down (SStatus 0 SControl 300)
[    1.841441] ata8: SATA link down (SStatus 0 SControl 300)
[    1.841450] ata14: SATA link down (SStatus 0 SControl 300)
[    1.841459] ata16: SATA link down (SStatus 0 SControl 300)
[    1.841468] ata25: SATA link down (SStatus 0 SControl 300)
[    1.841477] ata7: SATA link down (SStatus 0 SControl 300)
[    1.841486] ata27: SATA link down (SStatus 0 SControl 300)
[    1.841495] ata3: SATA link down (SStatus 0 SControl 300)
[    1.841546] ata4: SATA link up 6.0 Gbps (SStatus 133 SControl 300)
[    1.841588] ata4.00: ATAPI: VMware Virtual SATA CDRW Drive, 00000001, max UDMA/33
[    1.841631] ata4.00: configured for UDMA/33
[    1.841688] ata18: SATA link down (SStatus 0 SControl 300)
[    1.841706] ata6: SATA link down (SStatus 0 SControl 300)
[    1.841721] ata22: SATA link down (SStatus 0 SControl 300)
[    1.841882] scsi 3:0:0:0: CD-ROM            NECVMWar VMware SATA CD01 1.00 PQ: 0 ANSI: 5
[    1.842635] sr0: scsi3-mmc drive: 24x/24x writer dvd-ram cd/rw xa/form2 cdda tray
[    1.842638] Uniform CD-ROM driver Revision: 3.20
[    1.842704] sr 3:0:0:0: Attached scsi CD-ROM sr0
[    1.842740] sr 3:0:0:0: Attached scsi generic sg0 type 5
[    1.845493] usbcore: registered new interface driver hiddev
[    1.846143] input: VMware VMware Virtual USB Mouse as /devices/pci0000:00/0000:00:11.0/0000:02:00.0/usb2/2-1/2-1:1.0/input/input3
[    1.846199] generic-usb 0003:0E0F:0003.0001: input,hidraw0: USB HID v1.10 Mouse [VMware VMware Virtual USB Mouse] on usb-0000:02:00.0-1/input0
[    1.846212] usbcore: registered new interface driver usbhid
[    1.846214] usbhid: v2.6:USB HID core driver
[    1.847118] pcnet32.c:v1.35 21.Apr.2008 tsbogend@alpha.franken.de
[    1.861411] scsi 32:0:0:0: Direct-Access     VMware,  VMware Virtual S 1.0  PQ: 0 ANSI: 2
[    1.861439] scsi target32:0:0: Beginning Domain Validation
[    1.861481] scsi target32:0:0: Domain Validation skipping write tests
[    1.861484] scsi target32:0:0: Ending Domain Validation
[    1.861500] scsi target32:0:0: FAST-40 WIDE SCSI 80.0 MB/s ST (25 ns, offset 127)
[    1.861864] sd 32:0:0:0: [sda] 41943040 512-byte logical blocks: (21.4 GB/20.0 GiB)
[    1.861884] sd 32:0:0:0: [sda] Write Protect is off
[    1.861885] sd 32:0:0:0: [sda] Mode Sense: 61 00 00 00
[    1.861928] sd 32:0:0:0: [sda] Cache data unavailable
[    1.861930] sd 32:0:0:0: [sda] Assuming drive cache: write through
[    1.861972] sd 32:0:0:0: [sda] Cache data unavailable
[    1.861975] sd 32:0:0:0: [sda] Assuming drive cache: write through
[    1.861977]  sda:
[    1.862142] sd 32:0:0:0: Attached scsi generic sg1 type 0
[    1.862743]  sda1 sda2 < sda5 >
[    1.863040] sd 32:0:0:0: [sda] Cache data unavailable
[    1.863042] sd 32:0:0:0: [sda] Assuming drive cache: write through
[    1.863044] sd 32:0:0:0: [sda] Attached SCSI disk
[    1.878974] EXT4-fs (sda1): INFO: recovery required on readonly filesystem
[    1.878977] EXT4-fs (sda1): write access will be enabled during recovery
[    1.893086] EXT4-fs (sda1): orphan cleanup on readonly fs
[    1.893092] EXT4-fs (sda1): ext4_orphan_cleanup: deleting unreferenced inode 1067813
[    1.893260] EXT4-fs (sda1): ext4_orphan_cleanup: deleting unreferenced inode 1066196
[    1.893269] EXT4-fs (sda1): ext4_orphan_cleanup: deleting unreferenced inode 268445
[    1.893275] EXT4-fs (sda1): ext4_orphan_cleanup: deleting unreferenced inode 268441
[    1.893280] EXT4-fs (sda1): ext4_orphan_cleanup: deleting unreferenced inode 268439
[    1.893284] EXT4-fs (sda1): 5 orphan inodes deleted
[    1.893286] EXT4-fs (sda1): recovery complete
[    1.894844] EXT4-fs (sda1): mounted filesystem with ordered data mode
[    2.500370] Adding 916472k swap on /dev/sda5.  Priority:-1 extents:1 across:916472k 
[    2.529795] udev: starting version 151
[    2.573773] vga16fb: initializing
[    2.573776] vga16fb: mapped to 0xc00a0000
[    2.573828] fb0: VGA16 VGA frame buffer device
[    2.574297] [410]: VMCI: shared components initialized.
[    2.574310] Probing for vmci/PCI.
[    2.574333]   alloc irq_desc for 16 on node -1
[    2.574334]   alloc kstat_irqs on node -1
[    2.574341] vmci 0000:00:07.7: PCI INT A -> GSI 16 (level, low) -> IRQ 16
[    2.574369] Found vmci/PCI at 0x1080, irq 16.
[    2.574391] VMCI: using capabilities 0xc.
[    2.574434] [410]: VMCI: Host capability check passed.
[    2.574527]   alloc irq_desc for 57 on node -1
[    2.574528]   alloc kstat_irqs on node -1
[    2.574568] vmci 0000:00:07.7: irq 57 for MSI/MSI-X
[    2.574570]   alloc irq_desc for 58 on node -1
[    2.574571]   alloc kstat_irqs on node -1
[    2.574601] vmci 0000:00:07.7: irq 58 for MSI/MSI-X
[    2.574694] Registered vmci device.
[    2.574748] [410]: VMCI: Using guest personality
[    2.574751] [410]: VMCI: host components initialized.
[    2.574801] [410]: VMCI: Module registered (name=vmci, major=10, minor=55).
[    2.574802] [410]: VMCI: Using host personality
[    2.574804] [410]: VMCI: Module (name=vmci) is initialized
[    2.576319] lp: driver loaded but no devices found
[    2.580518] piix4_smbus 0000:00:07.3: Host SMBus controller not enabled!
[    2.582054] shpchp: Standard Hot Plug PCI Controller Driver version: 0.4
[    2.600041] Linux agpgart interface v0.103
[    2.600220] agpgart-intel 0000:00:00.0: Intel 440BX Chipset
[    2.600381] agpgart-intel 0000:00:00.0: AGP aperture is 256M @ 0x0
[    2.604795] udev: renamed network interface eth0 to eth2
[    2.708971] type=1505 audit(1459346855.145:2):  operation="profile_load" pid=509 name="/sbin/dhclient3"
[    2.709064] type=1505 audit(1459346855.145:3):  operation="profile_load" pid=509 name="/usr/lib/NetworkManager/nm-dhcp-client.action"
[    2.709156] type=1505 audit(1459346855.145:4):  operation="profile_load" pid=509 name="/usr/lib/connman/scripts/dhclient-script"
[    2.823774] psmouse serio1: ID: 10 00 64
[    2.823871] input: ImPS/2 Generic Wheel Mouse as /devices/platform/i8042/serio1/input/input4
[    2.889669] ENS1371 0000:02:02.0: PCI INT A -> GSI 16 (level, low) -> IRQ 16
[    2.967436] Console: switching to colour frame buffer device 80x30
[    3.196358] type=1505 audit(1459346855.633:5):  operation="profile_load" pid=900 name="/usr/share/gdm/guest-session/Xsession"
[    3.196723] type=1505 audit(1459346855.633:6):  operation="profile_replace" pid=901 name="/sbin/dhclient3"
[    3.196781] type=1505 audit(1459346855.633:7):  operation="profile_replace" pid=901 name="/usr/lib/NetworkManager/nm-dhcp-client.action"
[    3.196840] type=1505 audit(1459346855.633:8):  operation="profile_replace" pid=901 name="/usr/lib/connman/scripts/dhclient-script"
[    3.203160] type=1505 audit(1459346855.641:9):  operation="profile_load" pid=902 name="/usr/bin/evince"
[    3.207935] type=1505 audit(1459346855.645:10):  operation="profile_load" pid=902 name="/usr/bin/evince-previewer"
[    3.983136] acpiphp: ACPI Hot Plug PCI Controller Driver version: 0.5
[    3.983196] acpiphp: Slot [32] registered
[    3.983642] acpiphp: Slot [33] registered
[    3.983989] acpiphp: Slot [34] registered
[    3.984340] acpiphp: Slot [35] registered
[    3.984671] acpiphp: Slot [36] registered
[    3.985004] acpiphp: Slot [37] registered
[    3.985330] acpiphp: Slot [38] registered
[    3.985636] acpiphp: Slot [39] registered
[    3.986414] acpiphp: Slot [40] registered
[    3.986745] acpiphp: Slot [41] registered
[    3.987146] acpiphp: Slot [42] registered
[    3.987508] acpiphp: Slot [43] registered
[    3.987860] acpiphp: Slot [44] registered
[    3.988208] acpiphp: Slot [45] registered
[    3.988521] acpiphp: Slot [46] registered
[    3.988828] acpiphp: Slot [47] registered
[    3.989137] acpiphp: Slot [48] registered
[    3.989151] acpiphp: Slot [49] registered
[    3.989151] acpiphp: Slot [50] registered
[    3.991117] acpiphp: Slot [51] registered
[    3.991617] acpiphp: Slot [52] registered
[    3.992236] acpiphp: Slot [53] registered
[    3.992624] acpiphp: Slot [54] registered
[    3.993050] acpiphp: Slot [55] registered
[    3.994281] acpiphp: Slot [56] registered
[    3.995645] acpiphp: Slot [57] registered
[    3.996101] acpiphp: Slot [58] registered
[    3.996432] acpiphp: Slot [59] registered
[    3.996697] acpiphp: Slot [60] registered
[    3.997001] acpiphp: Slot [61] registered
[    3.997261] acpiphp: Slot [62] registered
[    3.997518] acpiphp: Slot [63] registered
[    3.998003] acpiphp_glue: Slot 160 already registered by another hotplug driver
[    3.998023] acpiphp_glue: Slot 192 already registered by another hotplug driver
[    3.998041] acpiphp_glue: Slot 224 already registered by another hotplug driver
[    3.998059] acpiphp_glue: Slot 256 already registered by another hotplug driver
[    3.998093] acpiphp_glue: Slot 161 already registered by another hotplug driver
[    3.998109] acpiphp_glue: Slot 162 already registered by another hotplug driver
[    3.998125] acpiphp_glue: Slot 163 already registered by another hotplug driver
[    3.998141] acpiphp_glue: Slot 164 already registered by another hotplug driver
[    3.998157] acpiphp_glue: Slot 165 already registered by another hotplug driver
[    3.998172] acpiphp_glue: Slot 166 already registered by another hotplug driver
[    3.998188] acpiphp_glue: Slot 167 already registered by another hotplug driver
[    3.998203] acpiphp_glue: Slot 193 already registered by another hotplug driver
[    3.998219] acpiphp_glue: Slot 194 already registered by another hotplug driver
[    3.998235] acpiphp_glue: Slot 195 already registered by another hotplug driver
[    3.998250] acpiphp_glue: Slot 196 already registered by another hotplug driver
[    3.998266] acpiphp_glue: Slot 197 already registered by another hotplug driver
[    3.998281] acpiphp_glue: Slot 198 already registered by another hotplug driver
[    3.998299] acpiphp_glue: Slot 199 already registered by another hotplug driver
[    3.998330] acpiphp_glue: Slot 225 already registered by another hotplug driver
[    3.998351] acpiphp_glue: Slot 226 already registered by another hotplug driver
[    3.998372] acpiphp_glue: Slot 227 already registered by another hotplug driver
[    3.998394] acpiphp_glue: Slot 228 already registered by another hotplug driver
[    3.998416] acpiphp_glue: Slot 229 already registered by another hotplug driver
[    3.998432] acpiphp_glue: Slot 230 already registered by another hotplug driver
[    3.998447] acpiphp_glue: Slot 231 already registered by another hotplug driver
[    3.998462] acpiphp_glue: Slot 257 already registered by another hotplug driver
[    3.998477] acpiphp_glue: Slot 258 already registered by another hotplug driver
[    3.998494] acpiphp_glue: Slot 259 already registered by another hotplug driver
[    3.998509] acpiphp_glue: Slot 260 already registered by another hotplug driver
[    3.998524] acpiphp_glue: Slot 261 already registered by another hotplug driver
[    3.998539] acpiphp_glue: Slot 262 already registered by another hotplug driver
[    3.998554] acpiphp_glue: Slot 263 already registered by another hotplug driver
[    4.234173] vmmemctl: started kernel thread pid=1191
[    4.234184] VMware memory control driver initialized
[    4.372376] NET: Registered protocol family 36
[    4.461397] ppdev: user-space parallel port driver
[    5.415617] end_request: I/O error, dev fd0, sector 0
[    5.435581] end_request: I/O error, dev fd0, sector 0
[   14.095135] eth2: no IPv6 routers present
[   42.373036] [RLC][rlc_pkt_receive_from_upper] A packet has dropped, 1 packets dropped
[   42.417021] [RLC][rlc_pkt_receive_from_upper] A packet has dropped, 2 packets dropped
[   42.623824] [RLC][rlc_pkt_receive_from_upper] A packet has dropped, 3 packets dropped
[   42.874635] [RLC][rlc_pkt_receive_from_upper] A packet has dropped, 4 packets dropped
[   43.074500] [RLC][rlc_pkt_receive_from_upper] A packet has dropped, 5 packets dropped
